Component: ARM Compiler 5.06 update 1 (build 61) Tool: armlink [4d35a8]

==============================================================================

Section Cross References

    usbd_desc.o(i.USBD_HID_ConfigStrDescriptor) refers to usbd_ctlreq.o(i.USBD_GetString) for USBD_GetString
    usbd_desc.o(i.USBD_HID_ConfigStrDescriptor) refers to usbd_desc.o(.bss) for .bss
    usbd_desc.o(i.USBD_HID_DeviceDescriptor) refers to usbd_desc.o(.data) for .data
    usbd_desc.o(i.USBD_HID_InterfaceStrDescriptor) refers to usbd_ctlreq.o(i.USBD_GetString) for USBD_GetString
    usbd_desc.o(i.USBD_HID_InterfaceStrDescriptor) refers to usbd_desc.o(.bss) for .bss
    usbd_desc.o(i.USBD_HID_LangIDStrDescriptor) refers to usbd_desc.o(.data) for .data
    usbd_desc.o(i.USBD_HID_ManufacturerStrDescriptor) refers to usbd_ctlreq.o(i.USBD_GetString) for USBD_GetString
    usbd_desc.o(i.USBD_HID_ManufacturerStrDescriptor) refers to usbd_desc.o(.bss) for .bss
    usbd_desc.o(i.USBD_HID_ProductStrDescriptor) refers to usbd_ctlreq.o(i.USBD_GetString) for USBD_GetString
    usbd_desc.o(i.USBD_HID_ProductStrDescriptor) refers to usbd_desc.o(.bss) for .bss
    usbd_desc.o(i.USBD_HID_SerialStrDescriptor) refers to usbd_desc.o(i.IntToUnicode) for IntToUnicode
    usbd_desc.o(i.USBD_HID_SerialStrDescriptor) refers to usbd_desc.o(.data) for .data
    usbd_desc.o(.data) refers to usbd_desc.o(i.USBD_HID_DeviceDescriptor) for USBD_HID_DeviceDescriptor
    usbd_desc.o(.data) refers to usbd_desc.o(i.USBD_HID_LangIDStrDescriptor) for USBD_HID_LangIDStrDescriptor
    usbd_desc.o(.data) refers to usbd_desc.o(i.USBD_HID_ManufacturerStrDescriptor) for USBD_HID_ManufacturerStrDescriptor
    usbd_desc.o(.data) refers to usbd_desc.o(i.USBD_HID_ProductStrDescriptor) for USBD_HID_ProductStrDescriptor
    usbd_desc.o(.data) refers to usbd_desc.o(i.USBD_HID_SerialStrDescriptor) for USBD_HID_SerialStrDescriptor
    usbd_desc.o(.data) refers to usbd_desc.o(i.USBD_HID_ConfigStrDescriptor) for USBD_HID_ConfigStrDescriptor
    usbd_desc.o(.data) refers to usbd_desc.o(i.USBD_HID_InterfaceStrDescriptor) for USBD_HID_InterfaceStrDescriptor
    usbd_conf.o(i.HAL_GPIO_EXTI_Callback) refers to usbd_conf.o(i.SystemClockConfig_STOP) for SystemClockConfig_STOP
    usbd_conf.o(i.HAL_GPIO_EXTI_Callback) refers to stm32f4xx_hal_pcd.o(i.HAL_PCD_ActivateRemoteWakeup) for HAL_PCD_ActivateRemoteWakeup
    usbd_conf.o(i.HAL_GPIO_EXTI_Callback) refers to stm32f4xx_hal.o(i.HAL_Delay) for HAL_Delay
    usbd_conf.o(i.HAL_GPIO_EXTI_Callback) refers to stm32f4xx_hal_pcd.o(i.HAL_PCD_DeActivateRemoteWakeup) for HAL_PCD_DeActivateRemoteWakeup
    usbd_conf.o(i.HAL_GPIO_EXTI_Callback) refers to usbd_conf.o(.bss) for .bss
    usbd_conf.o(i.HAL_GPIO_EXTI_Callback) refers to usbd_conf.o(.data) for .data
    usbd_conf.o(i.HAL_PCD_ConnectCallback) refers to usbd_core.o(i.USBD_LL_DevConnected) for USBD_LL_DevConnected
    usbd_conf.o(i.HAL_PCD_DataInStageCallback) refers to usbd_core.o(i.USBD_LL_DataInStage) for USBD_LL_DataInStage
    usbd_conf.o(i.HAL_PCD_DataOutStageCallback) refers to usbd_core.o(i.USBD_LL_DataOutStage) for USBD_LL_DataOutStage
    usbd_conf.o(i.HAL_PCD_DisconnectCallback) refers to usbd_core.o(i.USBD_LL_DevDisconnected) for USBD_LL_DevDisconnected
    usbd_conf.o(i.HAL_PCD_ISOINIncompleteCallback) refers to usbd_core.o(i.USBD_LL_IsoINIncomplete) for USBD_LL_IsoINIncomplete
    usbd_conf.o(i.HAL_PCD_ISOOUTIncompleteCallback) refers to usbd_core.o(i.USBD_LL_IsoOUTIncomplete) for USBD_LL_IsoOUTIncomplete
    usbd_conf.o(i.HAL_PCD_MspInit) refers to stm32f4xx_hal_gpio.o(i.HAL_GPIO_Init) for HAL_GPIO_Init
    usbd_conf.o(i.HAL_PCD_MspInit) refers to stm32f4xx_hal_cortex.o(i.HAL_NVIC_SetPriority) for HAL_NVIC_SetPriority
    usbd_conf.o(i.HAL_PCD_MspInit) refers to stm32f4xx_hal_cortex.o(i.HAL_NVIC_EnableIRQ) for HAL_NVIC_EnableIRQ
    usbd_conf.o(i.HAL_PCD_ResetCallback) refers to usbd_core.o(i.USBD_LL_Reset) for USBD_LL_Reset
    usbd_conf.o(i.HAL_PCD_ResetCallback) refers to usbd_core.o(i.USBD_LL_SetSpeed) for USBD_LL_SetSpeed
    usbd_conf.o(i.HAL_PCD_ResumeCallback) refers to usbd_conf.o(i.SystemClockConfig_STOP) for SystemClockConfig_STOP
    usbd_conf.o(i.HAL_PCD_ResumeCallback) refers to usbd_core.o(i.USBD_LL_Resume) for USBD_LL_Resume
    usbd_conf.o(i.HAL_PCD_ResumeCallback) refers to usbd_conf.o(.data) for .data
    usbd_conf.o(i.HAL_PCD_SOFCallback) refers to usbd_core.o(i.USBD_LL_SOF) for USBD_LL_SOF
    usbd_conf.o(i.HAL_PCD_SetupStageCallback) refers to usbd_core.o(i.USBD_LL_SetupStage) for USBD_LL_SetupStage
    usbd_conf.o(i.HAL_PCD_SuspendCallback) refers to usbd_core.o(i.USBD_LL_Suspend) for USBD_LL_Suspend
    usbd_conf.o(i.USBD_LL_ClearStallEP) refers to stm32f4xx_hal_pcd.o(i.HAL_PCD_EP_ClrStall) for HAL_PCD_EP_ClrStall
    usbd_conf.o(i.USBD_LL_CloseEP) refers to stm32f4xx_hal_pcd.o(i.HAL_PCD_EP_Close) for HAL_PCD_EP_Close
    usbd_conf.o(i.USBD_LL_DeInit) refers to stm32f4xx_hal_pcd.o(i.HAL_PCD_DeInit) for HAL_PCD_DeInit
[...]
    Removing stm32f4xx_hal_cortex.o(i.HAL_NVIC_GetPendingIRQ), (32 bytes).
    Removing stm32f4xx_hal_cortex.o(i.HAL_NVIC_GetPriority), (82 bytes).
    Removing stm32f4xx_hal_cortex.o(i.HAL_NVIC_GetPriorityGrouping), (16 bytes).
    Removing stm32f4xx_hal_cortex.o(i.HAL_NVIC_SetPendingIRQ), (22 bytes).
    Removing stm32f4xx_hal_cortex.o(i.HAL_NVIC_SystemReset), (36 bytes).
    Removing stm32f4xx_hal_cortex.o(i.HAL_SYSTICK_CLKSourceConfig), (24 bytes).
    Removing stm32f4xx_hal_cortex.o(i.HAL_SYSTICK_Callback), (2 bytes).
    Removing stm32f4xx_hal_cortex.o(i.HAL_SYSTICK_IRQHandler), (8 bytes).
    Removing stm32f4xx_hal_pcd.o(.rev16_text), (4 bytes).
    Removing stm32f4xx_hal_pcd.o(.revsh_text), (4 bytes).
    Removing stm32f4xx_hal_pcd.o(.rrx_text), (6 bytes).
    Removing stm32f4xx_hal_pcd.o(i.HAL_PCD_ConnectCallback), (2 bytes).
    Removing stm32f4xx_hal_pcd.o(i.HAL_PCD_DataInStageCallback), (2 bytes).
    Removing stm32f4xx_hal_pcd.o(i.HAL_PCD_DataOutStageCallback), (2 bytes).
    Removing stm32f4xx_hal_pcd.o(i.HAL_PCD_DeInit), (36 bytes).
    Removing stm32f4xx_hal_pcd.o(i.HAL_PCD_DevConnect), (36 bytes).
    Removing stm32f4xx_hal_pcd.o(i.HAL_PCD_DevDisconnect), (36 bytes).
    Removing stm32f4xx_hal_pcd.o(i.HAL_PCD_DisconnectCallback), (2 bytes).
    Removing stm32f4xx_hal_pcd.o(i.HAL_PCD_EP_Flush), (52 bytes).
    Removing stm32f4xx_hal_pcd.o(i.HAL_PCD_EP_GetRxCount), (20 bytes).
    Removing stm32f4xx_hal_pcd.o(i.HAL_PCD_GetState), (6 bytes).
    Removing stm32f4xx_hal_pcd.o(i.HAL_PCD_ISOINIncompleteCallback), (2 bytes).
    Removing stm32f4xx_hal_pcd.o(i.HAL_PCD_ISOOUTIncompleteCallback), (2 bytes).
    Removing stm32f4xx_hal_pcd.o(i.HAL_PCD_MspDeInit), (2 bytes).
    Removing stm32f4xx_hal_pcd.o(i.HAL_PCD_MspInit), (2 bytes).
    Removing stm32f4xx_hal_pcd.o(i.HAL_PCD_ResetCallback), (2 bytes).
    Removing stm32f4xx_hal_pcd.o(i.HAL_PCD_ResumeCallback), (2 bytes).
    Removing stm32f4xx_hal_pcd.o(i.HAL_PCD_SOFCallback), (2 bytes).
    Removing stm32f4xx_hal_pcd.o(i.HAL_PCD_SetupStageCallback), (2 bytes).
    Removing stm32f4xx_hal_pcd.o(i.HAL_PCD_Stop), (48 bytes).
    Removing stm32f4xx_hal_pcd.o(i.HAL_PCD_SuspendCallback), (2 bytes).
    Removing stm32f4xx_ll_usb.o(.rev16_text), (4 bytes).
    Removing stm32f4xx_ll_usb.o(.revsh_text), (4 bytes).
    Removing stm32f4xx_ll_usb.o(.rrx_text), (6 bytes).
    Removing stm32f4xx_ll_usb.o(i.USB_ActivateDedicatedEndpoint), (216 bytes).
    Removing stm32f4xx_ll_usb.o(i.USB_ClearInterrupts), (8 bytes).
    Removing stm32f4xx_ll_usb.o(i.USB_DeactivateDedicatedEndpoint), (78 bytes).
    Removing stm32f4xx_ll_usb.o(i.USB_DoPing), (64 bytes).
    Removing stm32f4xx_ll_usb.o(i.USB_DriveVbus), (44 bytes).
    Removing stm32f4xx_ll_usb.o(i.USB_GetCurrentFrame), (8 bytes).
    Removing stm32f4xx_ll_usb.o(i.USB_GetHostSpeed), (14 bytes).
    Removing stm32f4xx_ll_usb.o(i.USB_HC_Halt), (376 bytes).
    Removing stm32f4xx_ll_usb.o(i.USB_HC_Init), (234 bytes).
    Removing stm32f4xx_ll_usb.o(i.USB_HC_ReadInterrupt), (12 bytes).
    Removing stm32f4xx_ll_usb.o(i.USB_HC_StartXfer), (392 bytes).
    Removing stm32f4xx_ll_usb.o(i.USB_HostInit), (212 bytes).
    Removing stm32f4xx_ll_usb.o(i.USB_InitFSLSPClkSel), (54 bytes).
    Removing stm32f4xx_ll_usb.o(i.USB_ResetPort), (44 bytes).
    Removing stm32f4xx_ll_usb.o(i.USB_SetDevSpeed), (14 bytes).
    Removing stm32f4xx_ll_usb.o(i.USB_StopDevice), (66 bytes).
    Removing stm32f4xx_ll_usb.o(i.USB_StopHost), (178 bytes).
    Removing stm32f4xx_ll_usb.o(.data), (4 bytes).
    Removing stm32f4xx_hal_uart.o(.rev16_text), (4 bytes).
    Removing stm32f4xx_hal_uart.o(.revsh_text), (4 bytes).
    Removing stm32f4xx_hal_uart.o(.rrx_text), (6 bytes).
    Removing stm32f4xx_hal_uart.o(i.HAL_HalfDuplex_EnableReceiver), (50 bytes).
    Removing stm32f4xx_hal_uart.o(i.HAL_HalfDuplex_EnableTransmitter), (50 bytes).
    Removing stm32f4xx_hal_uart.o(i.HAL_HalfDuplex_Init), (108 bytes).
    Removing stm32f4xx_hal_uart.o(i.HAL_LIN_Init), (128 bytes).
    Removing stm32f4xx_hal_uart.o(i.HAL_LIN_SendBreak), (46 bytes).
    Removing stm32f4xx_hal_uart.o(i.HAL_MultiProcessor_EnterMuteMode), (46 bytes).
    Removing stm32f4xx_hal_uart.o(i.HAL_MultiProcessor_ExitMuteMode), (46 bytes).
    Removing stm32f4xx_hal_uart.o(i.HAL_MultiProcessor_Init), (142 bytes).
    Removing stm32f4xx_hal_uart.o(i.HAL_UART_DMAPause), (66 bytes).
    Removing stm32f4xx_hal_uart.o(i.HAL_UART_DMAResume), (74 bytes).
    Removing stm32f4xx_hal_uart.o(i.HAL_UART_DMAStop), (52 bytes).
    Removing stm32f4xx_hal_uart.o(i.HAL_UART_DeInit), (40 bytes).
    Removing stm32f4xx_hal_uart.o(i.HAL_UART_ErrorCallback), (2 bytes).
    Removing stm32f4xx_hal_uart.o(i.HAL_UART_GetError), (4 bytes).
    Removing stm32f4xx_hal_uart.o(i.HAL_UART_GetState), (10 bytes).
    Removing stm32f4xx_hal_uart.o(i.HAL_UART_IRQHandler), (232 bytes).
    Removing stm32f4xx_hal_uart.o(i.HAL_UART_Init), (98 bytes).
    Removing stm32f4xx_hal_uart.o(i.HAL_UART_MspDeInit), (2 bytes).
    Removing stm32f4xx_hal_uart.o(i.HAL_UART_MspInit), (2 bytes).
    Removing stm32f4xx_hal_uart.o(i.HAL_UART_Receive), (172 bytes).
    Removing stm32f4xx_hal_uart.o(i.HAL_UART_Receive_DMA), (120 bytes).
    Removing stm32f4xx_hal_uart.o(i.HAL_UART_Receive_IT), (88 bytes).
    Removing stm32f4xx_hal_uart.o(i.HAL_UART_RxCpltCallback), (2 bytes).
    Removing stm32f4xx_hal_uart.o(i.HAL_UART_RxHalfCpltCallback), (2 bytes).
    Removing stm32f4xx_hal_uart.o(i.HAL_UART_Transmit), (170 bytes).
    Removing stm32f4xx_hal_uart.o(i.HAL_UART_Transmit_DMA), (124 bytes).
    Removing stm32f4xx_hal_uart.o(i.HAL_UART_Transmit_IT), (62 bytes).
    Removing stm32f4xx_hal_uart.o(i.HAL_UART_TxCpltCallback), (2 bytes).
    Removing stm32f4xx_hal_uart.o(i.HAL_UART_TxHalfCpltCallback), (2 bytes).
    Removing stm32f4xx_hal_uart.o(i.UART_DMAError), (34 bytes).
    Removing stm32f4xx_hal_uart.o(i.UART_DMAReceiveCplt), (40 bytes).
    Removing stm32f4xx_hal_uart.o(i.UART_DMARxHalfCplt), (10 bytes).
    Removing stm32f4xx_hal_uart.o(i.UART_DMATransmitCplt), (46 bytes).
    Removing stm32f4xx_hal_uart.o(i.UART_DMATxHalfCplt), (10 bytes).
    Removing stm32f4xx_hal_uart.o(i.UART_Receive_IT), (150 bytes).
    Removing stm32f4xx_hal_uart.o(i.UART_SetConfig), (684 bytes).
    Removing stm32f4xx_hal_uart.o(i.UART_Transmit_IT), (98 bytes).
    Removing stm32f4xx_hal_uart.o(i.UART_WaitOnFlagUntilTimeout), (150 bytes).

398 unused section(s) (total 25186 bytes) removed from the image.

==============================================================================

Image Symbol Table

    Local Symbols

    Symbol Name                              Value     Ov Type        Size  Object(Section)

    ../clib/../cmprslib/zerorunl2.c          0x00000000   Number         0  __dczerorl2.o ABSOLUTE
    ../clib/microlib/init/entry.s            0x00000000   Number         0  entry7a.o ABSOLUTE
    ../clib/microlib/init/entry.s            0x00000000   Number         0  entry8b.o ABSOLUTE
    ../clib/microlib/init/entry.s            0x00000000   Number         0  entry7b.o ABSOLUTE
    ../clib/microlib/init/entry.s            0x00000000   Number         0  entry.o ABSOLUTE
    ../clib/microlib/init/entry.s            0x00000000   Number         0  entry9b.o ABSOLUTE
    ../clib/microlib/init/entry.s            0x00000000   Number         0  entry2.o ABSOLUTE
    ../clib/microlib/init/entry.s            0x00000000   Number         0  entry8a.o ABSOLUTE
    ../clib/microlib/init/entry.s            0x00000000   Number         0  entry5.o ABSOLUTE
    ../clib/microlib/init/entry.s            0x00000000   Number         0  entry9a.o ABSOLUTE
    ../clib/microlib/init/entry.s            0x00000000   Number         0  entry11b.o ABSOLUTE
    ../clib/microlib/init/entry.s            0x00000000   Number         0  entry11a.o ABSOLUTE
    ../clib/microlib/init/entry.s            0x00000000   Number         0  entry10b.o ABSOLUTE
    ../clib/microlib/init/entry.s            0x00000000   Number         0  entry10a.o ABSOLUTE
    ../clib/microlib/malloc/malloc.c         0x00000000   Number         0  malloc.o ABSOLUTE
    ../clib/microlib/malloc/malloc.c         0x00000000   Number         0  malloca.o ABSOLUTE
    ../clib/microlib/malloc/malloc.c         0x00000000   Number         0  mallocra.o ABSOLUTE
    ../clib/microlib/malloc/malloc.c         0x00000000   Number         0  mallocr.o ABSOLUTE
    ../clib/microlib/malloc/mvars.c          0x00000000   Number         0  mvars.o ABSOLUTE
    ../clib/microlib/string/memcpy.c         0x00000000   Number         0  memcpya.o ABSOLUTE
    ../clib/microlib/string/memcpy.c         0x00000000   Number         0  memcpyb.o ABSOLUTE
    ..\..\..\..\..\..\Drivers\BSP\Components\stmpe1600\stmpe1600.c 0x00000000   Number         0  stmpe1600.o ABSOLUTE
    ..\..\..\..\..\..\Drivers\BSP\STM324x9I_EVAL\stm324x9i_eval.c 0x00000000   Number         0  stm324x9i_eval.o ABSOLUTE
    ..\..\..\..\..\..\Drivers\BSP\STM324x9I_EVAL\stm324x9i_eval_io.c 0x00000000   Number         0  stm324x9i_eval_io.o ABSOLUTE
    ..\..\..\..\..\..\Drivers\STM32F4xx_HAL_Driver\Src\stm32f4xx_hal.c 0x00000000   Number         0  stm32f4xx_hal.o ABSOLUTE
    ..\..\..\..\..\..\Drivers\STM32F4xx_HAL_Driver\Src\stm32f4xx_hal_cortex.c 0x00000000   Number         0  stm32f4xx_hal_cortex.o ABSOLUTE
    ..\..\..\..\..\..\Drivers\STM32F4xx_HAL_Driver\Src\stm32f4xx_hal_dma.c 0x00000000   Number         0  stm32f4xx_hal_dma.o ABSOLUTE
    ..\..\..\..\..\..\Drivers\STM32F4xx_HAL_Driver\Src\stm32f4xx_hal_dma_ex.c 0x00000000   Number         0  stm32f4xx_hal_dma_ex.o ABSOLUTE
    ..\..\..\..\..\..\Drivers\STM32F4xx_HAL_Driver\Src\stm32f4xx_hal_flash.c 0x00000000   Number         0  stm32f4xx_hal_flash.o ABSOLUTE
    ..\..\..\..\..\..\Drivers\STM32F4xx_HAL_Driver\Src\stm32f4xx_hal_flash_ex.c 0x00000000   Number         0  stm32f4xx_hal_flash_ex.o ABSOLUTE
    ..\..\..\..\..\..\Drivers\STM32F4xx_HAL_Driver\Src\stm32f4xx_hal_gpio.c 0x00000000   Number         0  stm32f4xx_hal_gpio.o ABSOLUTE
    ..\..\..\..\..\..\Drivers\STM32F4xx_HAL_Driver\Src\stm32f4xx_hal_i2c.c 0x00000000   Number         0  stm32f4xx_hal_i2c.o ABSOLUTE
    ..\..\..\..\..\..\Drivers\STM32F4xx_HAL_Driver\Src\stm32f4xx_hal_i2c_ex.c 0x00000000   Number         0  stm32f4xx_hal_i2c_ex.o ABSOLUTE
    ..\..\..\..\..\..\Drivers\STM32F4xx_HAL_Driver\Src\stm32f4xx_hal_pcd.c 0x00000000   Number         0  stm32f4xx_hal_pcd.o ABSOLUTE
    ..\..\..\..\..\..\Drivers\STM32F4xx_HAL_Driver\Src\stm32f4xx_hal_pcd_ex.c 0x00000000   Number         0  stm32f4xx_hal_pcd_ex.o ABSOLUTE
    ..\..\..\..\..\..\Drivers\STM32F4xx_HAL_Driver\Src\stm32f4xx_hal_rcc.c 0x00000000   Number         0  stm32f4xx_hal_rcc.o ABSOLUTE
    ..\..\..\..\..\..\Drivers\STM32F4xx_HAL_Driver\Src\stm32f4xx_hal_rcc_ex.c 0x00000000   Number         0  stm32f4xx_hal_rcc_ex.o ABSOLUTE
    ..\..\..\..\..\..\Drivers\STM32F4xx_HAL_Driver\Src\stm32f4xx_hal_uart.c 0x00000000   Number         0  stm32f4xx_hal_uart.o ABSOLUTE
    ..\..\..\..\..\..\Drivers\STM32F4xx_HAL_Driver\Src\stm32f4xx_ll_fmc.c 0x00000000   Number         0  stm32f4xx_ll_fmc.o ABSOLUTE
    ..\..\..\..\..\..\Drivers\STM32F4xx_HAL_Driver\Src\stm32f4xx_ll_usb.c 0x00000000   Number         0  stm32f4xx_ll_usb.o ABSOLUTE
    ..\..\..\..\..\..\Middlewares\ST\STM32_USB_Device_Library\Class\HID\Src\usbd_hid.c 0x00000000   Number         0  usbd_hid.o ABSOLUTE
    ..\..\..\..\..\..\Middlewares\ST\STM32_USB_Device_Library\Core\Src\usbd_core.c 0x00000000   Number         0  usbd_core.o ABSOLUTE
    ..\..\..\..\..\..\Middlewares\ST\STM32_USB_Device_Library\Core\Src\usbd_ctlreq.c 0x00000000   Number         0  usbd_ctlreq.o ABSOLUTE
    ..\..\..\..\..\..\Middlewares\ST\STM32_USB_Device_Library\Core\Src\usbd_ioreq.c 0x00000000   Number         0  usbd_ioreq.o ABSOLUTE
    ..\Src\main.c                            0x00000000   Number         0  main.o ABSOLUTE
    ..\Src\stm32f4xx_it.c                    0x00000000   Number         0  stm32f4xx_it.o ABSOLUTE
    ..\Src\system_stm32f4xx.c                0x00000000   Number         0  system_stm32f4xx.o ABSOLUTE
    ..\Src\usbd_conf.c                       0x00000000   Number         0  usbd_conf.o ABSOLUTE
    ..\Src\usbd_desc.c                       0x00000000   Number         0  usbd_desc.o ABSOLUTE
    ..\\..\\..\\..\\..\\..\\Drivers\\BSP\\STM324x9I_EVAL\\stm324x9i_eval.c 0x00000000   Number         0  stm324x9i_eval.o ABSOLUTE
    ..\\..\\..\\..\\..\\..\\Drivers\\BSP\\STM324x9I_EVAL\\stm324x9i_eval_io.c 0x00000000   Number         0  stm324x9i_eval_io.o ABSOLUTE
    ..\\..\\..\\..\\..\\..\\Drivers\\STM32F4xx_HAL_Driver\\Src\\stm32f4xx_hal.c 0x00000000   Number         0  stm32f4xx_hal.o ABSOLUTE
    ..\\..\\..\\..\\..\\..\\Drivers\\STM32F4xx_HAL_Driver\\Src\\stm32f4xx_hal_cortex.c 0x00000000   Number         0  stm32f4xx_hal_cortex.o ABSOLUTE
    ..\\..\\..\\..\\..\\..\\Drivers\\STM32F4xx_HAL_Driver\\Src\\stm32f4xx_hal_dma.c 0x00000000   Number         0  stm32f4xx_hal_dma.o ABSOLUTE
    ..\\..\\..\\..\\..\\..\\Drivers\\STM32F4xx_HAL_Driver\\Src\\stm32f4xx_hal_dma_ex.c 0x00000000   Number         0  stm32f4xx_hal_dma_ex.o ABSOLUTE
    ..\\..\\..\\..\\..\\..\\Drivers\\STM32F4xx_HAL_Driver\\Src\\stm32f4xx_hal_flash.c 0x00000000   Number         0  stm32f4xx_hal_flash.o ABSOLUTE
    ..\\..\\..\\..\\..\\..\\Drivers\\STM32F4xx_HAL_Driver\\Src\\stm32f4xx_hal_flash_ex.c 0x00000000   Number         0  stm32f4xx_hal_flash_ex.o ABSOLUTE
    ..\\..\\..\\..\\..\\..\\Drivers\\STM32F4xx_HAL_Driver\\Src\\stm32f4xx_hal_gpio.c 0x00000000   Number         0  stm32f4xx_hal_gpio.o ABSOLUTE
    ..\\..\\..\\..\\..\\..\\Drivers\\STM32F4xx_HAL_Driver\\Src\\stm32f4xx_hal_i2c.c 0x00000000   Number         0  stm32f4xx_hal_i2c.o ABSOLUTE
    ..\\..\\..\\..\\..\\..\\Drivers\\STM32F4xx_HAL_Driver\\Src\\stm32f4xx_hal_i2c_ex.c 0x00000000   Number         0  stm32f4xx_hal_i2c_ex.o ABSOLUTE
    ..\\..\\..\\..\\..\\..\\Drivers\\STM32F4xx_HAL_Driver\\Src\\stm32f4xx_hal_pcd.c 0x00000000   Number         0  stm32f4xx_hal_pcd.o ABSOLUTE
    ..\\..\\..\\..\\..\\..\\Drivers\\STM32F4xx_HAL_Driver\\Src\\stm32f4xx_hal_pcd_ex.c 0x00000000   Number         0  stm32f4xx_hal_pcd_ex.o ABSOLUTE
    ..\\..\\..\\..\\..\\..\\Drivers\\STM32F4xx_HAL_Driver\\Src\\stm32f4xx_hal_rcc.c 0x00000000   Number         0  stm32f4xx_hal_rcc.o ABSOLUTE
    ..\\..\\..\\..\\..\\..\\Drivers\\STM32F4xx_HAL_Driver\\Src\\stm32f4xx_hal_rcc_ex.c 0x00000000   Number         0  stm32f4xx_hal_rcc_ex.o ABSOLUTE
    ..\\..\\..\\..\\..\\..\\Drivers\\STM32F4xx_HAL_Driver\\Src\\stm32f4xx_hal_uart.c 0x00000000   Number         0  stm32f4xx_hal_uart.o ABSOLUTE
    ..\\..\\..\\..\\..\\..\\Drivers\\STM32F4xx_HAL_Driver\\Src\\stm32f4xx_ll_fmc.c 0x00000000   Number         0  stm32f4xx_ll_fmc.o ABSOLUTE
    ..\\..\\..\\..\\..\\..\\Drivers\\STM32F4xx_HAL_Driver\\Src\\stm32f4xx_ll_usb.c 0x00000000   Number         0  stm32f4xx_ll_usb.o ABSOLUTE
    ..\\..\\..\\..\\..\\..\\Middlewares\\ST\\STM32_USB_Device_Library\\Class\\HID\\Src\\usbd_hid.c 0x00000000   Number         0  usbd_hid.o ABSOLUTE
    ..\\..\\..\\..\\..\\..\\Middlewares\\ST\\STM32_USB_Device_Library\\Core\\Src\\usbd_core.c 0x00000000   Number         0  usbd_core.o ABSOLUTE
    ..\\..\\..\\..\\..\\..\\Middlewares\\ST\\STM32_USB_Device_Library\\Core\\Src\\usbd_ctlreq.c 0x00000000   Number         0  usbd_ctlreq.o ABSOLUTE
    ..\\..\\..\\..\\..\\..\\Middlewares\\ST\\STM32_USB_Device_Library\\Core\\Src\\usbd_ioreq.c 0x00000000   Number         0  usbd_ioreq.o ABSOLUTE
    ..\\Src\\main.c                          0x00000000   Number         0  main.o ABSOLUTE
    ..\\Src\\stm32f4xx_it.c                  0x00000000   Number         0  stm32f4xx_it.o ABSOLUTE
    ..\\Src\\system_stm32f4xx.c              0x00000000   Number         0  system_stm32f4xx.o ABSOLUTE
    ..\\Src\\usbd_conf.c                     0x00000000   Number         0  usbd_conf.o ABSOLUTE
    ..\\Src\\usbd_desc.c                     0x00000000   Number         0  usbd_desc.o ABSOLUTE
    dc.s                                     0x00000000   Number         0  dc.o ABSOLUTE
    handlers.s                               0x00000000   Number         0  handlers.o ABSOLUTE
    init.s                                   0x00000000   Number         0  init.o ABSOLUTE
    startup_stm32f429xx.s                    0x00000000   Number         0  startup_stm32f429xx.o ABSOLUTE
    RESET                                    0x08000000   Section      428  startup_stm32f429xx.o(RESET)
    .ARM.Collect$$$$00000000                 0x080001ac   Section        0  entry.o(.ARM.Collect$$$$00000000)
    .ARM.Collect$$$$00000001                 0x080001ac   Section        4  entry2.o(.ARM.Collect$$$$00000001)
    .ARM.Collect$$$$00000004                 0x080001b0   Section        4  entry5.o(.ARM.Collect$$$$00000004)
    .ARM.Collect$$$$00000008                 0x080001b4   Section        0  entry7b.o(.ARM.Collect$$$$00000008)
    .ARM.Collect$$$$0000000A                 0x080001b4   Section        0  entry8b.o(.ARM.Collect$$$$0000000A)
    .ARM.Collect$$$$0000000B                 0x080001b4   Section        8  entry9a.o(.ARM.Collect$$$$0000000B)
    .ARM.Collect$$$$0000000D                 0x080001bc   Section        0  entry10a.o(.ARM.Collect$$$$0000000D)
    .ARM.Collect$$$$0000000F                 0x080001bc   Section        0  entry11a.o(.ARM.Collect$$$$0000000F)
    .ARM.Collect$$$$00002712                 0x080001bc   Section        4  entry2.o(.ARM.Collect$$$$00002712)
    __lit__00000000                          0x080001bc   Data           4  entry2.o(.ARM.Collect$$$$00002712)
    .text                                    0x080001c0   Section       36  startup_stm32f429xx.o(.text)
    $v0                                      0x080001c0   Number         0  startup_stm32f429xx.o(.text)
    .text                                    0x080001e4   Section        0  memcpya.o(.text)
    .text                                    0x08000208   Section       36  init.o(.text)
    .text                                    0x0800022c   Section        0  __dczerorl2.o(.text)
    i.BSP_LED_Init                           0x08000284   Section        0  stm324x9i_eval.o(i.BSP_LED_Init)
    i.BSP_LED_Toggle                         0x080002f8   Section        0  stm324x9i_eval.o(i.BSP_LED_Toggle)
    i.BusFault_Handler                       0x08000310   Section        0  stm32f4xx_it.o(i.BusFault_Handler)
    i.DebugMon_Handler                       0x08000312   Section        0  stm32f4xx_it.o(i.DebugMon_Handler)
    i.EXTI15_10_IRQHandler                   0x08000314   Section        0  stm32f4xx_it.o(i.EXTI15_10_IRQHandler)
    i.HAL_Delay                              0x0800031c   Section        0  stm32f4xx_hal.o(i.HAL_Delay)
    i.HAL_GPIO_EXTI_Callback                 0x08000334   Section        0  usbd_conf.o(i.HAL_GPIO_EXTI_Callback)
    i.HAL_GPIO_EXTI_IRQHandler               0x080003ac   Section        0  stm32f4xx_hal_gpio.o(i.HAL_GPIO_EXTI_IRQHandler)
    i.HAL_GPIO_Init                          0x080003c4   Section        0  stm32f4xx_hal_gpio.o(i.HAL_GPIO_Init)
    i.HAL_GPIO_TogglePin                     0x08000590   Section        0  stm32f4xx_hal_gpio.o(i.HAL_GPIO_TogglePin)
    i.HAL_GPIO_WritePin                      0x08000598   Section        0  stm32f4xx_hal_gpio.o(i.HAL_GPIO_WritePin)
    i.HAL_GetTick                            0x080005a4   Section        0  stm32f4xx_hal.o(i.HAL_GetTick)
    i.HAL_IncTick                            0x080005b0   Section        0  stm32f4xx_hal.o(i.HAL_IncTick)
    i.HAL_Init                               0x080005c0   Section        0  stm32f4xx_hal.o(i.HAL_Init)
    i.HAL_InitTick                           0x080005f4   Section        0  stm32f4xx_hal.o(i.HAL_InitTick)
    i.HAL_MspInit                            0x08000616   Section        0  stm32f4xx_hal.o(i.HAL_MspInit)
    i.HAL_NVIC_EnableIRQ                     0x08000618   Section        0  stm32f4xx_hal_cortex.o(i.HAL_NVIC_EnableIRQ)
    i.HAL_NVIC_SetPriority                   0x08000630   Section        0  stm32f4xx_hal_cortex.o(i.HAL_NVIC_SetPriority)
    i.HAL_NVIC_SetPriorityGrouping           0x08000670   Section        0  stm32f4xx_hal_cortex.o(i.HAL_NVIC_SetPriorityGrouping)
    i.HAL_PCDEx_SetRxFiFo                    0x08000694   Section        0  stm32f4xx_hal_pcd_ex.o(i.HAL_PCDEx_SetRxFiFo)
    i.HAL_PCDEx_SetTxFiFo                    0x0800069c   Section        0  stm32f4xx_hal_pcd_ex.o(i.HAL_PCDEx_SetTxFiFo)
    i.HAL_PCD_ActivateRemoteWakeup           0x080006e0   Section        0  stm32f4xx_hal_pcd.o(i.HAL_PCD_ActivateRemoteWakeup)
    i.HAL_PCD_ConnectCallback                0x080006fa   Section        0  usbd_conf.o(i.HAL_PCD_ConnectCallback)
    i.HAL_PCD_DataInStageCallback            0x08000702   Section        0  usbd_conf.o(i.HAL_PCD_DataInStageCallback)
    i.HAL_PCD_DataOutStageCallback           0x08000714   Section        0  usbd_conf.o(i.HAL_PCD_DataOutStageCallback)
    i.HAL_PCD_DeActivateRemoteWakeup         0x08000728   Section        0  stm32f4xx_hal_pcd.o(i.HAL_PCD_DeActivateRemoteWakeup)
    i.HAL_PCD_DisconnectCallback             0x0800073a   Section        0  usbd_conf.o(i.HAL_PCD_DisconnectCallback)
    i.HAL_PCD_EP_Close                       0x08000742   Section        0  stm32f4xx_hal_pcd.o(i.HAL_PCD_EP_Close)
    i.HAL_PCD_EP_ClrStall                    0x08000786   Section        0  stm32f4xx_hal_pcd.o(i.HAL_PCD_EP_ClrStall)
    i.HAL_PCD_EP_Open                        0x080007d6   Section        0  stm32f4xx_hal_pcd.o(i.HAL_PCD_EP_Open)
    i.HAL_PCD_EP_Receive                     0x0800082c   Section        0  stm32f4xx_hal_pcd.o(i.HAL_PCD_EP_Receive)
    i.HAL_PCD_EP_SetStall                    0x0800088a   Section        0  stm32f4xx_hal_pcd.o(i.HAL_PCD_EP_SetStall)
    i.HAL_PCD_EP_Transmit                    0x080008ea   Section        0  stm32f4xx_hal_pcd.o(i.HAL_PCD_EP_Transmit)
    i.HAL_PCD_IRQHandler                     0x08000940   Section        0  stm32f4xx_hal_pcd.o(i.HAL_PCD_IRQHandler)
    i.HAL_PCD_ISOINIncompleteCallback        0x08000d3e   Section        0  usbd_conf.o(i.HAL_PCD_ISOINIncompleteCallback)
    i.HAL_PCD_ISOOUTIncompleteCallback       0x08000d46   Section        0  usbd_conf.o(i.HAL_PCD_ISOOUTIncompleteCallback)
    i.HAL_PCD_Init                           0x08000d50   Section        0  stm32f4xx_hal_pcd.o(i.HAL_PCD_Init)
    i.HAL_PCD_MspInit                        0x08000e10   Section        0  usbd_conf.o(i.HAL_PCD_MspInit)
    i.HAL_PCD_ResetCallback                  0x08001014   Section        0  usbd_conf.o(i.HAL_PCD_ResetCallback)
    i.HAL_PCD_ResumeCallback                 0x08001038   Section        0  usbd_conf.o(i.HAL_PCD_ResumeCallback)
    i.HAL_PCD_SOFCallback                    0x08001078   Section        0  usbd_conf.o(i.HAL_PCD_SOFCallback)
    i.HAL_PCD_SetAddress                     0x08001080   Section        0  stm32f4xx_hal_pcd.o(i.HAL_PCD_SetAddress)
    i.HAL_PCD_SetupStageCallback             0x080010a4   Section        0  usbd_conf.o(i.HAL_PCD_SetupStageCallback)
    i.HAL_PCD_Start                          0x080010b2   Section        0  stm32f4xx_hal_pcd.o(i.HAL_PCD_Start)
    i.HAL_PCD_SuspendCallback                0x080010dc   Section        0  usbd_conf.o(i.HAL_PCD_SuspendCallback)
    i.HAL_RCC_ClockConfig                    0x08001118   Section        0  stm32f4xx_hal_rcc.o(i.HAL_RCC_ClockConfig)
    i.HAL_RCC_GetHCLKFreq                    0x08001258   Section        0  stm32f4xx_hal_rcc.o(i.HAL_RCC_GetHCLKFreq)
    i.HAL_RCC_GetSysClockFreq                0x0800128c   Section        0  stm32f4xx_hal_rcc.o(i.HAL_RCC_GetSysClockFreq)
    i.HAL_RCC_OscConfig                      0x08001300   Section        0  stm32f4xx_hal_rcc.o(i.HAL_RCC_OscConfig)
    i.HAL_SYSTICK_Config                     0x080015e4   Section        0  stm32f4xx_hal_cortex.o(i.HAL_SYSTICK_Config)
    i.HardFault_Handler                      0x0800160c   Section        0  stm32f4xx_it.o(i.HardFault_Handler)
    i.IntToUnicode                           0x08001610   Section        0  usbd_desc.o(i.IntToUnicode)
    IntToUnicode                             0x08001611   Thumb Code    56  usbd_desc.o(i.IntToUnicode)
    i.MemManage_Handler                      0x08001648   Section        0  stm32f4xx_it.o(i.MemManage_Handler)
    i.NMI_Handler                            0x0800164a   Section        0  stm32f4xx_it.o(i.NMI_Handler)
    i.NVIC_SetPriority                       0x0800164c   Section        0  stm32f4xx_hal_cortex.o(i.NVIC_SetPriority)
    NVIC_SetPriority                         0x0800164d   Thumb Code    32  stm32f4xx_hal_cortex.o(i.NVIC_SetPriority)
    i.OTG_FS_IRQHandler                      0x0800166c   Section        0  stm32f4xx_it.o(i.OTG_FS_IRQHandler)
    i.OTG_FS_WKUP_IRQHandler                 0x08001678   Section        0  stm32f4xx_it.o(i.OTG_FS_WKUP_IRQHandler)
    i.PCD_WriteEmptyTxFifo                   0x080016e4   Section        0  stm32f4xx_hal_pcd.o(i.PCD_WriteEmptyTxFifo)
    PCD_WriteEmptyTxFifo                     0x080016e5   Thumb Code   136  stm32f4xx_hal_pcd.o(i.PCD_WriteEmptyTxFifo)
    i.PendSV_Handler                         0x0800176c   Section        0  stm32f4xx_it.o(i.PendSV_Handler)
    i.SVC_Handler                            0x0800176e   Section        0  stm32f4xx_it.o(i.SVC_Handler)
    i.SysTick_Handler                        0x08001770   Section        0  stm32f4xx_it.o(i.SysTick_Handler)
    i.SystemClockConfig_STOP                 0x080017b4   Section        0  usbd_conf.o(i.SystemClockConfig_STOP)
    SystemClockConfig_STOP                   0x080017b5   Thumb Code    50  usbd_conf.o(i.SystemClockConfig_STOP)
    i.SystemClock_Config                     0x080017f0   Section        0  main.o(i.SystemClock_Config)
    i.SystemInit                             0x08001864   Section        0  system_stm32f4xx.o(i.SystemInit)
    i.Toggle_Leds                            0x080018b8   Section        0  main.o(i.Toggle_Leds)
    i.USBD_ClrClassConfig                    0x080018e8   Section        0  usbd_core.o(i.USBD_ClrClassConfig)
    i.USBD_CtlContinueRx                     0x080018f6   Section        0  usbd_ioreq.o(i.USBD_CtlContinueRx)
    i.USBD_CtlContinueSendData               0x08001906   Section        0  usbd_ioreq.o(i.USBD_CtlContinueSendData)
    i.USBD_CtlError                          0x08001916   Section        0  usbd_ctlreq.o(i.USBD_CtlError)
    i.USBD_CtlReceiveStatus                  0x0800192c   Section        0  usbd_ioreq.o(i.USBD_CtlReceiveStatus)
    i.USBD_CtlSendData                       0x08001942   Section        0  usbd_ioreq.o(i.USBD_CtlSendData)
    i.USBD_CtlSendStatus                     0x0800195c   Section        0  usbd_ioreq.o(i.USBD_CtlSendStatus)
    i.USBD_GetDescriptor                     0x08001972   Section        0  usbd_ctlreq.o(i.USBD_GetDescriptor)
    USBD_GetDescriptor                       0x08001973   Thumb Code   224  usbd_ctlreq.o(i.USBD_GetDescriptor)
    i.USBD_GetString                         0x08001a52   Section        0  usbd_ctlreq.o(i.USBD_GetString)
    i.USBD_HID_ConfigStrDescriptor           0x08001a98   Section        0  usbd_desc.o(i.USBD_HID_ConfigStrDescriptor)
    i.USBD_HID_DataIn                        0x08001ab8   Section        0  usbd_hid.o(i.USBD_HID_DataIn)
    USBD_HID_DataIn                          0x08001ab9   Thumb Code    12  usbd_hid.o(i.USBD_HID_DataIn)
    i.USBD_HID_DeInit                        0x08001ac4   Section        0  usbd_hid.o(i.USBD_HID_DeInit)
    USBD_HID_DeInit                          0x08001ac5   Thumb Code    30  usbd_hid.o(i.USBD_HID_DeInit)
    i.USBD_HID_DeviceDescriptor              0x08001ae4   Section        0  usbd_desc.o(i.USBD_HID_DeviceDescriptor)
    i.USBD_HID_GetCfgDesc                    0x08001af0   Section        0  usbd_hid.o(i.USBD_HID_GetCfgDesc)
    USBD_HID_GetCfgDesc                      0x08001af1   Thumb Code     8  usbd_hid.o(i.USBD_HID_GetCfgDesc)
    i.USBD_HID_GetDeviceQualifierDesc        0x08001afc   Section        0  usbd_hid.o(i.USBD_HID_GetDeviceQualifierDesc)
    USBD_HID_GetDeviceQualifierDesc          0x08001afd   Thumb Code     8  usbd_hid.o(i.USBD_HID_GetDeviceQualifierDesc)
    i.USBD_HID_GetPollingInterval            0x08001b08   Section        0  usbd_hid.o(i.USBD_HID_GetPollingInterval)
    i.USBD_HID_Init                          0x08001b14   Section        0  usbd_hid.o(i.USBD_HID_Init)
    USBD_HID_Init                            0x08001b15   Thumb Code    40  usbd_hid.o(i.USBD_HID_Init)
    i.USBD_HID_InterfaceStrDescriptor        0x08001b3c   Section        0  usbd_desc.o(i.USBD_HID_InterfaceStrDescriptor)
    i.USBD_HID_LangIDStrDescriptor           0x08001b60   Section        0  usbd_desc.o(i.USBD_HID_LangIDStrDescriptor)
    i.USBD_HID_ManufacturerStrDescriptor     0x08001b6c   Section        0  usbd_desc.o(i.USBD_HID_ManufacturerStrDescriptor)
    i.USBD_HID_ProductStrDescriptor          0x08001b94   Section        0  usbd_desc.o(i.USBD_HID_ProductStrDescriptor)
    i.USBD_HID_SendReport                    0x08001be0   Section        0  usbd_hid.o(i.USBD_HID_SendReport)
    i.USBD_HID_SerialStrDescriptor           0x08001c04   Section        0  usbd_desc.o(i.USBD_HID_SerialStrDescriptor)
    i.USBD_HID_Setup                         0x08001c3c   Section        0  usbd_hid.o(i.USBD_HID_Setup)
    USBD_HID_Setup                           0x08001c3d   Thumb Code   156  usbd_hid.o(i.USBD_HID_Setup)
    i.USBD_Init                              0x08001cdc   Section        0  usbd_core.o(i.USBD_Init)
    i.USBD_LL_ClearStallEP                   0x08001d06   Section        0  usbd_conf.o(i.USBD_LL_ClearStallEP)
    i.USBD_LL_CloseEP                        0x08001d14   Section        0  usbd_conf.o(i.USBD_LL_CloseEP)
    i.USBD_LL_DataInStage                    0x08001d22   Section        0  usbd_core.o(i.USBD_LL_DataInStage)
    i.USBD_LL_DataOutStage                   0x08001dcc   Section        0  usbd_core.o(i.USBD_LL_DataOutStage)
    i.USBD_LL_DevConnected                   0x08001e36   Section        0  usbd_core.o(i.USBD_LL_DevConnected)
    i.USBD_LL_DevDisconnected                0x08001e3a   Section        0  usbd_core.o(i.USBD_LL_DevDisconnected)
    i.USBD_LL_Init                           0x08001e50   Section        0  usbd_conf.o(i.USBD_LL_Init)
    i.USBD_LL_IsStallEP                      0x08001ea8   Section        0  usbd_conf.o(i.USBD_LL_IsStallEP)
    i.USBD_LL_IsoINIncomplete                0x08001ec8   Section        0  usbd_core.o(i.USBD_LL_IsoINIncomplete)
    i.USBD_LL_IsoOUTIncomplete               0x08001ecc   Section        0  usbd_core.o(i.USBD_LL_IsoOUTIncomplete)
    i.USBD_LL_OpenEP                         0x08001ed0   Section        0  usbd_conf.o(i.USBD_LL_OpenEP)
    i.USBD_LL_PrepareReceive                 0x08001ee4   Section        0  usbd_conf.o(i.USBD_LL_PrepareReceive)
    i.USBD_LL_Reset                          0x08001ef2   Section        0  usbd_core.o(i.USBD_LL_Reset)
    i.USBD_LL_Resume                         0x08001f30   Section        0  usbd_core.o(i.USBD_LL_Resume)
    i.USBD_LL_SOF                            0x08001f3c   Section        0  usbd_core.o(i.USBD_LL_SOF)
    i.USBD_LL_SetSpeed                       0x08001f54   Section        0  usbd_core.o(i.USBD_LL_SetSpeed)
    i.USBD_LL_SetUSBAddress                  0x08001f5a   Section        0  usbd_conf.o(i.USBD_LL_SetUSBAddress)
    i.USBD_LL_SetupStage                     0x08001f68   Section        0  usbd_core.o(i.USBD_LL_SetupStage)
    i.USBD_LL_StallEP                        0x08001fc2   Section        0  usbd_conf.o(i.USBD_LL_StallEP)
    i.USBD_LL_Start                          0x08001fd0   Section        0  usbd_conf.o(i.USBD_LL_Start)
    i.USBD_LL_Suspend                        0x08001fde   Section        0  usbd_core.o(i.USBD_LL_Suspend)
    i.USBD_LL_Transmit                       0x08001ff0   Section        0  usbd_conf.o(i.USBD_LL_Transmit)
    i.USBD_ParseSetupRequest                 0x08001ffe   Section        0  usbd_ctlreq.o(i.USBD_ParseSetupRequest)
    i.USBD_RegisterClass                     0x08002026   Section        0  usbd_core.o(i.USBD_RegisterClass)
    i.USBD_SetClassConfig                    0x08002036   Section        0  usbd_core.o(i.USBD_SetClassConfig)
    i.USBD_SetConfig                         0x0800204c   Section        0  usbd_ctlreq.o(i.USBD_SetConfig)
    USBD_SetConfig                           0x0800204d   Thumb Code   110  usbd_ctlreq.o(i.USBD_SetConfig)
    i.USBD_Start                             0x080020c0   Section        0  usbd_core.o(i.USBD_Start)
    i.USBD_StdDevReq                         0x080020ca   Section        0  usbd_ctlreq.o(i.USBD_StdDevReq)
    i.USBD_StdEPReq                          0x080021bc   Section        0  usbd_ctlreq.o(i.USBD_StdEPReq)
    i.USBD_StdItfReq                         0x08002298   Section        0  usbd_ctlreq.o(i.USBD_StdItfReq)
    i.USB_ActivateEndpoint                   0x080022cc   Section        0  stm32f4xx_ll_usb.o(i.USB_ActivateEndpoint)
    i.USB_ActivateSetup                      0x0800234c   Section        0  stm32f4xx_ll_usb.o(i.USB_ActivateSetup)
    i.USB_CoreInit                           0x08002380   Section        0  stm32f4xx_ll_usb.o(i.USB_CoreInit)
    i.USB_CoreReset                          0x080023ec   Section        0  stm32f4xx_ll_usb.o(i.USB_CoreReset)
    USB_CoreReset                            0x080023ed   Thumb Code    50  stm32f4xx_ll_usb.o(i.USB_CoreReset)
    i.USB_DeactivateEndpoint                 0x08002424   Section        0  stm32f4xx_ll_usb.o(i.USB_DeactivateEndpoint)
    i.USB_DevConnect                         0x08002492   Section        0  stm32f4xx_ll_usb.o(i.USB_DevConnect)
    i.USB_DevDisconnect                      0x080024aa   Section        0  stm32f4xx_ll_usb.o(i.USB_DevDisconnect)
    i.USB_DevInit                            0x080024c4   Section        0  stm32f4xx_ll_usb.o(i.USB_DevInit)
    i.USB_DisableGlobalInt                   0x08002608   Section        0  stm32f4xx_ll_usb.o(i.USB_DisableGlobalInt)
    i.USB_EP0StartXfer                       0x08002614   Section        0  stm32f4xx_ll_usb.o(i.USB_EP0StartXfer)
    i.USB_EP0_OutStart                       0x08002754   Section        0  stm32f4xx_ll_usb.o(i.USB_EP0_OutStart)
    i.USB_EPClearStall                       0x08002792   Section        0  stm32f4xx_ll_usb.o(i.USB_EPClearStall)
    i.USB_EPSetStall                         0x080027f6   Section        0  stm32f4xx_ll_usb.o(i.USB_EPSetStall)
    i.USB_EPStartXfer                        0x08002854   Section        0  stm32f4xx_ll_usb.o(i.USB_EPStartXfer)
    i.USB_EnableGlobalInt                    0x08002a70   Section        0  stm32f4xx_ll_usb.o(i.USB_EnableGlobalInt)
    i.USB_FlushRxFifo                        0x08002a7c   Section        0  stm32f4xx_ll_usb.o(i.USB_FlushRxFifo)
    i.USB_FlushTxFifo                        0x08002a9c   Section        0  stm32f4xx_ll_usb.o(i.USB_FlushTxFifo)
    i.USB_GetDevSpeed                        0x08002ac0   Section        0  stm32f4xx_ll_usb.o(i.USB_GetDevSpeed)
    i.USB_GetMode                            0x08002afc   Section        0  stm32f4xx_ll_usb.o(i.USB_GetMode)
    i.USB_ReadDevAllInEpInterrupt            0x08002b04   Section        0  stm32f4xx_ll_usb.o(i.USB_ReadDevAllInEpInterrupt)
    i.USB_ReadDevAllOutEpInterrupt           0x08002b12   Section        0  stm32f4xx_ll_usb.o(i.USB_ReadDevAllOutEpInterrupt)
    i.USB_ReadDevInEPInterrupt               0x08002b20   Section        0  stm32f4xx_ll_usb.o(i.USB_ReadDevInEPInterrupt)
    i.USB_ReadDevOutEPInterrupt              0x08002b3e   Section        0  stm32f4xx_ll_usb.o(i.USB_ReadDevOutEPInterrupt)
    i.USB_ReadInterrupts                     0x08002b4e   Section        0  stm32f4xx_ll_usb.o(i.USB_ReadInterrupts)
    i.USB_ReadPacket                         0x08002b56   Section        0  stm32f4xx_ll_usb.o(i.USB_ReadPacket)
    i.USB_SetCurrentMode                     0x08002b76   Section        0  stm32f4xx_ll_usb.o(i.USB_SetCurrentMode)
    i.USB_SetDevAddress                      0x08002ba2   Section        0  stm32f4xx_ll_usb.o(i.USB_SetDevAddress)
    i.USB_WritePacket                        0x08002bc4   Section        0  stm32f4xx_ll_usb.o(i.USB_WritePacket)
    i.UsageFault_Handler                     0x08002bec   Section        0  stm32f4xx_it.o(i.UsageFault_Handler)
    i.__scatterload_copy                     0x08002bee   Section       14  handlers.o(i.__scatterload_copy)
    i.__scatterload_null                     0x08002bfc   Section        2  handlers.o(i.__scatterload_null)
    i.__scatterload_zeroinit                 0x08002bfe   Section       14  handlers.o(i.__scatterload_zeroinit)
    i.free                                   0x08002c0c   Section        0  malloc.o(i.free)
    i.main                                   0x08002c5c   Section        0  main.o(i.main)
    i.malloc                                 0x08002ca4   Section        0  malloc.o(i.malloc)
    .constdata                               0x08002d10   Section       28  stm324x9i_eval.o(.constdata)
    .constdata                               0x08002d2c   Section       16  stm32f4xx_hal_rcc.o(.constdata)
    .data                                    0x20000000   Section       28  usbd_desc.o(.data)
    .data                                    0x2000001c   Section       48  usbd_desc.o(.data)
    .data                                    0x2000004c   Section        4  usbd_conf.o(.data)
    .data                                    0x20000050   Section        8  stm32f4xx_it.o(.data)
    counter                                  0x20000050   Data           4  stm32f4xx_it.o(.data)
    .data                                    0x20000058   Section        4  main.o(.data)
    ticks                                    0x20000058   Data           4  main.o(.data)
    .data                                    0x2000005c   Section       20  system_stm32f4xx.o(.data)
    .data                                    0x20000070   Section       44  stm324x9i_eval.o(.data)
    I2C_IT_Enabled                           0x20000070   Data           1  stm324x9i_eval.o(.data)
    .data                                    0x2000009c   Section        1  usbd_ctlreq.o(.data)
    cfgidx                                   0x2000009c   Data           1  usbd_ctlreq.o(.data)
    .data                                    0x200000a0   Section       56  usbd_hid.o(.data)
    .data                                    0x200000d8   Section      134  usbd_hid.o(.data)
    USBD_HID_CfgDesc                         0x200000d8   Data          34  usbd_hid.o(.data)
    USBD_HID_Desc                            0x200000fc   Data           9  usbd_hid.o(.data)
    USBD_HID_DeviceQualifierDesc             0x20000108   Data          10  usbd_hid.o(.data)
    HID_MOUSE_ReportDesc                     0x20000114   Data          74  usbd_hid.o(.data)
    .data                                    0x20000160   Section        4  stm32f4xx_hal.o(.data)
    .data                                    0x20000164   Section        4  mvars.o(.data)
    .data                                    0x20000168   Section        4  mvars.o(.data)
    .bss                                     0x2000016c   Section      256  usbd_desc.o(.bss)
    .bss                                     0x2000026c   Section      952  usbd_conf.o(.bss)
    .bss                                     0x20000624   Section      548  main.o(.bss)
    HEAP                                     0x20000848   Section     5376  startup_stm32f429xx.o(HEAP)
    STACK                                    0x20001d48   Section     2048  startup_stm32f429xx.o(STACK)

    Global Symbols

    Symbol Name                              Value     Ov Type        Size  Object(Section)

    BuildAttributes$$THM_ISAv4$E$P$D$K$B$S$7EM$VFPi3$EXTD16$VFPS$VFMA$PE$A:L22UL41UL21$X:L11$S22US41US21$IEEE1$IW$USESV6$~STKCKD$USESV7$~SHL$OSPACE$EBA8$MICROLIB$REQ8$PRES8$EABIv2 0x00000000   Number         0  anon$$obj.o ABSOLUTE
    __ARM_use_no_argv                        0x00000000   Number         0  main.o ABSOLUTE
    __cpp_initialize__aeabi_                  - Undefined Weak Reference
    __cxa_finalize                            - Undefined Weak Reference
    _clock_init                               - Undefined Weak Reference
    _microlib_exit                            - Undefined Weak Reference
    __Vectors_Size                           0x000001ac   Number         0  startup_stm32f429xx.o ABSOLUTE
    __Vectors                                0x08000000   Data           4  startup_stm32f429xx.o(RESET)
    __Vectors_End                            0x080001ac   Data           0  startup_stm32f429xx.o(RESET)
    __main                                   0x080001ad   Thumb Code     0  entry.o(.ARM.Collect$$$$00000000)
    _main_stk                                0x080001ad   Thumb Code     0  entry2.o(.ARM.Collect$$$$00000001)
    _main_scatterload                        0x080001b1   Thumb Code     0  entry5.o(.ARM.Collect$$$$00000004)
    __main_after_scatterload                 0x080001b5   Thumb Code     0  entry5.o(.ARM.Collect$$$$00000004)
    _main_clock                              0x080001b5   Thumb Code     0  entry7b.o(.ARM.Collect$$$$00000008)
    _main_cpp_init                           0x080001b5   Thumb Code     0  entry8b.o(.ARM.Collect$$$$0000000A)
    _main_init                               0x080001b5   Thumb Code     0  entry9a.o(.ARM.Collect$$$$0000000B)
    __rt_final_cpp                           0x080001bd   Thumb Code     0  entry10a.o(.ARM.Collect$$$$0000000D)
    __rt_final_exit                          0x080001bd   Thumb Code     0  entry11a.o(.ARM.Collect$$$$0000000F)
    Reset_Handler                            0x080001c1   Thumb Code     8  startup_stm32f429xx.o(.text)
    ADC_IRQHandler                           0x080001db   Thumb Code     0  startup_stm32f429xx.o(.text)
    CAN1_RX0_IRQHandler                      0x080001db   Thumb Code     0  startup_stm32f429xx.o(.text)
    CAN1_RX1_IRQHandler                      0x080001db   Thumb Code     0  startup_stm32f429xx.o(.text)
    CAN1_SCE_IRQHandler                      0x080001db   Thumb Code     0  startup_stm32f429xx.o(.text)
    CAN1_TX_IRQHandler                       0x080001db   Thumb Code     0  startup_stm32f429xx.o(.text)
    CAN2_RX0_IRQHandler                      0x080001db   Thumb Code     0  startup_stm32f429xx.o(.text)
    CAN2_RX1_IRQHandler                      0x080001db   Thumb Code     0  startup_stm32f429xx.o(.text)
    CAN2_SCE_IRQHandler                      0x080001db   Thumb Code     0  startup_stm32f429xx.o(.text)
    CAN2_TX_IRQHandler                       0x080001db   Thumb Code     0  startup_stm32f429xx.o(.text)
    DCMI_IRQHandler                          0x080001db   Thumb Code     0  startup_stm32f429xx.o(.text)
    DMA1_Stream0_IRQHandler                  0x080001db   Thumb Code     0  startup_stm32f429xx.o(.text)
    DMA1_Stream1_IRQHandler                  0x080001db   Thumb Code     0  startup_stm32f429xx.o(.text)
    DMA1_Stream2_IRQHandler                  0x080001db   Thumb Code     0  startup_stm32f429xx.o(.text)
    DMA1_Stream3_IRQHandler                  0x080001db   Thumb Code     0  startup_stm32f429xx.o(.text)
    DMA1_Stream4_IRQHandler                  0x080001db   Thumb Code     0  startup_stm32f429xx.o(.text)
    DMA1_Stream5_IRQHandler                  0x080001db   Thumb Code     0  startup_stm32f429xx.o(.text)
    DMA1_Stream6_IRQHandler                  0x080001db   Thumb Code     0  startup_stm32f429xx.o(.text)
    DMA1_Stream7_IRQHandler                  0x080001db   Thumb Code     0  startup_stm32f429xx.o(.text)
    DMA2D_IRQHandler                         0x080001db   Thumb Code     0  startup_stm32f429xx.o(.text)
    DMA2_Stream0_IRQHandler                  0x080001db   Thumb Code     0  startup_stm32f429xx.o(.text)
    DMA2_Stream1_IRQHandler                  0x080001db   Thumb Code     0  startup_stm32f429xx.o(.text)
    DMA2_Stream2_IRQHandler                  0x080001db   Thumb Code     0  startup_stm32f429xx.o(.text)
    DMA2_Stream3_IRQHandler                  0x080001db   Thumb Code     0  startup_stm32f429xx.o(.text)
    DMA2_Stream4_IRQHandler                  0x080001db   Thumb Code     0  startup_stm32f429xx.o(.text)
    DMA2_Stream5_IRQHandler                  0x080001db   Thumb Code     0  startup_stm32f429xx.o(.text)
    DMA2_Stream6_IRQHandler                  0x080001db   Thumb Code     0  startup_stm32f429xx.o(.text)
    DMA2_Stream7_IRQHandler                  0x080001db   Thumb Code     0  startup_stm32f429xx.o(.text)
    ETH_IRQHandler                           0x080001db   Thumb Code     0  startup_stm32f429xx.o(.text)
    ETH_WKUP_IRQHandler                      0x080001db   Thumb Code     0  startup_stm32f429xx.o(.text)
    EXTI0_IRQHandler                         0x080001db   Thumb Code     0  startup_stm32f429xx.o(.text)
    EXTI1_IRQHandler                         0x080001db   Thumb Code     0  startup_stm32f429xx.o(.text)
    EXTI2_IRQHandler                         0x080001db   Thumb Code     0  startup_stm32f429xx.o(.text)
    EXTI3_IRQHandler                         0x080001db   Thumb Code     0  startup_stm32f429xx.o(.text)
    EXTI4_IRQHandler                         0x080001db   Thumb Code     0  startup_stm32f429xx.o(.text)
    EXTI9_5_IRQHandler                       0x080001db   Thumb Code     0  startup_stm32f429xx.o(.text)
    FLASH_IRQHandler                         0x080001db   Thumb Code     0  startup_stm32f429xx.o(.text)
    FMC_IRQHandler                           0x080001db   Thumb Code     0  startup_stm32f429xx.o(.text)
    FPU_IRQHandler                           0x080001db   Thumb Code     0  startup_stm32f429xx.o(.text)
    HASH_RNG_IRQHandler                      0x080001db   Thumb Code     0  startup_stm32f429xx.o(.text)
    I2C1_ER_IRQHandler                       0x080001db   Thumb Code     0  startup_stm32f429xx.o(.text)
    I2C1_EV_IRQHandler                       0x080001db   Thumb Code     0  startup_stm32f429xx.o(.text)
    I2C2_ER_IRQHandler                       0x080001db   Thumb Code     0  startup_stm32f429xx.o(.text)
    I2C2_EV_IRQHandler                       0x080001db   Thumb Code     0  startup_stm32f429xx.o(.text)
    I2C3_ER_IRQHandler                       0x080001db   Thumb Code     0  startup_stm32f429xx.o(.text)
    I2C3_EV_IRQHandler                       0x080001db   Thumb Code     0  startup_stm32f429xx.o(.text)
    LTDC_ER_IRQHandler                       0x080001db   Thumb Code     0  startup_stm32f429xx.o(.text)
    LTDC_IRQHandler                          0x080001db   Thumb Code     0  startup_stm32f429xx.o(.text)
    OTG_HS_EP1_IN_IRQHandler                 0x080001db   Thumb Code     0  startup_stm32f429xx.o(.text)
    OTG_HS_EP1_OUT_IRQHandler                0x080001db   Thumb Code     0  startup_stm32f429xx.o(.text)
    OTG_HS_IRQHandler                        0x080001db   Thumb Code     0  startup_stm32f429xx.o(.text)
    OTG_HS_WKUP_IRQHandler                   0x080001db   Thumb Code     0  startup_stm32f429xx.o(.text)
    PVD_IRQHandler                           0x080001db   Thumb Code     0  startup_stm32f429xx.o(.text)
    RCC_IRQHandler                           0x080001db   Thumb Code     0  startup_stm32f429xx.o(.text)
    RTC_Alarm_IRQHandler                     0x080001db   Thumb Code     0  startup_stm32f429xx.o(.text)
    RTC_WKUP_IRQHandler                      0x080001db   Thumb Code     0  startup_stm32f429xx.o(.text)
    SAI1_IRQHandler                          0x080001db   Thumb Code     0  startup_stm32f429xx.o(.text)
    SDIO_IRQHandler                          0x080001db   Thumb Code     0  startup_stm32f429xx.o(.text)
    SPI1_IRQHandler                          0x080001db   Thumb Code     0  startup_stm32f429xx.o(.text)
    SPI2_IRQHandler                          0x080001db   Thumb Code     0  startup_stm32f429xx.o(.text)
    SPI3_IRQHandler                          0x080001db   Thumb Code     0  startup_stm32f429xx.o(.text)
    SPI4_IRQHandler                          0x080001db   Thumb Code     0  startup_stm32f429xx.o(.text)
    SPI5_IRQHandler                          0x080001db   Thumb Code     0  startup_stm32f429xx.o(.text)
    SPI6_IRQHandler                          0x080001db   Thumb Code     0  startup_stm32f429xx.o(.text)
    TAMP_STAMP_IRQHandler                    0x080001db   Thumb Code     0  startup_stm32f429xx.o(.text)
    TIM1_BRK_TIM9_IRQHandler                 0x080001db   Thumb Code     0  startup_stm32f429xx.o(.text)
    TIM1_CC_IRQHandler                       0x080001db   Thumb Code     0  startup_stm32f429xx.o(.text)
    TIM1_TRG_COM_TIM11_IRQHandler            0x080001db   Thumb Code     0  startup_stm32f429xx.o(.text)
    TIM1_UP_TIM10_IRQHandler                 0x080001db   Thumb Code     0  startup_stm32f429xx.o(.text)
    TIM2_IRQHandler                          0x080001db   Thumb Code     0  startup_stm32f429xx.o(.text)
    TIM3_IRQHandler                          0x080001db   Thumb Code     0  startup_stm32f429xx.o(.text)
    TIM4_IRQHandler                          0x080001db   Thumb Code     0  startup_stm32f429xx.o(.text)
    TIM5_IRQHandler                          0x080001db   Thumb Code     0  startup_stm32f429xx.o(.text)
    TIM6_DAC_IRQHandler                      0x080001db   Thumb Code     0  startup_stm32f429xx.o(.text)
    TIM7_IRQHandler                          0x080001db   Thumb Code     0  startup_stm32f429xx.o(.text)
    TIM8_BRK_TIM12_IRQHandler                0x080001db   Thumb Code     0  startup_stm32f429xx.o(.text)
    TIM8_CC_IRQHandler                       0x080001db   Thumb Code     0  startup_stm32f429xx.o(.text)
    TIM8_TRG_COM_TIM14_IRQHandler            0x080001db   Thumb Code     0  startup_stm32f429xx.o(.text)
    TIM8_UP_TIM13_IRQHandler                 0x080001db   Thumb Code     0  startup_stm32f429xx.o(.text)
    UART4_IRQHandler                         0x080001db   Thumb Code     0  startup_stm32f429xx.o(.text)
    UART5_IRQHandler                         0x080001db   Thumb Code     0  startup_stm32f429xx.o(.text)
    UART7_IRQHandler                         0x080001db   Thumb Code     0  startup_stm32f429xx.o(.text)
    UART8_IRQHandler                         0x080001db   Thumb Code     0  startup_stm32f429xx.o(.text)
    USART1_IRQHandler                        0x080001db   Thumb Code     0  startup_stm32f429xx.o(.text)
    USART2_IRQHandler                        0x080001db   Thumb Code     0  startup_stm32f429xx.o(.text)
    USART3_IRQHandler                        0x080001db   Thumb Code     0  startup_stm32f429xx.o(.text)
    USART6_IRQHandler                        0x080001db   Thumb Code     0  startup_stm32f429xx.o(.text)
    WWDG_IRQHandler                          0x080001db   Thumb Code     0  startup_stm32f429xx.o(.text)
    __aeabi_memcpy                           0x080001e5   Thumb Code    36  memcpya.o(.text)
    __aeabi_memcpy4                          0x080001e5   Thumb Code     0  memcpya.o(.text)
    __aeabi_memcpy8                          0x080001e5   Thumb Code     0  memcpya.o(.text)
    __scatterload                            0x08000209   Thumb Code    28  init.o(.text)
    __scatterload_rt2                        0x08000209   Thumb Code     0  init.o(.text)
    __decompress                             0x0800022d   Thumb Code     0  __dczerorl2.o(.text)
    __decompress1                            0x0800022d   Thumb Code    86  __dczerorl2.o(.text)
    BSP_LED_Init                             0x08000285   Thumb Code   104  stm324x9i_eval.o(i.BSP_LED_Init)
    BSP_LED_Toggle                           0x080002f9   Thumb Code    16  stm324x9i_eval.o(i.BSP_LED_Toggle)
    BusFault_Handler                         0x08000311   Thumb Code     2  stm32f4xx_it.o(i.BusFault_Handler)
    DebugMon_Handler                         0x08000313   Thumb Code     2  stm32f4xx_it.o(i.DebugMon_Handler)
    EXTI15_10_IRQHandler                     0x08000315   Thumb Code     8  stm32f4xx_it.o(i.EXTI15_10_IRQHandler)
    HAL_Delay                                0x0800031d   Thumb Code    22  stm32f4xx_hal.o(i.HAL_Delay)
    HAL_GPIO_EXTI_Callback                   0x08000335   Thumb Code   108  usbd_conf.o(i.HAL_GPIO_EXTI_Callback)
    HAL_GPIO_EXTI_IRQHandler                 0x080003ad   Thumb Code    18  stm32f4xx_hal_gpio.o(i.HAL_GPIO_EXTI_IRQHandler)
    HAL_GPIO_Init                            0x080003c5   Thumb Code   408  stm32f4xx_hal_gpio.o(i.HAL_GPIO_Init)
    HAL_GPIO_TogglePin                       0x08000591   Thumb Code     8  stm32f4xx_hal_gpio.o(i.HAL_GPIO_TogglePin)
    HAL_GPIO_WritePin                        0x08000599   Thumb Code    10  stm32f4xx_hal_gpio.o(i.HAL_GPIO_WritePin)
    HAL_GetTick                              0x080005a5   Thumb Code     6  stm32f4xx_hal.o(i.HAL_GetTick)
    HAL_IncTick                              0x080005b1   Thumb Code    10  stm32f4xx_hal.o(i.HAL_IncTick)
    HAL_Init                                 0x080005c1   Thumb Code    48  stm32f4xx_hal.o(i.HAL_Init)
    HAL_InitTick                             0x080005f5   Thumb Code    34  stm32f4xx_hal.o(i.HAL_InitTick)
    HAL_MspInit                              0x08000617   Thumb Code     2  stm32f4xx_hal.o(i.HAL_MspInit)
    HAL_NVIC_EnableIRQ                       0x08000619   Thumb Code    22  stm32f4xx_hal_cortex.o(i.HAL_NVIC_EnableIRQ)
    HAL_NVIC_SetPriority                     0x08000631   Thumb Code    60  stm32f4xx_hal_cortex.o(i.HAL_NVIC_SetPriority)
    HAL_NVIC_SetPriorityGrouping             0x08000671   Thumb Code    26  stm32f4xx_hal_cortex.o(i.HAL_NVIC_SetPriorityGrouping)
    HAL_PCDEx_SetRxFiFo                      0x08000695   Thumb Code     8  stm32f4xx_hal_pcd_ex.o(i.HAL_PCDEx_SetRxFiFo)
    HAL_PCDEx_SetTxFiFo                      0x0800069d   Thumb Code    68  stm32f4xx_hal_pcd_ex.o(i.HAL_PCDEx_SetTxFiFo)
    HAL_PCD_ActivateRemoteWakeup             0x080006e1   Thumb Code    26  stm32f4xx_hal_pcd.o(i.HAL_PCD_ActivateRemoteWakeup)
    HAL_PCD_ConnectCallback                  0x080006fb   Thumb Code     8  usbd_conf.o(i.HAL_PCD_ConnectCallback)
    HAL_PCD_DataInStageCallback              0x08000703   Thumb Code    18  usbd_conf.o(i.HAL_PCD_DataInStageCallback)
    HAL_PCD_DataOutStageCallback             0x08000715   Thumb Code    20  usbd_conf.o(i.HAL_PCD_DataOutStageCallback)
    HAL_PCD_DeActivateRemoteWakeup           0x08000729   Thumb Code    18  stm32f4xx_hal_pcd.o(i.HAL_PCD_DeActivateRemoteWakeup)
    HAL_PCD_DisconnectCallback               0x0800073b   Thumb Code     8  usbd_conf.o(i.HAL_PCD_DisconnectCallback)
    HAL_PCD_EP_Close                         0x08000743   Thumb Code    68  stm32f4xx_hal_pcd.o(i.HAL_PCD_EP_Close)
    HAL_PCD_EP_ClrStall                      0x08000787   Thumb Code    80  stm32f4xx_hal_pcd.o(i.HAL_PCD_EP_ClrStall)
    HAL_PCD_EP_Open                          0x080007d7   Thumb Code    84  stm32f4xx_hal_pcd.o(i.HAL_PCD_EP_Open)
    HAL_PCD_EP_Receive                       0x0800082d   Thumb Code    94  stm32f4xx_hal_pcd.o(i.HAL_PCD_EP_Receive)
    HAL_PCD_EP_SetStall                      0x0800088b   Thumb Code    96  stm32f4xx_hal_pcd.o(i.HAL_PCD_EP_SetStall)
    HAL_PCD_EP_Transmit                      0x080008eb   Thumb Code    86  stm32f4xx_hal_pcd.o(i.HAL_PCD_EP_Transmit)
    HAL_PCD_IRQHandler                       0x08000941   Thumb Code  1022  stm32f4xx_hal_pcd.o(i.HAL_PCD_IRQHandler)
    HAL_PCD_ISOINIncompleteCallback          0x08000d3f   Thumb Code     8  usbd_conf.o(i.HAL_PCD_ISOINIncompleteCallback)
    HAL_PCD_ISOOUTIncompleteCallback         0x08000d47   Thumb Code     8  usbd_conf.o(i.HAL_PCD_ISOOUTIncompleteCallback)
    HAL_PCD_Init                             0x08000d51   Thumb Code   190  stm32f4xx_hal_pcd.o(i.HAL_PCD_Init)
    HAL_PCD_MspInit                          0x08000e11   Thumb Code   482  usbd_conf.o(i.HAL_PCD_MspInit)
    HAL_PCD_ResetCallback                    0x08001015   Thumb Code    34  usbd_conf.o(i.HAL_PCD_ResetCallback)
    HAL_PCD_ResumeCallback                   0x08001039   Thumb Code    56  usbd_conf.o(i.HAL_PCD_ResumeCallback)
    HAL_PCD_SOFCallback                      0x08001079   Thumb Code     8  usbd_conf.o(i.HAL_PCD_SOFCallback)
    HAL_PCD_SetAddress                       0x08001081   Thumb Code    36  stm32f4xx_hal_pcd.o(i.HAL_PCD_SetAddress)
    HAL_PCD_SetupStageCallback               0x080010a5   Thumb Code    14  usbd_conf.o(i.HAL_PCD_SetupStageCallback)
    HAL_PCD_Start                            0x080010b3   Thumb Code    42  stm32f4xx_hal_pcd.o(i.HAL_PCD_Start)
    HAL_PCD_SuspendCallback                  0x080010dd   Thumb Code    50  usbd_conf.o(i.HAL_PCD_SuspendCallback)
    HAL_RCC_ClockConfig                      0x08001119   Thumb Code   312  stm32f4xx_hal_rcc.o(i.HAL_RCC_ClockConfig)
    HAL_RCC_GetHCLKFreq                      0x08001259   Thumb Code    38  stm32f4xx_hal_rcc.o(i.HAL_RCC_GetHCLKFreq)
    HAL_RCC_GetSysClockFreq                  0x0800128d   Thumb Code   104  stm32f4xx_hal_rcc.o(i.HAL_RCC_GetSysClockFreq)
    HAL_RCC_OscConfig                        0x08001301   Thumb Code   722  stm32f4xx_hal_rcc.o(i.HAL_RCC_OscConfig)
    HAL_SYSTICK_Config                       0x080015e5   Thumb Code    40  stm32f4xx_hal_cortex.o(i.HAL_SYSTICK_Config)
    HardFault_Handler                        0x0800160d   Thumb Code     2  stm32f4xx_it.o(i.HardFault_Handler)
    MemManage_Handler                        0x08001649   Thumb Code     2  stm32f4xx_it.o(i.MemManage_Handler)
    NMI_Handler                              0x0800164b   Thumb Code     2  stm32f4xx_it.o(i.NMI_Handler)
    OTG_FS_IRQHandler                        0x0800166d   Thumb Code     6  stm32f4xx_it.o(i.OTG_FS_IRQHandler)
    OTG_FS_WKUP_IRQHandler                   0x08001679   Thumb Code    88  stm32f4xx_it.o(i.OTG_FS_WKUP_IRQHandler)
    PendSV_Handler                           0x0800176d   Thumb Code     2  stm32f4xx_it.o(i.PendSV_Handler)
    SVC_Handler                              0x0800176f   Thumb Code     2  stm32f4xx_it.o(i.SVC_Handler)
    SysTick_Handler                          0x08001771   Thumb Code    58  stm32f4xx_it.o(i.SysTick_Handler)
    SystemClock_Config                       0x080017f1   Thumb Code   108  main.o(i.SystemClock_Config)
    SystemInit                               0x08001865   Thumb Code    66  system_stm32f4xx.o(i.SystemInit)
    Toggle_Leds                              0x080018b9   Thumb Code    44  main.o(i.Toggle_Leds)
    USBD_ClrClassConfig                      0x080018e9   Thumb Code    14  usbd_core.o(i.USBD_ClrClassConfig)
    USBD_CtlContinueRx                       0x080018f7   Thumb Code    16  usbd_ioreq.o(i.USBD_CtlContinueRx)
    USBD_CtlContinueSendData                 0x08001907   Thumb Code    16  usbd_ioreq.o(i.USBD_CtlContinueSendData)
    USBD_CtlError                            0x08001917   Thumb Code    22  usbd_ctlreq.o(i.USBD_CtlError)
    USBD_CtlReceiveStatus                    0x0800192d   Thumb Code    22  usbd_ioreq.o(i.USBD_CtlReceiveStatus)
    USBD_CtlSendData                         0x08001943   Thumb Code    26  usbd_ioreq.o(i.USBD_CtlSendData)
    USBD_CtlSendStatus                       0x0800195d   Thumb Code    22  usbd_ioreq.o(i.USBD_CtlSendStatus)
    USBD_GetString                           0x08001a53   Thumb Code    70  usbd_ctlreq.o(i.USBD_GetString)
    USBD_HID_ConfigStrDescriptor             0x08001a99   Thumb Code    16  usbd_desc.o(i.USBD_HID_ConfigStrDescriptor)
    USBD_HID_DeviceDescriptor                0x08001ae5   Thumb Code     8  usbd_desc.o(i.USBD_HID_DeviceDescriptor)
    USBD_HID_GetPollingInterval              0x08001b09   Thumb Code    12  usbd_hid.o(i.USBD_HID_GetPollingInterval)
    USBD_HID_InterfaceStrDescriptor          0x08001b3d   Thumb Code    16  usbd_desc.o(i.USBD_HID_InterfaceStrDescriptor)
    USBD_HID_LangIDStrDescriptor             0x08001b61   Thumb Code     8  usbd_desc.o(i.USBD_HID_LangIDStrDescriptor)
    USBD_HID_ManufacturerStrDescriptor       0x08001b6d   Thumb Code    16  usbd_desc.o(i.USBD_HID_ManufacturerStrDescriptor)
    USBD_HID_ProductStrDescriptor            0x08001b95   Thumb Code    24  usbd_desc.o(i.USBD_HID_ProductStrDescriptor)
    USBD_HID_SendReport                      0x08001be1   Thumb Code    36  usbd_hid.o(i.USBD_HID_SendReport)
    USBD_HID_SerialStrDescriptor             0x08001c05   Thumb Code    48  usbd_desc.o(i.USBD_HID_SerialStrDescriptor)
    USBD_Init                                0x08001cdd   Thumb Code    42  usbd_core.o(i.USBD_Init)
    USBD_LL_ClearStallEP                     0x08001d07   Thumb Code    14  usbd_conf.o(i.USBD_LL_ClearStallEP)
    USBD_LL_CloseEP                          0x08001d15   Thumb Code    14  usbd_conf.o(i.USBD_LL_CloseEP)
    USBD_LL_DataInStage                      0x08001d23   Thumb Code   170  usbd_core.o(i.USBD_LL_DataInStage)
    USBD_LL_DataOutStage                     0x08001dcd   Thumb Code   106  usbd_core.o(i.USBD_LL_DataOutStage)
    USBD_LL_DevConnected                     0x08001e37   Thumb Code     4  usbd_core.o(i.USBD_LL_DevConnected)
    USBD_LL_DevDisconnected                  0x08001e3b   Thumb Code    22  usbd_core.o(i.USBD_LL_DevDisconnected)
    USBD_LL_Init                             0x08001e51   Thumb Code    84  usbd_conf.o(i.USBD_LL_Init)
    USBD_LL_IsStallEP                        0x08001ea9   Thumb Code    32  usbd_conf.o(i.USBD_LL_IsStallEP)
    USBD_LL_IsoINIncomplete                  0x08001ec9   Thumb Code     4  usbd_core.o(i.USBD_LL_IsoINIncomplete)
    USBD_LL_IsoOUTIncomplete                 0x08001ecd   Thumb Code     4  usbd_core.o(i.USBD_LL_IsoOUTIncomplete)
    USBD_LL_OpenEP                           0x08001ed1   Thumb Code    20  usbd_conf.o(i.USBD_LL_OpenEP)
    USBD_LL_PrepareReceive                   0x08001ee5   Thumb Code    14  usbd_conf.o(i.USBD_LL_PrepareReceive)
    USBD_LL_Reset                            0x08001ef3   Thumb Code    62  usbd_core.o(i.USBD_LL_Reset)
    USBD_LL_Resume                           0x08001f31   Thumb Code    12  usbd_core.o(i.USBD_LL_Resume)
    USBD_LL_SOF                              0x08001f3d   Thumb Code    24  usbd_core.o(i.USBD_LL_SOF)
    USBD_LL_SetSpeed                         0x08001f55   Thumb Code     6  usbd_core.o(i.USBD_LL_SetSpeed)
    USBD_LL_SetUSBAddress                    0x08001f5b   Thumb Code    14  usbd_conf.o(i.USBD_LL_SetUSBAddress)
    USBD_LL_SetupStage                       0x08001f69   Thumb Code    90  usbd_core.o(i.USBD_LL_SetupStage)
    USBD_LL_StallEP                          0x08001fc3   Thumb Code    14  usbd_conf.o(i.USBD_LL_StallEP)
    USBD_LL_Start                            0x08001fd1   Thumb Code    14  usbd_conf.o(i.USBD_LL_Start)
    USBD_LL_Suspend                          0x08001fdf   Thumb Code    18  usbd_core.o(i.USBD_LL_Suspend)
    USBD_LL_Transmit                         0x08001ff1   Thumb Code    14  usbd_conf.o(i.USBD_LL_Transmit)
    USBD_ParseSetupRequest                   0x08001fff   Thumb Code    40  usbd_ctlreq.o(i.USBD_ParseSetupRequest)
    USBD_RegisterClass                       0x08002027   Thumb Code    16  usbd_core.o(i.USBD_RegisterClass)
    USBD_SetClassConfig                      0x08002037   Thumb Code    22  usbd_core.o(i.USBD_SetClassConfig)
    USBD_Start                               0x080020c1   Thumb Code    10  usbd_core.o(i.USBD_Start)
    USBD_StdDevReq                           0x080020cb   Thumb Code   242  usbd_ctlreq.o(i.USBD_StdDevReq)
    USBD_StdEPReq                            0x080021bd   Thumb Code   220  usbd_ctlreq.o(i.USBD_StdEPReq)
    USBD_StdItfReq                           0x08002299   Thumb Code    52  usbd_ctlreq.o(i.USBD_StdItfReq)
    USB_ActivateEndpoint                     0x080022cd   Thumb Code   122  stm32f4xx_ll_usb.o(i.USB_ActivateEndpoint)
    USB_ActivateSetup                        0x0800234d   Thumb Code    52  stm32f4xx_ll_usb.o(i.USB_ActivateSetup)
    USB_CoreInit                             0x08002381   Thumb Code   104  stm32f4xx_ll_usb.o(i.USB_CoreInit)
    USB_DeactivateEndpoint                   0x08002425   Thumb Code   110  stm32f4xx_ll_usb.o(i.USB_DeactivateEndpoint)
    USB_DevConnect                           0x08002493   Thumb Code    24  stm32f4xx_ll_usb.o(i.USB_DevConnect)
    USB_DevDisconnect                        0x080024ab   Thumb Code    24  stm32f4xx_ll_usb.o(i.USB_DevDisconnect)
    USB_DevInit                              0x080024c5   Thumb Code   306  stm32f4xx_ll_usb.o(i.USB_DevInit)
    USB_DisableGlobalInt                     0x08002609   Thumb Code    12  stm32f4xx_ll_usb.o(i.USB_DisableGlobalInt)
    USB_EP0StartXfer                         0x08002615   Thumb Code   316  stm32f4xx_ll_usb.o(i.USB_EP0StartXfer)
    USB_EP0_OutStart                         0x08002755   Thumb Code    62  stm32f4xx_ll_usb.o(i.USB_EP0_OutStart)
    USB_EPClearStall                         0x08002793   Thumb Code   100  stm32f4xx_ll_usb.o(i.USB_EPClearStall)
    USB_EPSetStall                           0x080027f7   Thumb Code    94  stm32f4xx_ll_usb.o(i.USB_EPSetStall)
    USB_EPStartXfer                          0x08002855   Thumb Code   534  stm32f4xx_ll_usb.o(i.USB_EPStartXfer)
    USB_EnableGlobalInt                      0x08002a71   Thumb Code    12  stm32f4xx_ll_usb.o(i.USB_EnableGlobalInt)
    USB_FlushRxFifo                          0x08002a7d   Thumb Code    28  stm32f4xx_ll_usb.o(i.USB_FlushRxFifo)
    USB_FlushTxFifo                          0x08002a9d   Thumb Code    32  stm32f4xx_ll_usb.o(i.USB_FlushTxFifo)
    USB_GetDevSpeed                          0x08002ac1   Thumb Code    60  stm32f4xx_ll_usb.o(i.USB_GetDevSpeed)
    USB_GetMode                              0x08002afd   Thumb Code     8  stm32f4xx_ll_usb.o(i.USB_GetMode)
    USB_ReadDevAllInEpInterrupt              0x08002b05   Thumb Code    14  stm32f4xx_ll_usb.o(i.USB_ReadDevAllInEpInterrupt)
    USB_ReadDevAllOutEpInterrupt             0x08002b13   Thumb Code    14  stm32f4xx_ll_usb.o(i.USB_ReadDevAllOutEpInterrupt)
    USB_ReadDevInEPInterrupt                 0x08002b21   Thumb Code    30  stm32f4xx_ll_usb.o(i.USB_ReadDevInEPInterrupt)
    USB_ReadDevOutEPInterrupt                0x08002b3f   Thumb Code    16  stm32f4xx_ll_usb.o(i.USB_ReadDevOutEPInterrupt)
    USB_ReadInterrupts                       0x08002b4f   Thumb Code     8  stm32f4xx_ll_usb.o(i.USB_ReadInterrupts)
    USB_ReadPacket                           0x08002b57   Thumb Code    32  stm32f4xx_ll_usb.o(i.USB_ReadPacket)
    USB_SetCurrentMode                       0x08002b77   Thumb Code    44  stm32f4xx_ll_usb.o(i.USB_SetCurrentMode)
    USB_SetDevAddress                        0x08002ba3   Thumb Code    34  stm32f4xx_ll_usb.o(i.USB_SetDevAddress)
    USB_WritePacket                          0x08002bc5   Thumb Code    40  stm32f4xx_ll_usb.o(i.USB_WritePacket)
    UsageFault_Handler                       0x08002bed   Thumb Code     2  stm32f4xx_it.o(i.UsageFault_Handler)
    __scatterload_copy                       0x08002bef   Thumb Code    14  handlers.o(i.__scatterload_copy)
    __scatterload_null                       0x08002bfd   Thumb Code     2  handlers.o(i.__scatterload_null)
    __scatterload_zeroinit                   0x08002bff   Thumb Code    14  handlers.o(i.__scatterload_zeroinit)
    free                                     0x08002c0d   Thumb Code    76  malloc.o(i.free)
    main                                     0x08002c5d   Thumb Code    58  main.o(i.main)
    malloc                                   0x08002ca5   Thumb Code    92  malloc.o(i.malloc)
    COM_TX_PIN                               0x08002d10   Data           2  stm324x9i_eval.o(.constdata)
    COM_RX_PIN                               0x08002d12   Data           2  stm324x9i_eval.o(.constdata)
    COM_TX_AF                                0x08002d14   Data           2  stm324x9i_eval.o(.constdata)
    COM_RX_AF                                0x08002d16   Data           2  stm324x9i_eval.o(.constdata)
    BUTTON_PIN                               0x08002d18   Data           6  stm324x9i_eval.o(.constdata)
    BUTTON_IRQn                              0x08002d1e   Data           6  stm324x9i_eval.o(.constdata)
    GPIO_PIN                                 0x08002d24   Data           8  stm324x9i_eval.o(.constdata)
    APBAHBPrescTable                         0x08002d2c   Data          16  stm32f4xx_hal_rcc.o(.constdata)
    Region$$Table$$Base                      0x08002d3c   Number         0  anon$$obj.o(Region$$Table)
    Region$$Table$$Limit                     0x08002d5c   Number         0  anon$$obj.o(Region$$Table)
    HID_Desc                                 0x20000000   Data          28  usbd_desc.o(.data)
    USBD_LangIDDesc                          0x2000001c   Data           4  usbd_desc.o(.data)
    USBD_DeviceDesc                          0x20000020   Data          18  usbd_desc.o(.data)
    USBD_StringSerial                        0x20000032   Data          26  usbd_desc.o(.data)
    remotewakeupon                           0x2000004c   Data           4  usbd_conf.o(.data)
    HID_Buffer                               0x20000054   Data           4  stm32f4xx_it.o(.data)
    SystemCoreClock                          0x2000005c   Data           4  system_stm32f4xx.o(.data)
    AHBPrescTable                            0x20000060   Data          16  system_stm32f4xx.o(.data)
    COM_USART                                0x20000074   Data           4  stm324x9i_eval.o(.data)
    COM_TX_PORT                              0x20000078   Data           4  stm324x9i_eval.o(.data)
    COM_RX_PORT                              0x2000007c   Data           4  stm324x9i_eval.o(.data)
    GPIO_PORT                                0x20000080   Data          16  stm324x9i_eval.o(.data)
    BUTTON_PORT                              0x20000090   Data          12  stm324x9i_eval.o(.data)
    USBD_HID                                 0x200000a0   Data          56  usbd_hid.o(.data)
    uwTick                                   0x20000160   Data           4  stm32f4xx_hal.o(.data)
    __microlib_freelist                      0x20000164   Data           4  mvars.o(.data)
    __microlib_freelist_initialised          0x20000168   Data           4  mvars.o(.data)
    USBD_StrDesc                             0x2000016c   Data         256  usbd_desc.o(.bss)
    hpcd                                     0x2000026c   Data         952  usbd_conf.o(.bss)
    USBD_Device                              0x20000624   Data         548  main.o(.bss)
    __heap_base                              0x20000848   Data           0  startup_stm32f429xx.o(HEAP)
    __heap_limit                             0x20001d48   Data           0  startup_stm32f429xx.o(HEAP)
    __initial_sp                             0x20002548   Data           0  startup_stm32f429xx.o(STACK)



==============================================================================

Memory Map of the image

  Image Entry point : 0x080001ad

  Load Region LR_IROM1 (Base: 0x08000000, Size: 0x00002ec8, Max: 0x00200000, ABSOLUTE, COMPRESSED[0x00002e3c])

    Execution Region ER_IROM1 (Base: 0x08000000, Size: 0x00002d5c, Max: 0x00200000, ABSOLUTE)

    Base Addr    Size         Type   Attr      Idx    E Section Name        Object

    0x08000000   0x000001ac   Data   RO          588    RESET               startup_stm32f429xx.o
    0x080001ac   0x00000000   Code   RO         3407  * .ARM.Collect$$$$00000000  mc_w.l(entry.o)
    0x080001ac   0x00000004   Code   RO         3442    .ARM.Collect$$$$00000001  mc_w.l(entry2.o)
    0x080001b0   0x00000004   Code   RO         3445    .ARM.Collect$$$$00000004  mc_w.l(entry5.o)
    0x080001b4   0x00000000   Code   RO         3447    .ARM.Collect$$$$00000008  mc_w.l(entry7b.o)
    0x080001b4   0x00000000   Code   RO         3449    .ARM.Collect$$$$0000000A  mc_w.l(entry8b.o)
    0x080001b4   0x00000008   Code   RO         3450    .ARM.Collect$$$$0000000B  mc_w.l(entry9a.o)
    0x080001bc   0x00000000   Code   RO         3452    .ARM.Collect$$$$0000000D  mc_w.l(entry10a.o)
    0x080001bc   0x00000000   Code   RO         3454    .ARM.Collect$$$$0000000F  mc_w.l(entry11a.o)
    0x080001bc   0x00000004   Code   RO         3443    .ARM.Collect$$$$00002712  mc_w.l(entry2.o)
    0x080001c0   0x00000024   Code   RO          589    .text               startup_stm32f429xx.o
    0x080001e4   0x00000024   Code   RO         3410    .text               mc_w.l(memcpya.o)
    0x08000208   0x00000024   Code   RO         3458    .text               mc_w.l(init.o)
    0x0800022c   0x00000056   Code   RO         3468    .text               mc_w.l(__dczerorl2.o)
    0x08000282   0x00000002   PAD
    0x08000284   0x00000074   Code   RO          605    i.BSP_LED_Init      stm324x9i_eval.o
    0x080002f8   0x00000018   Code   RO          608    i.BSP_LED_Toggle    stm324x9i_eval.o
    0x08000310   0x00000002   Code   RO          415    i.BusFault_Handler  stm32f4xx_it.o
    0x08000312   0x00000002   Code   RO          416    i.DebugMon_Handler  stm32f4xx_it.o
    0x08000314   0x00000008   Code   RO          417    i.EXTI15_10_IRQHandler  stm32f4xx_it.o
    0x0800031c   0x00000016   Code   RO         2058    i.HAL_Delay         stm32f4xx_hal.o
    0x08000332   0x00000002   PAD
    0x08000334   0x00000078   Code   RO          200    i.HAL_GPIO_EXTI_Callback  usbd_conf.o
    0x080003ac   0x00000018   Code   RO         1477    i.HAL_GPIO_EXTI_IRQHandler  stm32f4xx_hal_gpio.o
    0x080003c4   0x000001cc   Code   RO         1478    i.HAL_GPIO_Init     stm32f4xx_hal_gpio.o
    0x08000590   0x00000008   Code   RO         1481    i.HAL_GPIO_TogglePin  stm32f4xx_hal_gpio.o
    0x08000598   0x0000000a   Code   RO         1482    i.HAL_GPIO_WritePin  stm32f4xx_hal_gpio.o
    0x080005a2   0x00000002   PAD
    0x080005a4   0x0000000c   Code   RO         2066    i.HAL_GetTick       stm32f4xx_hal.o
    0x080005b0   0x00000010   Code   RO         2067    i.HAL_IncTick       stm32f4xx_hal.o
    0x080005c0   0x00000034   Code   RO         2068    i.HAL_Init          stm32f4xx_hal.o
    0x080005f4   0x00000022   Code   RO         2069    i.HAL_InitTick      stm32f4xx_hal.o
    0x08000616   0x00000002   Code   RO         2071    i.HAL_MspInit       stm32f4xx_hal.o
    0x08000618   0x00000016   Code   RO         2555    i.HAL_NVIC_EnableIRQ  stm32f4xx_hal_cortex.o
    0x0800062e   0x00000002   PAD
    0x08000630   0x00000040   Code   RO         2561    i.HAL_NVIC_SetPriority  stm32f4xx_hal_cortex.o
    0x08000670   0x00000024   Code   RO         2562    i.HAL_NVIC_SetPriorityGrouping  stm32f4xx_hal_cortex.o
    0x08000694   0x00000008   Code   RO         2415    i.HAL_PCDEx_SetRxFiFo  stm32f4xx_hal_pcd_ex.o
    0x0800069c   0x00000044   Code   RO         2416    i.HAL_PCDEx_SetTxFiFo  stm32f4xx_hal_pcd_ex.o
    0x080006e0   0x0000001a   Code   RO         2675    i.HAL_PCD_ActivateRemoteWakeup  stm32f4xx_hal_pcd.o
    0x080006fa   0x00000008   Code   RO          201    i.HAL_PCD_ConnectCallback  usbd_conf.o
    0x08000702   0x00000012   Code   RO          202    i.HAL_PCD_DataInStageCallback  usbd_conf.o
    0x08000714   0x00000014   Code   RO          203    i.HAL_PCD_DataOutStageCallback  usbd_conf.o
    0x08000728   0x00000012   Code   RO         2679    i.HAL_PCD_DeActivateRemoteWakeup  stm32f4xx_hal_pcd.o
    0x0800073a   0x00000008   Code   RO          204    i.HAL_PCD_DisconnectCallback  usbd_conf.o
    0x08000742   0x00000044   Code   RO         2684    i.HAL_PCD_EP_Close  stm32f4xx_hal_pcd.o
    0x08000786   0x00000050   Code   RO         2685    i.HAL_PCD_EP_ClrStall  stm32f4xx_hal_pcd.o
    0x080007d6   0x00000054   Code   RO         2688    i.HAL_PCD_EP_Open   stm32f4xx_hal_pcd.o
    0x0800082a   0x00000002   PAD
    0x0800082c   0x0000005e   Code   RO         2689    i.HAL_PCD_EP_Receive  stm32f4xx_hal_pcd.o
    0x0800088a   0x00000060   Code   RO         2690    i.HAL_PCD_EP_SetStall  stm32f4xx_hal_pcd.o
    0x080008ea   0x00000056   Code   RO         2691    i.HAL_PCD_EP_Transmit  stm32f4xx_hal_pcd.o
    0x08000940   0x000003fe   Code   RO         2693    i.HAL_PCD_IRQHandler  stm32f4xx_hal_pcd.o
    0x08000d3e   0x00000008   Code   RO          205    i.HAL_PCD_ISOINIncompleteCallback  usbd_conf.o
    0x08000d46   0x00000008   Code   RO          206    i.HAL_PCD_ISOOUTIncompleteCallback  usbd_conf.o
    0x08000d4e   0x00000002   PAD
    0x08000d50   0x000000be   Code   RO         2696    i.HAL_PCD_Init      stm32f4xx_hal_pcd.o
    0x08000e0e   0x00000002   PAD
    0x08000e10   0x00000204   Code   RO          208    i.HAL_PCD_MspInit   usbd_conf.o
    0x08001014   0x00000022   Code   RO          209    i.HAL_PCD_ResetCallback  usbd_conf.o
    0x08001036   0x00000002   PAD
    0x08001038   0x00000040   Code   RO          210    i.HAL_PCD_ResumeCallback  usbd_conf.o
    0x08001078   0x00000008   Code   RO          211    i.HAL_PCD_SOFCallback  usbd_conf.o
    0x08001080   0x00000024   Code   RO         2702    i.HAL_PCD_SetAddress  stm32f4xx_hal_pcd.o
    0x080010a4   0x0000000e   Code   RO          212    i.HAL_PCD_SetupStageCallback  usbd_conf.o
    0x080010b2   0x0000002a   Code   RO         2704    i.HAL_PCD_Start     stm32f4xx_hal_pcd.o
    0x080010dc   0x0000003c   Code   RO          213    i.HAL_PCD_SuspendCallback  usbd_conf.o
    0x08001118   0x00000140   Code   RO         2311    i.HAL_RCC_ClockConfig  stm32f4xx_hal_rcc.o
    0x08001258   0x00000034   Code   RO         2316    i.HAL_RCC_GetHCLKFreq  stm32f4xx_hal_rcc.o
    0x0800128c   0x00000074   Code   RO         2320    i.HAL_RCC_GetSysClockFreq  stm32f4xx_hal_rcc.o
    0x08001300   0x000002e4   Code   RO         2323    i.HAL_RCC_OscConfig  stm32f4xx_hal_rcc.o
    0x080015e4   0x00000028   Code   RO         2566    i.HAL_SYSTICK_Config  stm32f4xx_hal_cortex.o
    0x0800160c   0x00000002   Code   RO          418    i.HardFault_Handler  stm32f4xx_it.o
    0x0800160e   0x00000002   PAD
    0x08001610   0x00000038   Code   RO            4    i.IntToUnicode      usbd_desc.o
    0x08001648   0x00000002   Code   RO          419    i.MemManage_Handler  stm32f4xx_it.o
    0x0800164a   0x00000002   Code   RO          420    i.NMI_Handler       stm32f4xx_it.o
    0x0800164c   0x00000020   Code   RO         2568    i.NVIC_SetPriority  stm32f4xx_hal_cortex.o
    0x0800166c   0x0000000c   Code   RO          421    i.OTG_FS_IRQHandler  stm32f4xx_it.o
    0x08001678   0x0000006c   Code   RO          422    i.OTG_FS_WKUP_IRQHandler  stm32f4xx_it.o
    0x080016e4   0x00000088   Code   RO         2707    i.PCD_WriteEmptyTxFifo  stm32f4xx_hal_pcd.o
    0x0800176c   0x00000002   Code   RO          423    i.PendSV_Handler    stm32f4xx_it.o
    0x0800176e   0x00000002   Code   RO          424    i.SVC_Handler       stm32f4xx_it.o
    0x08001770   0x00000044   Code   RO          425    i.SysTick_Handler   stm32f4xx_it.o
    0x080017b4   0x0000003c   Code   RO          214    i.SystemClockConfig_STOP  usbd_conf.o
    0x080017f0   0x00000074   Code   RO          512    i.SystemClock_Config  main.o
    0x08001864   0x00000054   Code   RO          554    i.SystemInit        system_stm32f4xx.o
    0x080018b8   0x00000030   Code   RO          513    i.Toggle_Leds       main.o
    0x080018e8   0x0000000e   Code   RO          982    i.USBD_ClrClassConfig  usbd_core.o
    0x080018f6   0x00000010   Code   RO         1120    i.USBD_CtlContinueRx  usbd_ioreq.o
    0x08001906   0x00000010   Code   RO         1121    i.USBD_CtlContinueSendData  usbd_ioreq.o
    0x08001916   0x00000016   Code   RO          917    i.USBD_CtlError     usbd_ctlreq.o
    0x0800192c   0x00000016   Code   RO         1123    i.USBD_CtlReceiveStatus  usbd_ioreq.o
    0x08001942   0x0000001a   Code   RO         1124    i.USBD_CtlSendData  usbd_ioreq.o
    0x0800195c   0x00000016   Code   RO         1125    i.USBD_CtlSendStatus  usbd_ioreq.o
    0x08001972   0x000000e0   Code   RO          918    i.USBD_GetDescriptor  usbd_ctlreq.o
    0x08001a52   0x00000046   Code   RO          919    i.USBD_GetString    usbd_ctlreq.o
    0x08001a98   0x00000020   Code   RO            5    i.USBD_HID_ConfigStrDescriptor  usbd_desc.o
    0x08001ab8   0x0000000c   Code   RO         1180    i.USBD_HID_DataIn   usbd_hid.o
    0x08001ac4   0x0000001e   Code   RO         1181    i.USBD_HID_DeInit   usbd_hid.o
    0x08001ae2   0x00000002   PAD
    0x08001ae4   0x0000000c   Code   RO            6    i.USBD_HID_DeviceDescriptor  usbd_desc.o
    0x08001af0   0x0000000c   Code   RO         1182    i.USBD_HID_GetCfgDesc  usbd_hid.o
    0x08001afc   0x0000000c   Code   RO         1183    i.USBD_HID_GetDeviceQualifierDesc  usbd_hid.o
    0x08001b08   0x0000000c   Code   RO         1184    i.USBD_HID_GetPollingInterval  usbd_hid.o
    0x08001b14   0x00000028   Code   RO         1185    i.USBD_HID_Init     usbd_hid.o
    0x08001b3c   0x00000024   Code   RO            7    i.USBD_HID_InterfaceStrDescriptor  usbd_desc.o
    0x08001b60   0x0000000c   Code   RO            8    i.USBD_HID_LangIDStrDescriptor  usbd_desc.o
    0x08001b6c   0x00000028   Code   RO            9    i.USBD_HID_ManufacturerStrDescriptor  usbd_desc.o
    0x08001b94   0x0000004c   Code   RO           10    i.USBD_HID_ProductStrDescriptor  usbd_desc.o
    0x08001be0   0x00000024   Code   RO         1186    i.USBD_HID_SendReport  usbd_hid.o
    0x08001c04   0x00000038   Code   RO           11    i.USBD_HID_SerialStrDescriptor  usbd_desc.o
    0x08001c3c   0x000000a0   Code   RO         1187    i.USBD_HID_Setup    usbd_hid.o
    0x08001cdc   0x0000002a   Code   RO          984    i.USBD_Init         usbd_core.o
    0x08001d06   0x0000000e   Code   RO          215    i.USBD_LL_ClearStallEP  usbd_conf.o
    0x08001d14   0x0000000e   Code   RO          216    i.USBD_LL_CloseEP   usbd_conf.o
    0x08001d22   0x000000aa   Code   RO          985    i.USBD_LL_DataInStage  usbd_core.o
    0x08001dcc   0x0000006a   Code   RO          986    i.USBD_LL_DataOutStage  usbd_core.o
    0x08001e36   0x00000004   Code   RO          987    i.USBD_LL_DevConnected  usbd_core.o
    0x08001e3a   0x00000016   Code   RO          988    i.USBD_LL_DevDisconnected  usbd_core.o
    0x08001e50   0x00000058   Code   RO          221    i.USBD_LL_Init      usbd_conf.o
    0x08001ea8   0x00000020   Code   RO          222    i.USBD_LL_IsStallEP  usbd_conf.o
    0x08001ec8   0x00000004   Code   RO          989    i.USBD_LL_IsoINIncomplete  usbd_core.o
    0x08001ecc   0x00000004   Code   RO          990    i.USBD_LL_IsoOUTIncomplete  usbd_core.o
    0x08001ed0   0x00000014   Code   RO          223    i.USBD_LL_OpenEP    usbd_conf.o
    0x08001ee4   0x0000000e   Code   RO          224    i.USBD_LL_PrepareReceive  usbd_conf.o
    0x08001ef2   0x0000003e   Code   RO          991    i.USBD_LL_Reset     usbd_core.o
    0x08001f30   0x0000000c   Code   RO          992    i.USBD_LL_Resume    usbd_core.o
    0x08001f3c   0x00000018   Code   RO          993    i.USBD_LL_SOF       usbd_core.o
    0x08001f54   0x00000006   Code   RO          994    i.USBD_LL_SetSpeed  usbd_core.o
    0x08001f5a   0x0000000e   Code   RO          225    i.USBD_LL_SetUSBAddress  usbd_conf.o
    0x08001f68   0x0000005a   Code   RO          995    i.USBD_LL_SetupStage  usbd_core.o
    0x08001fc2   0x0000000e   Code   RO          226    i.USBD_LL_StallEP   usbd_conf.o
    0x08001fd0   0x0000000e   Code   RO          227    i.USBD_LL_Start     usbd_conf.o
    0x08001fde   0x00000012   Code   RO          996    i.USBD_LL_Suspend   usbd_core.o
    0x08001ff0   0x0000000e   Code   RO          229    i.USBD_LL_Transmit  usbd_conf.o
    0x08001ffe   0x00000028   Code   RO          920    i.USBD_ParseSetupRequest  usbd_ctlreq.o
    0x08002026   0x00000010   Code   RO          997    i.USBD_RegisterClass  usbd_core.o
    0x08002036   0x00000016   Code   RO          999    i.USBD_SetClassConfig  usbd_core.o
    0x0800204c   0x00000074   Code   RO          921    i.USBD_SetConfig    usbd_ctlreq.o
    0x080020c0   0x0000000a   Code   RO         1000    i.USBD_Start        usbd_core.o
    0x080020ca   0x000000f2   Code   RO          922    i.USBD_StdDevReq    usbd_ctlreq.o
    0x080021bc   0x000000dc   Code   RO          923    i.USBD_StdEPReq     usbd_ctlreq.o
    0x08002298   0x00000034   Code   RO          924    i.USBD_StdItfReq    usbd_ctlreq.o
    0x080022cc   0x00000080   Code   RO         2891    i.USB_ActivateEndpoint  stm32f4xx_ll_usb.o
    0x0800234c   0x00000034   Code   RO         2892    i.USB_ActivateSetup  stm32f4xx_ll_usb.o
    0x08002380   0x0000006c   Code   RO         2894    i.USB_CoreInit      stm32f4xx_ll_usb.o
    0x080023ec   0x00000038   Code   RO         2895    i.USB_CoreReset     stm32f4xx_ll_usb.o
    0x08002424   0x0000006e   Code   RO         2897    i.USB_DeactivateEndpoint  stm32f4xx_ll_usb.o
    0x08002492   0x00000018   Code   RO         2898    i.USB_DevConnect    stm32f4xx_ll_usb.o
    0x080024aa   0x00000018   Code   RO         2899    i.USB_DevDisconnect  stm32f4xx_ll_usb.o
    0x080024c2   0x00000002   PAD
    0x080024c4   0x00000144   Code   RO         2900    i.USB_DevInit       stm32f4xx_ll_usb.o
    0x08002608   0x0000000c   Code   RO         2901    i.USB_DisableGlobalInt  stm32f4xx_ll_usb.o
    0x08002614   0x00000140   Code   RO         2904    i.USB_EP0StartXfer  stm32f4xx_ll_usb.o
    0x08002754   0x0000003e   Code   RO         2905    i.USB_EP0_OutStart  stm32f4xx_ll_usb.o
    0x08002792   0x00000064   Code   RO         2906    i.USB_EPClearStall  stm32f4xx_ll_usb.o
    0x080027f6   0x0000005e   Code   RO         2907    i.USB_EPSetStall    stm32f4xx_ll_usb.o
    0x08002854   0x0000021c   Code   RO         2908    i.USB_EPStartXfer   stm32f4xx_ll_usb.o
    0x08002a70   0x0000000c   Code   RO         2909    i.USB_EnableGlobalInt  stm32f4xx_ll_usb.o
    0x08002a7c   0x00000020   Code   RO         2910    i.USB_FlushRxFifo   stm32f4xx_ll_usb.o
    0x08002a9c   0x00000024   Code   RO         2911    i.USB_FlushTxFifo   stm32f4xx_ll_usb.o
    0x08002ac0   0x0000003c   Code   RO         2913    i.USB_GetDevSpeed   stm32f4xx_ll_usb.o
    0x08002afc   0x00000008   Code   RO         2915    i.USB_GetMode       stm32f4xx_ll_usb.o
    0x08002b04   0x0000000e   Code   RO         2922    i.USB_ReadDevAllInEpInterrupt  stm32f4xx_ll_usb.o
    0x08002b12   0x0000000e   Code   RO         2923    i.USB_ReadDevAllOutEpInterrupt  stm32f4xx_ll_usb.o
    0x08002b20   0x0000001e   Code   RO         2924    i.USB_ReadDevInEPInterrupt  stm32f4xx_ll_usb.o
    0x08002b3e   0x00000010   Code   RO         2925    i.USB_ReadDevOutEPInterrupt  stm32f4xx_ll_usb.o
    0x08002b4e   0x00000008   Code   RO         2926    i.USB_ReadInterrupts  stm32f4xx_ll_usb.o
    0x08002b56   0x00000020   Code   RO         2927    i.USB_ReadPacket    stm32f4xx_ll_usb.o
    0x08002b76   0x0000002c   Code   RO         2929    i.USB_SetCurrentMode  stm32f4xx_ll_usb.o
    0x08002ba2   0x00000022   Code   RO         2930    i.USB_SetDevAddress  stm32f4xx_ll_usb.o
    0x08002bc4   0x00000028   Code   RO         2934    i.USB_WritePacket   stm32f4xx_ll_usb.o
    0x08002bec   0x00000002   Code   RO          426    i.UsageFault_Handler  stm32f4xx_it.o
    0x08002bee   0x0000000e   Code   RO         3462    i.__scatterload_copy  mc_w.l(handlers.o)
    0x08002bfc   0x00000002   Code   RO         3463    i.__scatterload_null  mc_w.l(handlers.o)
    0x08002bfe   0x0000000e   Code   RO         3464    i.__scatterload_zeroinit  mc_w.l(handlers.o)
    0x08002c0c   0x00000050   Code   RO         3414    i.free              mc_w.l(malloc.o)
    0x08002c5c   0x00000048   Code   RO          514    i.main              main.o
    0x08002ca4   0x0000006c   Code   RO         3415    i.malloc            mc_w.l(malloc.o)
    0x08002d10   0x0000001c   Data   RO          636    .constdata          stm324x9i_eval.o
    0x08002d2c   0x00000010   Data   RO         2324    .constdata          stm32f4xx_hal_rcc.o
    0x08002d3c   0x00000020   Data   RO         3460    Region$$Table       anon$$obj.o


    Execution Region RW_IRAM1 (Base: 0x20000000, Size: 0x00002548, Max: 0x00030000, ABSOLUTE, COMPRESSED[0x000000e0])

    Base Addr    Size         Type   Attr      Idx    E Section Name        Object

    0x20000000   0x0000001c   Data   RW           13    .data               usbd_desc.o
    0x2000001c   0x00000030   Data   RW           14    .data               usbd_desc.o
    0x2000004c   0x00000004   Data   RW          231    .data               usbd_conf.o
    0x20000050   0x00000008   Data   RW          427    .data               stm32f4xx_it.o
    0x20000058   0x00000004   Data   RW          516    .data               main.o
    0x2000005c   0x00000014   Data   RW          555    .data               system_stm32f4xx.o
    0x20000070   0x0000002c   Data   RW          637    .data               stm324x9i_eval.o
    0x2000009c   0x00000001   Data   RW          925    .data               usbd_ctlreq.o
    0x2000009d   0x00000003   PAD
    0x200000a0   0x00000038   Data   RW         1188    .data               usbd_hid.o
    0x200000d8   0x00000086   Data   RW         1189    .data               usbd_hid.o
    0x2000015e   0x00000002   PAD
    0x20000160   0x00000004   Data   RW         2074    .data               stm32f4xx_hal.o
    0x20000164   0x00000004   Data   RW         3456    .data               mc_w.l(mvars.o)
    0x20000168   0x00000004   Data   RW         3457    .data               mc_w.l(mvars.o)
    0x2000016c   0x00000100   Zero   RW           12    .bss                usbd_desc.o
    0x2000026c   0x000003b8   Zero   RW          230    .bss                usbd_conf.o
    0x20000624   0x00000224   Zero   RW          515    .bss                main.o
    0x20000848   0x00001500   Zero   RW          587    HEAP                startup_stm32f429xx.o
    0x20001d48   0x00000800   Zero   RW          586    STACK               startup_stm32f429xx.o


==============================================================================

Image component sizes


      Code (inc. data)   RO Data    RW Data    ZI Data      Debug   Object Name

       236         26          0          4        548       2547   main.o
        36          8        428          0       7424        880   startup_stm32f429xx.o
       140         20         28         44          0       3904   stm324x9i_eval.o
       138         16          0          4          0       5541   stm32f4xx_hal.o
       194         14          0          0          0      31039   stm32f4xx_hal_cortex.o
       502         58          0          0          0       4324   stm32f4xx_hal_gpio.o
      1978          0          0          0          0      13429   stm32f4xx_hal_pcd.o
        76          0          0          0          0       2176   stm32f4xx_hal_pcd_ex.o
      1228         52         16          0          0       5373   stm32f4xx_hal_rcc.o
       212         36          0          8          0       7358   stm32f4xx_it.o
      2334         52          0          0          0      23284   stm32f4xx_ll_usb.o
        84         18          0         20          0       1353   system_stm32f4xx.o
      1184         78          0          4        952      22191   usbd_conf.o
       626          0          0          0          0      13934   usbd_core.o
       986         30          0          1          0       8956   usbd_ctlreq.o
       320        128          0         76        256     408158   usbd_desc.o
       314         12          0        190          0       8759   usbd_hid.o
       102          0          0          0          0       4456   usbd_ioreq.o

    ----------------------------------------------------------------------
     10710        548        504        356       9180     567662   Object Totals
         0          0         32          0          0          0   (incl. Generated)
        20          0          0          5          0          0   (incl. Padding)

    ----------------------------------------------------------------------

      Code (inc. data)   RO Data    RW Data    ZI Data      Debug   Library Member Name

        86          0          0          0          0          0   __dczerorl2.o
         0          0          0          0          0          0   entry.o
         0          0          0          0          0          0   entry10a.o
         0          0          0          0          0          0   entry11a.o
         8          4          0          0          0          0   entry2.o
         4          0          0          0          0          0   entry5.o
         0          0          0          0          0          0   entry7b.o
         0          0          0          0          0          0   entry8b.o
         8          4          0          0          0          0   entry9a.o
        30          0          0          0          0          0   handlers.o
        36          8          0          0          0         68   init.o
       188         20          0          0          0        160   malloc.o
        36          0          0          0          0         68   memcpya.o
         0          0          0          8          0          0   mvars.o

    ----------------------------------------------------------------------
       398         36          0          8          0        296   Library Totals
         2          0          0          0          0          0   (incl. Padding)

    ----------------------------------------------------------------------

      Code (inc. data)   RO Data    RW Data    ZI Data      Debug   Library Name

       396         36          0          8          0        296   mc_w.l

    ----------------------------------------------------------------------
       398         36          0          8          0        296   Library Totals

    ----------------------------------------------------------------------

==============================================================================


      Code (inc. data)   RO Data    RW Data    ZI Data      Debug   

     11108        584        504        364       9180     553838   Grand Totals
     11108        584        504        224       9180     553838   ELF Image Totals (compressed)
     11108        584        504        224          0          0   ROM Totals

==============================================================================

    Total RO  Size (Code + RO Data)                11612 (  11.34kB)
    Total RW  Size (RW Data + ZI Data)              9544 (   9.32kB)
    Total ROM Size (Code + RO Data + RW Data)      11836 (  11.56kB)

==============================================================================

