Component: ARM Compiler 5.06 update 1 (build 61) Tool: armlink [4d35a8]

==============================================================================

Section Cross References

    usbd_desc.o(i.Get_SerialNum) refers to usbd_desc.o(i.IntToUnicode) for IntToUnicode
    usbd_desc.o(i.Get_SerialNum) refers to usbd_desc.o(.data) for USBD_StringSerial
    usbd_desc.o(i.USBD_HID_ConfigStrDescriptor) refers to usbd_ctlreq.o(i.USBD_GetString) for USBD_GetString
    usbd_desc.o(i.USBD_HID_ConfigStrDescriptor) refers to usbd_desc.o(.bss) for USBD_StrDesc
    usbd_desc.o(i.USBD_HID_DeviceDescriptor) refers to usbd_desc.o(.data) for USBD_DeviceDesc
    usbd_desc.o(i.USBD_HID_InterfaceStrDescriptor) refers to usbd_ctlreq.o(i.USBD_GetString) for USBD_GetString
    usbd_desc.o(i.USBD_HID_InterfaceStrDescriptor) refers to usbd_desc.o(.bss) for USBD_StrDesc
    usbd_desc.o(i.USBD_HID_LangIDStrDescriptor) refers to usbd_desc.o(.data) for USBD_LangIDDesc
    usbd_desc.o(i.USBD_HID_ManufacturerStrDescriptor) refers to usbd_ctlreq.o(i.USBD_GetString) for USBD_GetString
    usbd_desc.o(i.USBD_HID_ManufacturerStrDescriptor) refers to usbd_desc.o(.bss) for USBD_StrDesc
    usbd_desc.o(i.USBD_HID_ProductStrDescriptor) refers to usbd_ctlreq.o(i.USBD_GetString) for USBD_GetString
    usbd_desc.o(i.USBD_HID_ProductStrDescriptor) refers to usbd_desc.o(.bss) for USBD_StrDesc
    usbd_desc.o(i.USBD_HID_SerialStrDescriptor) refers to usbd_desc.o(i.Get_SerialNum) for Get_SerialNum
    usbd_desc.o(i.USBD_HID_SerialStrDescriptor) refers to usbd_desc.o(.data) for USBD_StringSerial
    usbd_desc.o(.data) refers to usbd_desc.o(i.USBD_HID_DeviceDescriptor) for USBD_HID_DeviceDescriptor
    usbd_desc.o(.data) refers to usbd_desc.o(i.USBD_HID_LangIDStrDescriptor) for USBD_HID_LangIDStrDescriptor
    usbd_desc.o(.data) refers to usbd_desc.o(i.USBD_HID_ManufacturerStrDescriptor) for USBD_HID_ManufacturerStrDescriptor
    usbd_desc.o(.data) refers to usbd_desc.o(i.USBD_HID_ProductStrDescriptor) for USBD_HID_ProductStrDescriptor
    usbd_desc.o(.data) refers to usbd_desc.o(i.USBD_HID_SerialStrDescriptor) for USBD_HID_SerialStrDescriptor
    usbd_desc.o(.data) refers to usbd_desc.o(i.USBD_HID_ConfigStrDescriptor) for USBD_HID_ConfigStrDescriptor
    usbd_desc.o(.data) refers to usbd_desc.o(i.USBD_HID_InterfaceStrDescriptor) for USBD_HID_InterfaceStrDescriptor
    usbd_conf.o(i.HAL_GPIO_EXTI_Callback) refers to usbd_conf.o(i.SystemClockConfig_STOP) for SystemClockConfig_STOP
    usbd_conf.o(i.HAL_GPIO_EXTI_Callback) refers to stm32f4xx_hal_pcd.o(i.HAL_PCD_ActivateRemoteWakeup) for HAL_PCD_ActivateRemoteWakeup
    usbd_conf.o(i.HAL_GPIO_EXTI_Callback) refers to stm32f4xx_hal.o(i.HAL_Delay) for HAL_Delay
    usbd_conf.o(i.HAL_GPIO_EXTI_Callback) refers to stm32f4xx_hal_pcd.o(i.HAL_PCD_DeActivateRemoteWakeup) for HAL_PCD_DeActivateRemoteWakeup
    usbd_conf.o(i.HAL_GPIO_EXTI_Callback) refers to usbd_conf.o(.bss) for hpcd
    usbd_conf.o(i.HAL_GPIO_EXTI_Callback) refers to usbd_conf.o(.data) for remotewakeupon
    usbd_conf.o(i.HAL_PCD_ConnectCallback) refers to usbd_core.o(i.USBD_LL_DevConnected) for USBD_LL_DevConnected
    usbd_conf.o(i.HAL_PCD_DataInStageCallback) refers to usbd_core.o(i.USBD_LL_DataInStage) for USBD_LL_DataInStage
    usbd_conf.o(i.HAL_PCD_DataOutStageCallback) refers to usbd_core.o(i.USBD_LL_DataOutStage) for USBD_LL_DataOutStage
    usbd_conf.o(i.HAL_PCD_DisconnectCallback) refers to usbd_core.o(i.USBD_LL_DevDisconnected) for USBD_LL_DevDisconnected
    usbd_conf.o(i.HAL_PCD_ISOINIncompleteCallback) refers to usbd_core.o(i.USBD_LL_IsoINIncomplete) for USBD_LL_IsoINIncomplete
    usbd_conf.o(i.HAL_PCD_ISOOUTIncompleteCallback) refers to usbd_core.o(i.USBD_LL_IsoOUTIncomplete) for USBD_LL_IsoOUTIncomplete
    usbd_conf.o(i.HAL_PCD_MspInit) refers to stm32f4xx_hal_gpio.o(i.HAL_GPIO_Init) for HAL_GPIO_Init
    usbd_conf.o(i.HAL_PCD_MspInit) refers to stm32f4xx_hal_cortex.o(i.HAL_NVIC_SetPriority) for HAL_NVIC_SetPriority
    usbd_conf.o(i.HAL_PCD_MspInit) refers to stm32f4xx_hal_cortex.o(i.HAL_NVIC_EnableIRQ) for HAL_NVIC_EnableIRQ
    usbd_conf.o(i.HAL_PCD_ResetCallback) refers to usbd_core.o(i.USBD_LL_Reset) for USBD_LL_Reset
    usbd_conf.o(i.HAL_PCD_ResetCallback) refers to usbd_core.o(i.USBD_LL_SetSpeed) for USBD_LL_SetSpeed
    usbd_conf.o(i.HAL_PCD_ResumeCallback) refers to usbd_conf.o(i.SystemClockConfig_STOP) for SystemClockConfig_STOP
    usbd_conf.o(i.HAL_PCD_ResumeCallback) refers to usbd_core.o(i.USBD_LL_Resume) for USBD_LL_Resume
    usbd_conf.o(i.HAL_PCD_ResumeCallback) refers to usbd_conf.o(.data) for remotewakeupon
    usbd_conf.o(i.HAL_PCD_SOFCallback) refers to usbd_core.o(i.USBD_LL_SOF) for USBD_LL_SOF
    usbd_conf.o(i.HAL_PCD_SetupStageCallback) refers to usbd_core.o(i.USBD_LL_SetupStage) for USBD_LL_SetupStage
    usbd_conf.o(i.HAL_PCD_SuspendCallback) refers to usbd_core.o(i.USBD_LL_Suspend) for USBD_LL_Suspend
[...]
    ../clib/microlib/init/entry.s            0x00000000   Number         0  entry11b.o ABSOLUTE
    ../clib/microlib/init/entry.s            0x00000000   Number         0  entry10a.o ABSOLUTE
    ../clib/microlib/init/entry.s            0x00000000   Number         0  entry9b.o ABSOLUTE
    ../clib/microlib/init/entry.s            0x00000000   Number         0  entry.o ABSOLUTE
    ../clib/microlib/init/entry.s            0x00000000   Number         0  entry9a.o ABSOLUTE
    ../clib/microlib/init/entry.s            0x00000000   Number         0  entry11a.o ABSOLUTE
    ../clib/microlib/init/entry.s            0x00000000   Number         0  entry8b.o ABSOLUTE
    ../clib/microlib/init/entry.s            0x00000000   Number         0  entry10b.o ABSOLUTE
    ../clib/microlib/init/entry.s            0x00000000   Number         0  entry8a.o ABSOLUTE
    ../clib/microlib/init/entry.s            0x00000000   Number         0  entry7b.o ABSOLUTE
    ../clib/microlib/init/entry.s            0x00000000   Number         0  entry7a.o ABSOLUTE
    ../clib/microlib/init/entry.s            0x00000000   Number         0  entry2.o ABSOLUTE
    ../clib/microlib/init/entry.s            0x00000000   Number         0  entry5.o ABSOLUTE
    ../clib/microlib/malloc/malloc.c         0x00000000   Number         0  mallocr.o ABSOLUTE
    ../clib/microlib/malloc/malloc.c         0x00000000   Number         0  malloc.o ABSOLUTE
    ../clib/microlib/malloc/malloc.c         0x00000000   Number         0  mallocra.o ABSOLUTE
    ../clib/microlib/malloc/malloc.c         0x00000000   Number         0  malloca.o ABSOLUTE
    ../clib/microlib/malloc/mvars.c          0x00000000   Number         0  mvars.o ABSOLUTE
    ../clib/microlib/string/memcpy.c         0x00000000   Number         0  memcpyb.o ABSOLUTE
    ../clib/microlib/string/memcpy.c         0x00000000   Number         0  memcpya.o ABSOLUTE
    ..\..\..\..\..\..\Drivers\BSP\Components\stmpe1600\stmpe1600.c 0x00000000   Number         0  stmpe1600.o ABSOLUTE
    ..\..\..\..\..\..\Drivers\BSP\STM324x9I_EVAL\stm324x9i_eval.c 0x00000000   Number         0  stm324x9i_eval.o ABSOLUTE
    ..\..\..\..\..\..\Drivers\BSP\STM324x9I_EVAL\stm324x9i_eval_io.c 0x00000000   Number         0  stm324x9i_eval_io.o ABSOLUTE
    ..\..\..\..\..\..\Drivers\STM32F4xx_HAL_Driver\Src\stm32f4xx_hal.c 0x00000000   Number         0  stm32f4xx_hal.o ABSOLUTE
    ..\..\..\..\..\..\Drivers\STM32F4xx_HAL_Driver\Src\stm32f4xx_hal_cortex.c 0x00000000   Number         0  stm32f4xx_hal_cortex.o ABSOLUTE
    ..\..\..\..\..\..\Drivers\STM32F4xx_HAL_Driver\Src\stm32f4xx_hal_dma.c 0x00000000   Number         0  stm32f4xx_hal_dma.o ABSOLUTE
    ..\..\..\..\..\..\Drivers\STM32F4xx_HAL_Driver\Src\stm32f4xx_hal_dma_ex.c 0x00000000   Number         0  stm32f4xx_hal_dma_ex.o ABSOLUTE
    ..\..\..\..\..\..\Drivers\STM32F4xx_HAL_Driver\Src\stm32f4xx_hal_flash.c 0x00000000   Number         0  stm32f4xx_hal_flash.o ABSOLUTE
    ..\..\..\..\..\..\Drivers\STM32F4xx_HAL_Driver\Src\stm32f4xx_hal_flash_ex.c 0x00000000   Number         0  stm32f4xx_hal_flash_ex.o ABSOLUTE
    ..\..\..\..\..\..\Drivers\STM32F4xx_HAL_Driver\Src\stm32f4xx_hal_gpio.c 0x00000000   Number         0  stm32f4xx_hal_gpio.o ABSOLUTE
    ..\..\..\..\..\..\Drivers\STM32F4xx_HAL_Driver\Src\stm32f4xx_hal_i2c.c 0x00000000   Number         0  stm32f4xx_hal_i2c.o ABSOLUTE
    ..\..\..\..\..\..\Drivers\STM32F4xx_HAL_Driver\Src\stm32f4xx_hal_i2c_ex.c 0x00000000   Number         0  stm32f4xx_hal_i2c_ex.o ABSOLUTE
    ..\..\..\..\..\..\Drivers\STM32F4xx_HAL_Driver\Src\stm32f4xx_hal_pcd.c 0x00000000   Number         0  stm32f4xx_hal_pcd.o ABSOLUTE
    ..\..\..\..\..\..\Drivers\STM32F4xx_HAL_Driver\Src\stm32f4xx_hal_pcd_ex.c 0x00000000   Number         0  stm32f4xx_hal_pcd_ex.o ABSOLUTE
    ..\..\..\..\..\..\Drivers\STM32F4xx_HAL_Driver\Src\stm32f4xx_hal_rcc.c 0x00000000   Number         0  stm32f4xx_hal_rcc.o ABSOLUTE
    ..\..\..\..\..\..\Drivers\STM32F4xx_HAL_Driver\Src\stm32f4xx_hal_rcc_ex.c 0x00000000   Number         0  stm32f4xx_hal_rcc_ex.o ABSOLUTE
    ..\..\..\..\..\..\Drivers\STM32F4xx_HAL_Driver\Src\stm32f4xx_hal_uart.c 0x00000000   Number         0  stm32f4xx_hal_uart.o ABSOLUTE
    ..\..\..\..\..\..\Drivers\STM32F4xx_HAL_Driver\Src\stm32f4xx_ll_fmc.c 0x00000000   Number         0  stm32f4xx_ll_fmc.o ABSOLUTE
    ..\..\..\..\..\..\Drivers\STM32F4xx_HAL_Driver\Src\stm32f4xx_ll_usb.c 0x00000000   Number         0  stm32f4xx_ll_usb.o ABSOLUTE
    ..\..\..\..\..\..\Middlewares\ST\STM32_USB_Device_Library\Class\HID\Src\usbd_hid.c 0x00000000   Number         0  usbd_hid.o ABSOLUTE
    ..\..\..\..\..\..\Middlewares\ST\STM32_USB_Device_Library\Core\Src\usbd_core.c 0x00000000   Number         0  usbd_core.o ABSOLUTE
    ..\..\..\..\..\..\Middlewares\ST\STM32_USB_Device_Library\Core\Src\usbd_ctlreq.c 0x00000000   Number         0  usbd_ctlreq.o ABSOLUTE
    ..\..\..\..\..\..\Middlewares\ST\STM32_USB_Device_Library\Core\Src\usbd_ioreq.c 0x00000000   Number         0  usbd_ioreq.o ABSOLUTE
    ..\Src\main.c                            0x00000000   Number         0  main.o ABSOLUTE
    ..\Src\stm32f4xx_hal_msp.c               0x00000000   Number         0  stm32f4xx_hal_msp.o ABSOLUTE
    ..\Src\stm32f4xx_it.c                    0x00000000   Number         0  stm32f4xx_it.o ABSOLUTE
    ..\Src\system_stm32f4xx.c                0x00000000   Number         0  system_stm32f4xx.o ABSOLUTE
    ..\Src\usbd_conf.c                       0x00000000   Number         0  usbd_conf.o ABSOLUTE
    ..\Src\usbd_desc.c                       0x00000000   Number         0  usbd_desc.o ABSOLUTE
    ..\\..\\..\\..\\..\\..\\Drivers\\BSP\\STM324x9I_EVAL\\stm324x9i_eval.c 0x00000000   Number         0  stm324x9i_eval.o ABSOLUTE
    ..\\..\\..\\..\\..\\..\\Drivers\\BSP\\STM324x9I_EVAL\\stm324x9i_eval_io.c 0x00000000   Number         0  stm324x9i_eval_io.o ABSOLUTE
    ..\\..\\..\\..\\..\\..\\Drivers\\STM32F4xx_HAL_Driver\\Src\\stm32f4xx_hal.c 0x00000000   Number         0  stm32f4xx_hal.o ABSOLUTE
    ..\\..\\..\\..\\..\\..\\Drivers\\STM32F4xx_HAL_Driver\\Src\\stm32f4xx_hal_cortex.c 0x00000000   Number         0  stm32f4xx_hal_cortex.o ABSOLUTE
    ..\\..\\..\\..\\..\\..\\Drivers\\STM32F4xx_HAL_Driver\\Src\\stm32f4xx_hal_dma.c 0x00000000   Number         0  stm32f4xx_hal_dma.o ABSOLUTE
    ..\\..\\..\\..\\..\\..\\Drivers\\STM32F4xx_HAL_Driver\\Src\\stm32f4xx_hal_dma_ex.c 0x00000000   Number         0  stm32f4xx_hal_dma_ex.o ABSOLUTE
    ..\\..\\..\\..\\..\\..\\Drivers\\STM32F4xx_HAL_Driver\\Src\\stm32f4xx_hal_flash.c 0x00000000   Number         0  stm32f4xx_hal_flash.o ABSOLUTE
    ..\\..\\..\\..\\..\\..\\Drivers\\STM32F4xx_HAL_Driver\\Src\\stm32f4xx_hal_flash_ex.c 0x00000000   Number         0  stm32f4xx_hal_flash_ex.o ABSOLUTE
    ..\\..\\..\\..\\..\\..\\Drivers\\STM32F4xx_HAL_Driver\\Src\\stm32f4xx_hal_gpio.c 0x00000000   Number         0  stm32f4xx_hal_gpio.o ABSOLUTE
    ..\\..\\..\\..\\..\\..\\Drivers\\STM32F4xx_HAL_Driver\\Src\\stm32f4xx_hal_i2c.c 0x00000000   Number         0  stm32f4xx_hal_i2c.o ABSOLUTE
    ..\\..\\..\\..\\..\\..\\Drivers\\STM32F4xx_HAL_Driver\\Src\\stm32f4xx_hal_i2c_ex.c 0x00000000   Number         0  stm32f4xx_hal_i2c_ex.o ABSOLUTE
    ..\\..\\..\\..\\..\\..\\Drivers\\STM32F4xx_HAL_Driver\\Src\\stm32f4xx_hal_pcd.c 0x00000000   Number         0  stm32f4xx_hal_pcd.o ABSOLUTE
    ..\\..\\..\\..\\..\\..\\Drivers\\STM32F4xx_HAL_Driver\\Src\\stm32f4xx_hal_pcd_ex.c 0x00000000   Number         0  stm32f4xx_hal_pcd_ex.o ABSOLUTE
    ..\\..\\..\\..\\..\\..\\Drivers\\STM32F4xx_HAL_Driver\\Src\\stm32f4xx_hal_rcc.c 0x00000000   Number         0  stm32f4xx_hal_rcc.o ABSOLUTE
    ..\\..\\..\\..\\..\\..\\Drivers\\STM32F4xx_HAL_Driver\\Src\\stm32f4xx_hal_rcc_ex.c 0x00000000   Number         0  stm32f4xx_hal_rcc_ex.o ABSOLUTE
    ..\\..\\..\\..\\..\\..\\Drivers\\STM32F4xx_HAL_Driver\\Src\\stm32f4xx_hal_uart.c 0x00000000   Number         0  stm32f4xx_hal_uart.o ABSOLUTE
    ..\\..\\..\\..\\..\\..\\Drivers\\STM32F4xx_HAL_Driver\\Src\\stm32f4xx_ll_fmc.c 0x00000000   Number         0  stm32f4xx_ll_fmc.o ABSOLUTE
    ..\\..\\..\\..\\..\\..\\Drivers\\STM32F4xx_HAL_Driver\\Src\\stm32f4xx_ll_usb.c 0x00000000   Number         0  stm32f4xx_ll_usb.o ABSOLUTE
    ..\\..\\..\\..\\..\\..\\Middlewares\\ST\\STM32_USB_Device_Library\\Class\\HID\\Src\\usbd_hid.c 0x00000000   Number         0  usbd_hid.o ABSOLUTE
    ..\\..\\..\\..\\..\\..\\Middlewares\\ST\\STM32_USB_Device_Library\\Core\\Src\\usbd_core.c 0x00000000   Number         0  usbd_core.o ABSOLUTE
    ..\\..\\..\\..\\..\\..\\Middlewares\\ST\\STM32_USB_Device_Library\\Core\\Src\\usbd_ctlreq.c 0x00000000   Number         0  usbd_ctlreq.o ABSOLUTE
    ..\\..\\..\\..\\..\\..\\Middlewares\\ST\\STM32_USB_Device_Library\\Core\\Src\\usbd_ioreq.c 0x00000000   Number         0  usbd_ioreq.o ABSOLUTE
    ..\\Src\\main.c                          0x00000000   Number         0  main.o ABSOLUTE
    ..\\Src\\stm32f4xx_hal_msp.c             0x00000000   Number         0  stm32f4xx_hal_msp.o ABSOLUTE
    ..\\Src\\stm32f4xx_it.c                  0x00000000   Number         0  stm32f4xx_it.o ABSOLUTE
    ..\\Src\\system_stm32f4xx.c              0x00000000   Number         0  system_stm32f4xx.o ABSOLUTE
    ..\\Src\\usbd_conf.c                     0x00000000   Number         0  usbd_conf.o ABSOLUTE
    ..\\Src\\usbd_desc.c                     0x00000000   Number         0  usbd_desc.o ABSOLUTE
    dc.s                                     0x00000000   Number         0  dc.o ABSOLUTE
    handlers.s                               0x00000000   Number         0  handlers.o ABSOLUTE
    init.s                                   0x00000000   Number         0  init.o ABSOLUTE
    startup_stm32f407xx.s                    0x00000000   Number         0  startup_stm32f407xx.o ABSOLUTE
    RESET                                    0x08000000   Section      392  startup_stm32f407xx.o(RESET)
    .ARM.Collect$$$$00000000                 0x08000188   Section        0  entry.o(.ARM.Collect$$$$00000000)
    .ARM.Collect$$$$00000001                 0x08000188   Section        4  entry2.o(.ARM.Collect$$$$00000001)
    .ARM.Collect$$$$00000004                 0x0800018c   Section        4  entry5.o(.ARM.Collect$$$$00000004)
    .ARM.Collect$$$$00000008                 0x08000190   Section        0  entry7b.o(.ARM.Collect$$$$00000008)
    .ARM.Collect$$$$0000000A                 0x08000190   Section        0  entry8b.o(.ARM.Collect$$$$0000000A)
    .ARM.Collect$$$$0000000B                 0x08000190   Section        8  entry9a.o(.ARM.Collect$$$$0000000B)
    .ARM.Collect$$$$0000000D                 0x08000198   Section        0  entry10a.o(.ARM.Collect$$$$0000000D)
    .ARM.Collect$$$$0000000F                 0x08000198   Section        0  entry11a.o(.ARM.Collect$$$$0000000F)
    .ARM.Collect$$$$00002712                 0x08000198   Section        4  entry2.o(.ARM.Collect$$$$00002712)
    __lit__00000000                          0x08000198   Data           4  entry2.o(.ARM.Collect$$$$00002712)
    .text                                    0x0800019c   Section       36  startup_stm32f407xx.o(.text)
    $v0                                      0x0800019c   Number         0  startup_stm32f407xx.o(.text)
    .text                                    0x080001c0   Section        0  memcpya.o(.text)
    .text                                    0x080001e4   Section       36  init.o(.text)
    .text                                    0x08000208   Section        0  __dczerorl2.o(.text)
    i.BSP_LED_Init                           0x08000260   Section        0  stm324x9i_eval.o(i.BSP_LED_Init)
    i.BSP_LED_On                             0x08000338   Section        0  stm324x9i_eval.o(i.BSP_LED_On)
    i.BSP_LED_Toggle                         0x08000358   Section        0  stm324x9i_eval.o(i.BSP_LED_Toggle)
    i.BSP_PB_Init                            0x08000378   Section        0  stm324x9i_eval.o(i.BSP_PB_Init)
    i.BusFault_Handler                       0x0800042c   Section        0  stm32f4xx_it.o(i.BusFault_Handler)
    i.DebugMon_Handler                       0x08000430   Section        0  stm32f4xx_it.o(i.DebugMon_Handler)
    i.EXTI15_10_IRQHandler                   0x08000432   Section        0  stm32f4xx_it.o(i.EXTI15_10_IRQHandler)
    i.Error_Handler                          0x0800043c   Section        0  main.o(i.Error_Handler)
    Error_Handler                            0x0800043d   Thumb Code    10  main.o(i.Error_Handler)
    i.Get_SerialNum                          0x08000448   Section        0  usbd_desc.o(i.Get_SerialNum)
    Get_SerialNum                            0x08000449   Thumb Code    42  usbd_desc.o(i.Get_SerialNum)
    i.HAL_Delay                              0x0800047c   Section        0  stm32f4xx_hal.o(i.HAL_Delay)
    i.HAL_GPIO_EXTI_Callback                 0x08000498   Section        0  usbd_conf.o(i.HAL_GPIO_EXTI_Callback)
    i.HAL_GPIO_EXTI_IRQHandler               0x08000524   Section        0  stm32f4xx_hal_gpio.o(i.HAL_GPIO_EXTI_IRQHandler)
    i.HAL_GPIO_Init                          0x08000540   Section        0  stm32f4xx_hal_gpio.o(i.HAL_GPIO_Init)
    i.HAL_GPIO_TogglePin                     0x0800074c   Section        0  stm32f4xx_hal_gpio.o(i.HAL_GPIO_TogglePin)
    i.HAL_GPIO_WritePin                      0x08000754   Section        0  stm32f4xx_hal_gpio.o(i.HAL_GPIO_WritePin)
    i.HAL_GetREVID                           0x08000760   Section        0  stm32f4xx_hal.o(i.HAL_GetREVID)
    i.HAL_GetTick                            0x0800076c   Section        0  stm32f4xx_hal.o(i.HAL_GetTick)
    i.HAL_IncTick                            0x08000778   Section        0  stm32f4xx_hal.o(i.HAL_IncTick)
    i.HAL_Init                               0x08000788   Section        0  stm32f4xx_hal.o(i.HAL_Init)
    i.HAL_InitTick                           0x080007c4   Section        0  stm32f4xx_hal.o(i.HAL_InitTick)
    i.HAL_MspInit                            0x080007e8   Section        0  stm32f4xx_hal.o(i.HAL_MspInit)
    i.HAL_NVIC_EnableIRQ                     0x080007ea   Section        0  stm32f4xx_hal_cortex.o(i.HAL_NVIC_EnableIRQ)
    i.HAL_NVIC_SetPriority                   0x08000804   Section        0  stm32f4xx_hal_cortex.o(i.HAL_NVIC_SetPriority)
    i.HAL_NVIC_SetPriorityGrouping           0x08000880   Section        0  stm32f4xx_hal_cortex.o(i.HAL_NVIC_SetPriorityGrouping)
    i.HAL_PCDEx_SetRxFiFo                    0x080008a8   Section        0  stm32f4xx_hal_pcd_ex.o(i.HAL_PCDEx_SetRxFiFo)
    i.HAL_PCDEx_SetTxFiFo                    0x080008b2   Section        0  stm32f4xx_hal_pcd_ex.o(i.HAL_PCDEx_SetTxFiFo)
    i.HAL_PCD_ActivateRemoteWakeup           0x08000904   Section        0  stm32f4xx_hal_pcd.o(i.HAL_PCD_ActivateRemoteWakeup)
    i.HAL_PCD_ConnectCallback                0x08000928   Section        0  usbd_conf.o(i.HAL_PCD_ConnectCallback)
    i.HAL_PCD_DataInStageCallback            0x08000936   Section        0  usbd_conf.o(i.HAL_PCD_DataInStageCallback)
    i.HAL_PCD_DataOutStageCallback           0x08000956   Section        0  usbd_conf.o(i.HAL_PCD_DataOutStageCallback)
    i.HAL_PCD_DeActivateRemoteWakeup         0x08000976   Section        0  stm32f4xx_hal_pcd.o(i.HAL_PCD_DeActivateRemoteWakeup)
    i.HAL_PCD_DisconnectCallback             0x0800098e   Section        0  usbd_conf.o(i.HAL_PCD_DisconnectCallback)
    i.HAL_PCD_EP_Close                       0x0800099c   Section        0  stm32f4xx_hal_pcd.o(i.HAL_PCD_EP_Close)
    i.HAL_PCD_EP_ClrStall                    0x08000a06   Section        0  stm32f4xx_hal_pcd.o(i.HAL_PCD_EP_ClrStall)
    i.HAL_PCD_EP_Open                        0x08000a6e   Section        0  stm32f4xx_hal_pcd.o(i.HAL_PCD_EP_Open)
    i.HAL_PCD_EP_Receive                     0x08000afa   Section        0  stm32f4xx_hal_pcd.o(i.HAL_PCD_EP_Receive)
    i.HAL_PCD_EP_SetStall                    0x08000b72   Section        0  stm32f4xx_hal_pcd.o(i.HAL_PCD_EP_SetStall)
    i.HAL_PCD_EP_Transmit                    0x08000bec   Section        0  stm32f4xx_hal_pcd.o(i.HAL_PCD_EP_Transmit)
    i.HAL_PCD_IRQHandler                     0x08000c66   Section        0  stm32f4xx_hal_pcd.o(i.HAL_PCD_IRQHandler)
    i.HAL_PCD_ISOINIncompleteCallback        0x080011c4   Section        0  usbd_conf.o(i.HAL_PCD_ISOINIncompleteCallback)
    i.HAL_PCD_ISOOUTIncompleteCallback       0x080011d6   Section        0  usbd_conf.o(i.HAL_PCD_ISOOUTIncompleteCallback)
    i.HAL_PCD_Init                           0x080011e8   Section        0  stm32f4xx_hal_pcd.o(i.HAL_PCD_Init)
    i.HAL_PCD_MspInit                        0x0800132c   Section        0  usbd_conf.o(i.HAL_PCD_MspInit)
    i.HAL_PCD_ResetCallback                  0x080015f0   Section        0  usbd_conf.o(i.HAL_PCD_ResetCallback)
    i.HAL_PCD_ResumeCallback                 0x08001624   Section        0  usbd_conf.o(i.HAL_PCD_ResumeCallback)
    i.HAL_PCD_SOFCallback                    0x0800166c   Section        0  usbd_conf.o(i.HAL_PCD_SOFCallback)
    i.HAL_PCD_SetAddress                     0x0800167a   Section        0  stm32f4xx_hal_pcd.o(i.HAL_PCD_SetAddress)
    i.HAL_PCD_SetupStageCallback             0x080016ac   Section        0  usbd_conf.o(i.HAL_PCD_SetupStageCallback)
    i.HAL_PCD_Start                          0x080016be   Section        0  stm32f4xx_hal_pcd.o(i.HAL_PCD_Start)
    i.HAL_PCD_SuspendCallback                0x080016f4   Section        0  usbd_conf.o(i.HAL_PCD_SuspendCallback)
    i.HAL_RCC_ClockConfig                    0x08001734   Section        0  stm32f4xx_hal_rcc.o(i.HAL_RCC_ClockConfig)
    i.HAL_RCC_GetHCLKFreq                    0x080018d8   Section        0  stm32f4xx_hal_rcc.o(i.HAL_RCC_GetHCLKFreq)
    i.HAL_RCC_GetPCLK1Freq                   0x08001910   Section        0  stm32f4xx_hal_rcc.o(i.HAL_RCC_GetPCLK1Freq)
    i.HAL_RCC_GetPCLK2Freq                   0x0800193c   Section        0  stm32f4xx_hal_rcc.o(i.HAL_RCC_GetPCLK2Freq)
    i.HAL_RCC_GetSysClockFreq                0x08001968   Section        0  stm32f4xx_hal_rcc.o(i.HAL_RCC_GetSysClockFreq)
    i.HAL_RCC_OscConfig                      0x08001a1c   Section        0  stm32f4xx_hal_rcc.o(i.HAL_RCC_OscConfig)
    i.HAL_SYSTICK_Config                     0x08001db8   Section        0  stm32f4xx_hal_cortex.o(i.HAL_SYSTICK_Config)
    i.HAL_UART_Init                          0x08001dec   Section        0  stm32f4xx_hal_uart.o(i.HAL_UART_Init)
    i.HAL_UART_MspInit                       0x08001e60   Section        0  stm32f4xx_hal_msp.o(i.HAL_UART_MspInit)
    i.HAL_UART_Receive                       0x08001f00   Section        0  stm32f4xx_hal_uart.o(i.HAL_UART_Receive)
    i.HardFault_Handler                      0x08001fcc   Section        0  stm32f4xx_it.o(i.HardFault_Handler)
    i.IntToUnicode                           0x08001fd0   Section        0  usbd_desc.o(i.IntToUnicode)
    IntToUnicode                             0x08001fd1   Thumb Code    62  usbd_desc.o(i.IntToUnicode)
    i.MemManage_Handler                      0x0800200e   Section        0  stm32f4xx_it.o(i.MemManage_Handler)
    i.NMI_Handler                            0x08002012   Section        0  stm32f4xx_it.o(i.NMI_Handler)
    i.NVIC_GetPriorityGrouping               0x08002014   Section        0  stm32f4xx_hal_cortex.o(i.NVIC_GetPriorityGrouping)
    NVIC_GetPriorityGrouping                 0x08002015   Thumb Code    10  stm32f4xx_hal_cortex.o(i.NVIC_GetPriorityGrouping)
    i.NVIC_SetPriority                       0x08002024   Section        0  stm32f4xx_hal_cortex.o(i.NVIC_SetPriority)
    NVIC_SetPriority                         0x08002025   Thumb Code    32  stm32f4xx_hal_cortex.o(i.NVIC_SetPriority)
    i.OTG_FS_IRQHandler                      0x0800204c   Section        0  stm32f4xx_it.o(i.OTG_FS_IRQHandler)
    i.OTG_FS_WKUP_IRQHandler                 0x0800205c   Section        0  stm32f4xx_it.o(i.OTG_FS_WKUP_IRQHandler)
    i.PCD_WriteEmptyTxFifo                   0x080020f0   Section        0  stm32f4xx_hal_pcd.o(i.PCD_WriteEmptyTxFifo)
    PCD_WriteEmptyTxFifo                     0x080020f1   Thumb Code   162  stm32f4xx_hal_pcd.o(i.PCD_WriteEmptyTxFifo)
    i.PendSV_Handler                         0x08002192   Section        0  stm32f4xx_it.o(i.PendSV_Handler)
    i.SVC_Handler                            0x08002194   Section        0  stm32f4xx_it.o(i.SVC_Handler)
    i.SysTick_Handler                        0x08002198   Section        0  stm32f4xx_it.o(i.SysTick_Handler)
    i.SystemClockConfig_STOP                 0x080021e4   Section        0  usbd_conf.o(i.SystemClockConfig_STOP)
    SystemClockConfig_STOP                   0x080021e5   Thumb Code    80  usbd_conf.o(i.SystemClockConfig_STOP)
    i.SystemClock_Config                     0x0800223c   Section        0  main.o(i.SystemClock_Config)
    i.SystemInit                             0x080022fc   Section        0  system_stm32f4xx.o(i.SystemInit)
    i.Toggle_Leds                            0x08002360   Section        0  main.o(i.Toggle_Leds)
    i.UART_SetConfig                         0x0800237c   Section        0  stm32f4xx_hal_uart.o(i.UART_SetConfig)
    UART_SetConfig                           0x0800237d   Thumb Code   864  stm32f4xx_hal_uart.o(i.UART_SetConfig)
    i.UART_WaitOnFlagUntilTimeout            0x080026e4   Section        0  stm32f4xx_hal_uart.o(i.UART_WaitOnFlagUntilTimeout)
    UART_WaitOnFlagUntilTimeout              0x080026e5   Thumb Code   260  stm32f4xx_hal_uart.o(i.UART_WaitOnFlagUntilTimeout)
    i.USBD_ClrClassConfig                    0x080027e8   Section        0  usbd_core.o(i.USBD_ClrClassConfig)
    i.USBD_ClrFeature                        0x080027fe   Section        0  usbd_ctlreq.o(i.USBD_ClrFeature)
    USBD_ClrFeature                          0x080027ff   Thumb Code    68  usbd_ctlreq.o(i.USBD_ClrFeature)
    i.USBD_CtlContinueRx                     0x08002842   Section        0  usbd_ioreq.o(i.USBD_CtlContinueRx)
    i.USBD_CtlContinueSendData               0x0800285a   Section        0  usbd_ioreq.o(i.USBD_CtlContinueSendData)
    i.USBD_CtlError                          0x08002872   Section        0  usbd_ctlreq.o(i.USBD_CtlError)
    i.USBD_CtlReceiveStatus                  0x0800288a   Section        0  usbd_ioreq.o(i.USBD_CtlReceiveStatus)
    i.USBD_CtlSendData                       0x080028a4   Section        0  usbd_ioreq.o(i.USBD_CtlSendData)
    i.USBD_CtlSendStatus                     0x080028c6   Section        0  usbd_ioreq.o(i.USBD_CtlSendStatus)
    i.USBD_GetConfig                         0x080028e0   Section        0  usbd_ctlreq.o(i.USBD_GetConfig)
    USBD_GetConfig                           0x080028e1   Thumb Code    80  usbd_ctlreq.o(i.USBD_GetConfig)
    i.USBD_GetDescriptor                     0x08002930   Section        0  usbd_ctlreq.o(i.USBD_GetDescriptor)
    USBD_GetDescriptor                       0x08002931   Thumb Code   328  usbd_ctlreq.o(i.USBD_GetDescriptor)
    i.USBD_GetLen                            0x08002a78   Section        0  usbd_ctlreq.o(i.USBD_GetLen)
    USBD_GetLen                              0x08002a79   Thumb Code    20  usbd_ctlreq.o(i.USBD_GetLen)
    i.USBD_GetStatus                         0x08002a8c   Section        0  usbd_ctlreq.o(i.USBD_GetStatus)
    USBD_GetStatus                           0x08002a8d   Thumb Code    68  usbd_ctlreq.o(i.USBD_GetStatus)
    i.USBD_GetString                         0x08002ad0   Section        0  usbd_ctlreq.o(i.USBD_GetString)
    i.USBD_HID_ConfigStrDescriptor           0x08002b24   Section        0  usbd_desc.o(i.USBD_HID_ConfigStrDescriptor)
    i.USBD_HID_DataIn                        0x08002b58   Section        0  usbd_hid.o(i.USBD_HID_DataIn)
    USBD_HID_DataIn                          0x08002b59   Thumb Code    12  usbd_hid.o(i.USBD_HID_DataIn)
    i.USBD_HID_DeInit                        0x08002b64   Section        0  usbd_hid.o(i.USBD_HID_DeInit)
    USBD_HID_DeInit                          0x08002b65   Thumb Code    38  usbd_hid.o(i.USBD_HID_DeInit)
    i.USBD_HID_DeviceDescriptor              0x08002b8c   Section        0  usbd_desc.o(i.USBD_HID_DeviceDescriptor)
    i.USBD_HID_GetCfgDesc                    0x08002b9c   Section        0  usbd_hid.o(i.USBD_HID_GetCfgDesc)
    USBD_HID_GetCfgDesc                      0x08002b9d   Thumb Code    10  usbd_hid.o(i.USBD_HID_GetCfgDesc)
    i.USBD_HID_GetDeviceQualifierDesc        0x08002bac   Section        0  usbd_hid.o(i.USBD_HID_GetDeviceQualifierDesc)
    USBD_HID_GetDeviceQualifierDesc          0x08002bad   Thumb Code    10  usbd_hid.o(i.USBD_HID_GetDeviceQualifierDesc)
    i.USBD_HID_GetPollingInterval            0x08002bbc   Section        0  usbd_hid.o(i.USBD_HID_GetPollingInterval)
    i.USBD_HID_Init                          0x08002bcc   Section        0  usbd_hid.o(i.USBD_HID_Init)
    USBD_HID_Init                            0x08002bcd   Thumb Code    52  usbd_hid.o(i.USBD_HID_Init)
    i.USBD_HID_InterfaceStrDescriptor        0x08002c00   Section        0  usbd_desc.o(i.USBD_HID_InterfaceStrDescriptor)
    i.USBD_HID_LangIDStrDescriptor           0x08002c38   Section        0  usbd_desc.o(i.USBD_HID_LangIDStrDescriptor)
    i.USBD_HID_ManufacturerStrDescriptor     0x08002c48   Section        0  usbd_desc.o(i.USBD_HID_ManufacturerStrDescriptor)
    i.USBD_HID_ProductStrDescriptor          0x08002c74   Section        0  usbd_desc.o(i.USBD_HID_ProductStrDescriptor)
    i.USBD_HID_SendReport                    0x08002ccc   Section        0  usbd_hid.o(i.USBD_HID_SendReport)
    i.USBD_HID_SerialStrDescriptor           0x08002cfc   Section        0  usbd_desc.o(i.USBD_HID_SerialStrDescriptor)
    i.USBD_HID_Setup                         0x08002d14   Section        0  usbd_hid.o(i.USBD_HID_Setup)
    USBD_HID_Setup                           0x08002d15   Thumb Code   216  usbd_hid.o(i.USBD_HID_Setup)
    i.USBD_Init                              0x08002df4   Section        0  usbd_core.o(i.USBD_Init)
    i.USBD_LL_ClearStallEP                   0x08002e26   Section        0  usbd_conf.o(i.USBD_LL_ClearStallEP)
    i.USBD_LL_CloseEP                        0x08002e3a   Section        0  usbd_conf.o(i.USBD_LL_CloseEP)
    i.USBD_LL_DataInStage                    0x08002e4e   Section        0  usbd_core.o(i.USBD_LL_DataInStage)
    i.USBD_LL_DataOutStage                   0x08002f28   Section        0  usbd_core.o(i.USBD_LL_DataOutStage)
    i.USBD_LL_DevConnected                   0x08002fae   Section        0  usbd_core.o(i.USBD_LL_DevConnected)
    i.USBD_LL_DevDisconnected                0x08002fb4   Section        0  usbd_core.o(i.USBD_LL_DevDisconnected)
    i.USBD_LL_Init                           0x08002fd0   Section        0  usbd_conf.o(i.USBD_LL_Init)
    i.USBD_LL_IsStallEP                      0x08003034   Section        0  usbd_conf.o(i.USBD_LL_IsStallEP)
    i.USBD_LL_IsoINIncomplete                0x0800306c   Section        0  usbd_core.o(i.USBD_LL_IsoINIncomplete)
    i.USBD_LL_IsoOUTIncomplete               0x08003072   Section        0  usbd_core.o(i.USBD_LL_IsoOUTIncomplete)
    i.USBD_LL_OpenEP                         0x08003078   Section        0  usbd_conf.o(i.USBD_LL_OpenEP)
    i.USBD_LL_PrepareReceive                 0x08003098   Section        0  usbd_conf.o(i.USBD_LL_PrepareReceive)
    i.USBD_LL_Reset                          0x080030b8   Section        0  usbd_core.o(i.USBD_LL_Reset)
    i.USBD_LL_Resume                         0x080030fc   Section        0  usbd_core.o(i.USBD_LL_Resume)
    i.USBD_LL_SOF                            0x0800310a   Section        0  usbd_core.o(i.USBD_LL_SOF)
    i.USBD_LL_SetSpeed                       0x0800312c   Section        0  usbd_core.o(i.USBD_LL_SetSpeed)
    i.USBD_LL_SetUSBAddress                  0x08003134   Section        0  usbd_conf.o(i.USBD_LL_SetUSBAddress)
    i.USBD_LL_SetupStage                     0x08003148   Section        0  usbd_core.o(i.USBD_LL_SetupStage)
    i.USBD_LL_StallEP                        0x080031b6   Section        0  usbd_conf.o(i.USBD_LL_StallEP)
    i.USBD_LL_Start                          0x080031ca   Section        0  usbd_conf.o(i.USBD_LL_Start)
    i.USBD_LL_Suspend                        0x080031da   Section        0  usbd_core.o(i.USBD_LL_Suspend)
    i.USBD_LL_Transmit                       0x080031ee   Section        0  usbd_conf.o(i.USBD_LL_Transmit)
    i.USBD_ParseSetupRequest                 0x0800320e   Section        0  usbd_ctlreq.o(i.USBD_ParseSetupRequest)
    i.USBD_RegisterClass                     0x08003236   Section        0  usbd_core.o(i.USBD_RegisterClass)
    i.USBD_RunTestMode                       0x08003246   Section        0  usbd_core.o(i.USBD_RunTestMode)
    i.USBD_SetAddress                        0x0800324c   Section        0  usbd_ctlreq.o(i.USBD_SetAddress)
    USBD_SetAddress                          0x0800324d   Thumb Code    84  usbd_ctlreq.o(i.USBD_SetAddress)
    i.USBD_SetClassConfig                    0x080032a0   Section        0  usbd_core.o(i.USBD_SetClassConfig)
    i.USBD_SetConfig                         0x080032c4   Section        0  usbd_ctlreq.o(i.USBD_SetConfig)
    USBD_SetConfig                           0x080032c5   Thumb Code   218  usbd_ctlreq.o(i.USBD_SetConfig)
    i.USBD_SetFeature                        0x080033a4   Section        0  usbd_ctlreq.o(i.USBD_SetFeature)
    USBD_SetFeature                          0x080033a5   Thumb Code    36  usbd_ctlreq.o(i.USBD_SetFeature)
    i.USBD_Start                             0x080033c8   Section        0  usbd_core.o(i.USBD_Start)
    i.USBD_StdDevReq                         0x080033d6   Section        0  usbd_ctlreq.o(i.USBD_StdDevReq)
    i.USBD_StdEPReq                          0x08003448   Section        0  usbd_ctlreq.o(i.USBD_StdEPReq)
    i.USBD_StdItfReq                         0x0800359e   Section        0  usbd_ctlreq.o(i.USBD_StdItfReq)
    i.USB_ActivateEndpoint                   0x080035e8   Section        0  stm32f4xx_ll_usb.o(i.USB_ActivateEndpoint)
    i.USB_ActivateSetup                      0x080036ac   Section        0  stm32f4xx_ll_usb.o(i.USB_ActivateSetup)
    i.USB_CoreInit                           0x080036f0   Section        0  stm32f4xx_ll_usb.o(i.USB_CoreInit)
    i.USB_CoreReset                          0x08003760   Section        0  stm32f4xx_ll_usb.o(i.USB_CoreReset)
    USB_CoreReset                            0x08003761   Thumb Code    70  stm32f4xx_ll_usb.o(i.USB_CoreReset)
    i.USB_DeactivateEndpoint                 0x080037ac   Section        0  stm32f4xx_ll_usb.o(i.USB_DeactivateEndpoint)
    i.USB_DevConnect                         0x08003854   Section        0  stm32f4xx_ll_usb.o(i.USB_DevConnect)
    i.USB_DevDisconnect                      0x08003872   Section        0  stm32f4xx_ll_usb.o(i.USB_DevDisconnect)
    i.USB_DevInit                            0x08003890   Section        0  stm32f4xx_ll_usb.o(i.USB_DevInit)
    i.USB_DisableGlobalInt                   0x08003a2c   Section        0  stm32f4xx_ll_usb.o(i.USB_DisableGlobalInt)
    i.USB_EP0StartXfer                       0x08003a3c   Section        0  stm32f4xx_ll_usb.o(i.USB_EP0StartXfer)
    i.USB_EP0_OutStart                       0x08003bec   Section        0  stm32f4xx_ll_usb.o(i.USB_EP0_OutStart)
    i.USB_EPClearStall                       0x08003c30   Section        0  stm32f4xx_ll_usb.o(i.USB_EPClearStall)
    i.USB_EPSetStall                         0x08003cb8   Section        0  stm32f4xx_ll_usb.o(i.USB_EPSetStall)
    i.USB_EPStartXfer                        0x08003d44   Section        0  stm32f4xx_ll_usb.o(i.USB_EPStartXfer)
    i.USB_EnableGlobalInt                    0x08004014   Section        0  stm32f4xx_ll_usb.o(i.USB_EnableGlobalInt)
    i.USB_FlushRxFifo                        0x08004024   Section        0  stm32f4xx_ll_usb.o(i.USB_FlushRxFifo)
    i.USB_FlushTxFifo                        0x08004050   Section        0  stm32f4xx_ll_usb.o(i.USB_FlushTxFifo)
    i.USB_GetDevSpeed                        0x08004080   Section        0  stm32f4xx_ll_usb.o(i.USB_GetDevSpeed)
    i.USB_GetMode                            0x080040c4   Section        0  stm32f4xx_ll_usb.o(i.USB_GetMode)
    i.USB_ReadDevAllInEpInterrupt            0x080040ce   Section        0  stm32f4xx_ll_usb.o(i.USB_ReadDevAllInEpInterrupt)
    i.USB_ReadDevAllOutEpInterrupt           0x080040e0   Section        0  stm32f4xx_ll_usb.o(i.USB_ReadDevAllOutEpInterrupt)
    i.USB_ReadDevInEPInterrupt               0x080040f2   Section        0  stm32f4xx_ll_usb.o(i.USB_ReadDevInEPInterrupt)
    i.USB_ReadDevOutEPInterrupt              0x0800411e   Section        0  stm32f4xx_ll_usb.o(i.USB_ReadDevOutEPInterrupt)
    i.USB_ReadInterrupts                     0x08004134   Section        0  stm32f4xx_ll_usb.o(i.USB_ReadInterrupts)
    i.USB_ReadPacket                         0x08004140   Section        0  stm32f4xx_ll_usb.o(i.USB_ReadPacket)
    i.USB_SetCurrentMode                     0x08004162   Section        0  stm32f4xx_ll_usb.o(i.USB_SetCurrentMode)
    i.USB_SetDevAddress                      0x08004192   Section        0  stm32f4xx_ll_usb.o(i.USB_SetDevAddress)
    i.USB_SetDevSpeed                        0x080041b6   Section        0  stm32f4xx_ll_usb.o(i.USB_SetDevSpeed)
    i.USB_WritePacket                        0x080041c6   Section        0  stm32f4xx_ll_usb.o(i.USB_WritePacket)
    i.UsageFault_Handler                     0x080041f6   Section        0  stm32f4xx_it.o(i.UsageFault_Handler)
    i.__scatterload_copy                     0x080041fa   Section       14  handlers.o(i.__scatterload_copy)
    i.__scatterload_null                     0x08004208   Section        2  handlers.o(i.__scatterload_null)
    i.__scatterload_zeroinit                 0x0800420a   Section       14  handlers.o(i.__scatterload_zeroinit)
    i.free                                   0x08004218   Section        0  malloc.o(i.free)
    i.main                                   0x08004268   Section        0  main.o(i.main)
    i.malloc                                 0x080044b4   Section        0  malloc.o(i.malloc)
    .constdata                               0x08004520   Section       28  stm324x9i_eval.o(.constdata)
    .constdata                               0x0800453c   Section       16  stm32f4xx_hal_rcc.o(.constdata)
    .data                                    0x20000000   Section       78  usbd_desc.o(.data)
    .data                                    0x20000050   Section        4  usbd_conf.o(.data)
    .data                                    0x20000054   Section       12  stm32f4xx_it.o(.data)
    counter                                  0x2000005c   Data           4  stm32f4xx_it.o(.data)
    .data                                    0x20000060   Section       20  main.o(.data)
    counter                                  0x20000070   Data           4  main.o(.data)
    .data                                    0x20000074   Section       20  system_stm32f4xx.o(.data)
    .data                                    0x20000088   Section       41  stm324x9i_eval.o(.data)
    I2C_IT_Enabled                           0x200000b0   Data           1  stm324x9i_eval.o(.data)
    .data                                    0x200000b1   Section        1  usbd_ctlreq.o(.data)
    cfgidx                                   0x200000b1   Data           1  usbd_ctlreq.o(.data)
    .data                                    0x200000b4   Section      168  usbd_hid.o(.data)
    USBD_HID_CfgDesc                         0x200000ec   Data          34  usbd_hid.o(.data)
    USBD_HID_Desc                            0x20000110   Data           9  usbd_hid.o(.data)
    USBD_HID_DeviceQualifierDesc             0x2000011c   Data          10  usbd_hid.o(.data)
    HID_MOUSE_ReportDesc                     0x20000128   Data          52  usbd_hid.o(.data)
    .data                                    0x2000015c   Section        4  stm32f4xx_hal.o(.data)
    .data                                    0x20000160   Section        4  mvars.o(.data)
    .data                                    0x20000164   Section        4  mvars.o(.data)
    .bss                                     0x20000168   Section      256  usbd_desc.o(.bss)
    .bss                                     0x20000268   Section      952  usbd_conf.o(.bss)
    .bss                                     0x20000620   Section      812  main.o(.bss)
    HEAP                                     0x20000950   Section      512  startup_stm32f407xx.o(HEAP)
    STACK                                    0x20000b50   Section     1024  startup_stm32f407xx.o(STACK)

    Global Symbols

    Symbol Name                              Value     Ov Type        Size  Object(Section)

    BuildAttributes$$THM_ISAv4$E$P$D$K$B$S$7EM$VFPi3$EXTD16$VFPS$VFMA$PE$A:L22UL41UL21$X:L11$S22US41US21$IEEE1$IW$USESV6$~STKCKD$USESV7$~SHL$OSPACE$EBA8$MICROLIB$REQ8$PRES8$EABIv2 0x00000000   Number         0  anon$$obj.o ABSOLUTE
    __ARM_use_no_argv                        0x00000000   Number         0  main.o ABSOLUTE
    __cpp_initialize__aeabi_                  - Undefined Weak Reference
    __cxa_finalize                            - Undefined Weak Reference
    _clock_init                               - Undefined Weak Reference
    _microlib_exit                            - Undefined Weak Reference
    __Vectors_Size                           0x00000188   Number         0  startup_stm32f407xx.o ABSOLUTE
    __Vectors                                0x08000000   Data           4  startup_stm32f407xx.o(RESET)
    __Vectors_End                            0x08000188   Data           0  startup_stm32f407xx.o(RESET)
    __main                                   0x08000189   Thumb Code     0  entry.o(.ARM.Collect$$$$00000000)
    _main_stk                                0x08000189   Thumb Code     0  entry2.o(.ARM.Collect$$$$00000001)
    _main_scatterload                        0x0800018d   Thumb Code     0  entry5.o(.ARM.Collect$$$$00000004)
    __main_after_scatterload                 0x08000191   Thumb Code     0  entry5.o(.ARM.Collect$$$$00000004)
    _main_clock                              0x08000191   Thumb Code     0  entry7b.o(.ARM.Collect$$$$00000008)
    _main_cpp_init                           0x08000191   Thumb Code     0  entry8b.o(.ARM.Collect$$$$0000000A)
    _main_init                               0x08000191   Thumb Code     0  entry9a.o(.ARM.Collect$$$$0000000B)
    __rt_final_cpp                           0x08000199   Thumb Code     0  entry10a.o(.ARM.Collect$$$$0000000D)
    __rt_final_exit                          0x08000199   Thumb Code     0  entry11a.o(.ARM.Collect$$$$0000000F)
    Reset_Handler                            0x0800019d   Thumb Code     8  startup_stm32f407xx.o(.text)
    ADC_IRQHandler                           0x080001b7   Thumb Code     0  startup_stm32f407xx.o(.text)
    CAN1_RX0_IRQHandler                      0x080001b7   Thumb Code     0  startup_stm32f407xx.o(.text)
    CAN1_RX1_IRQHandler                      0x080001b7   Thumb Code     0  startup_stm32f407xx.o(.text)
    CAN1_SCE_IRQHandler                      0x080001b7   Thumb Code     0  startup_stm32f407xx.o(.text)
    CAN1_TX_IRQHandler                       0x080001b7   Thumb Code     0  startup_stm32f407xx.o(.text)
    CAN2_RX0_IRQHandler                      0x080001b7   Thumb Code     0  startup_stm32f407xx.o(.text)
    CAN2_RX1_IRQHandler                      0x080001b7   Thumb Code     0  startup_stm32f407xx.o(.text)
    CAN2_SCE_IRQHandler                      0x080001b7   Thumb Code     0  startup_stm32f407xx.o(.text)
    CAN2_TX_IRQHandler                       0x080001b7   Thumb Code     0  startup_stm32f407xx.o(.text)
    DCMI_IRQHandler                          0x080001b7   Thumb Code     0  startup_stm32f407xx.o(.text)
    DMA1_Stream0_IRQHandler                  0x080001b7   Thumb Code     0  startup_stm32f407xx.o(.text)
    DMA1_Stream1_IRQHandler                  0x080001b7   Thumb Code     0  startup_stm32f407xx.o(.text)
    DMA1_Stream2_IRQHandler                  0x080001b7   Thumb Code     0  startup_stm32f407xx.o(.text)
    DMA1_Stream3_IRQHandler                  0x080001b7   Thumb Code     0  startup_stm32f407xx.o(.text)
    DMA1_Stream4_IRQHandler                  0x080001b7   Thumb Code     0  startup_stm32f407xx.o(.text)
    DMA1_Stream5_IRQHandler                  0x080001b7   Thumb Code     0  startup_stm32f407xx.o(.text)
    DMA1_Stream6_IRQHandler                  0x080001b7   Thumb Code     0  startup_stm32f407xx.o(.text)
    DMA1_Stream7_IRQHandler                  0x080001b7   Thumb Code     0  startup_stm32f407xx.o(.text)
    DMA2_Stream0_IRQHandler                  0x080001b7   Thumb Code     0  startup_stm32f407xx.o(.text)
    DMA2_Stream1_IRQHandler                  0x080001b7   Thumb Code     0  startup_stm32f407xx.o(.text)
    DMA2_Stream2_IRQHandler                  0x080001b7   Thumb Code     0  startup_stm32f407xx.o(.text)
    DMA2_Stream3_IRQHandler                  0x080001b7   Thumb Code     0  startup_stm32f407xx.o(.text)
    DMA2_Stream4_IRQHandler                  0x080001b7   Thumb Code     0  startup_stm32f407xx.o(.text)
    DMA2_Stream5_IRQHandler                  0x080001b7   Thumb Code     0  startup_stm32f407xx.o(.text)
    DMA2_Stream6_IRQHandler                  0x080001b7   Thumb Code     0  startup_stm32f407xx.o(.text)
    DMA2_Stream7_IRQHandler                  0x080001b7   Thumb Code     0  startup_stm32f407xx.o(.text)
    ETH_IRQHandler                           0x080001b7   Thumb Code     0  startup_stm32f407xx.o(.text)
    ETH_WKUP_IRQHandler                      0x080001b7   Thumb Code     0  startup_stm32f407xx.o(.text)
    EXTI0_IRQHandler                         0x080001b7   Thumb Code     0  startup_stm32f407xx.o(.text)
    EXTI1_IRQHandler                         0x080001b7   Thumb Code     0  startup_stm32f407xx.o(.text)
    EXTI2_IRQHandler                         0x080001b7   Thumb Code     0  startup_stm32f407xx.o(.text)
    EXTI3_IRQHandler                         0x080001b7   Thumb Code     0  startup_stm32f407xx.o(.text)
    EXTI4_IRQHandler                         0x080001b7   Thumb Code     0  startup_stm32f407xx.o(.text)
    EXTI9_5_IRQHandler                       0x080001b7   Thumb Code     0  startup_stm32f407xx.o(.text)
    FLASH_IRQHandler                         0x080001b7   Thumb Code     0  startup_stm32f407xx.o(.text)
    FMC_IRQHandler                           0x080001b7   Thumb Code     0  startup_stm32f407xx.o(.text)
    FPU_IRQHandler                           0x080001b7   Thumb Code     0  startup_stm32f407xx.o(.text)
    HASH_RNG_IRQHandler                      0x080001b7   Thumb Code     0  startup_stm32f407xx.o(.text)
    I2C1_ER_IRQHandler                       0x080001b7   Thumb Code     0  startup_stm32f407xx.o(.text)
    I2C1_EV_IRQHandler                       0x080001b7   Thumb Code     0  startup_stm32f407xx.o(.text)
    I2C2_ER_IRQHandler                       0x080001b7   Thumb Code     0  startup_stm32f407xx.o(.text)
    I2C2_EV_IRQHandler                       0x080001b7   Thumb Code     0  startup_stm32f407xx.o(.text)
    I2C3_ER_IRQHandler                       0x080001b7   Thumb Code     0  startup_stm32f407xx.o(.text)
    I2C3_EV_IRQHandler                       0x080001b7   Thumb Code     0  startup_stm32f407xx.o(.text)
    OTG_HS_EP1_IN_IRQHandler                 0x080001b7   Thumb Code     0  startup_stm32f407xx.o(.text)
    OTG_HS_EP1_OUT_IRQHandler                0x080001b7   Thumb Code     0  startup_stm32f407xx.o(.text)
    OTG_HS_IRQHandler                        0x080001b7   Thumb Code     0  startup_stm32f407xx.o(.text)
    OTG_HS_WKUP_IRQHandler                   0x080001b7   Thumb Code     0  startup_stm32f407xx.o(.text)
    PVD_IRQHandler                           0x080001b7   Thumb Code     0  startup_stm32f407xx.o(.text)
    RCC_IRQHandler                           0x080001b7   Thumb Code     0  startup_stm32f407xx.o(.text)
    RTC_Alarm_IRQHandler                     0x080001b7   Thumb Code     0  startup_stm32f407xx.o(.text)
    RTC_WKUP_IRQHandler                      0x080001b7   Thumb Code     0  startup_stm32f407xx.o(.text)
    SDIO_IRQHandler                          0x080001b7   Thumb Code     0  startup_stm32f407xx.o(.text)
    SPI1_IRQHandler                          0x080001b7   Thumb Code     0  startup_stm32f407xx.o(.text)
    SPI2_IRQHandler                          0x080001b7   Thumb Code     0  startup_stm32f407xx.o(.text)
    SPI3_IRQHandler                          0x080001b7   Thumb Code     0  startup_stm32f407xx.o(.text)
    TAMP_STAMP_IRQHandler                    0x080001b7   Thumb Code     0  startup_stm32f407xx.o(.text)
    TIM1_BRK_TIM9_IRQHandler                 0x080001b7   Thumb Code     0  startup_stm32f407xx.o(.text)
    TIM1_CC_IRQHandler                       0x080001b7   Thumb Code     0  startup_stm32f407xx.o(.text)
    TIM1_TRG_COM_TIM11_IRQHandler            0x080001b7   Thumb Code     0  startup_stm32f407xx.o(.text)
    TIM1_UP_TIM10_IRQHandler                 0x080001b7   Thumb Code     0  startup_stm32f407xx.o(.text)
    TIM2_IRQHandler                          0x080001b7   Thumb Code     0  startup_stm32f407xx.o(.text)
    TIM3_IRQHandler                          0x080001b7   Thumb Code     0  startup_stm32f407xx.o(.text)
    TIM4_IRQHandler                          0x080001b7   Thumb Code     0  startup_stm32f407xx.o(.text)
    TIM5_IRQHandler                          0x080001b7   Thumb Code     0  startup_stm32f407xx.o(.text)
    TIM6_DAC_IRQHandler                      0x080001b7   Thumb Code     0  startup_stm32f407xx.o(.text)
    TIM7_IRQHandler                          0x080001b7   Thumb Code     0  startup_stm32f407xx.o(.text)
    TIM8_BRK_TIM12_IRQHandler                0x080001b7   Thumb Code     0  startup_stm32f407xx.o(.text)
    TIM8_CC_IRQHandler                       0x080001b7   Thumb Code     0  startup_stm32f407xx.o(.text)
    TIM8_TRG_COM_TIM14_IRQHandler            0x080001b7   Thumb Code     0  startup_stm32f407xx.o(.text)
    TIM8_UP_TIM13_IRQHandler                 0x080001b7   Thumb Code     0  startup_stm32f407xx.o(.text)
    UART4_IRQHandler                         0x080001b7   Thumb Code     0  startup_stm32f407xx.o(.text)
    UART5_IRQHandler                         0x080001b7   Thumb Code     0  startup_stm32f407xx.o(.text)
    USART1_IRQHandler                        0x080001b7   Thumb Code     0  startup_stm32f407xx.o(.text)
    USART2_IRQHandler                        0x080001b7   Thumb Code     0  startup_stm32f407xx.o(.text)
    USART3_IRQHandler                        0x080001b7   Thumb Code     0  startup_stm32f407xx.o(.text)
    USART6_IRQHandler                        0x080001b7   Thumb Code     0  startup_stm32f407xx.o(.text)
    WWDG_IRQHandler                          0x080001b7   Thumb Code     0  startup_stm32f407xx.o(.text)
    __aeabi_memcpy                           0x080001c1   Thumb Code    36  memcpya.o(.text)
    __aeabi_memcpy4                          0x080001c1   Thumb Code     0  memcpya.o(.text)
    __aeabi_memcpy8                          0x080001c1   Thumb Code     0  memcpya.o(.text)
    __scatterload                            0x080001e5   Thumb Code    28  init.o(.text)
    __scatterload_rt2                        0x080001e5   Thumb Code     0  init.o(.text)
    __decompress                             0x08000209   Thumb Code     0  __dczerorl2.o(.text)
    __decompress1                            0x08000209   Thumb Code    86  __dczerorl2.o(.text)
    BSP_LED_Init                             0x08000261   Thumb Code   204  stm324x9i_eval.o(i.BSP_LED_Init)
    BSP_LED_On                               0x08000339   Thumb Code    24  stm324x9i_eval.o(i.BSP_LED_On)
    BSP_LED_Toggle                           0x08000359   Thumb Code    22  stm324x9i_eval.o(i.BSP_LED_Toggle)
    BSP_PB_Init                              0x08000379   Thumb Code   154  stm324x9i_eval.o(i.BSP_PB_Init)
    BusFault_Handler                         0x0800042d   Thumb Code     4  stm32f4xx_it.o(i.BusFault_Handler)
    DebugMon_Handler                         0x08000431   Thumb Code     2  stm32f4xx_it.o(i.DebugMon_Handler)
    EXTI15_10_IRQHandler                     0x08000433   Thumb Code    10  stm32f4xx_it.o(i.EXTI15_10_IRQHandler)
    HAL_Delay                                0x0800047d   Thumb Code    26  stm32f4xx_hal.o(i.HAL_Delay)
    HAL_GPIO_EXTI_Callback                   0x08000499   Thumb Code   128  usbd_conf.o(i.HAL_GPIO_EXTI_Callback)
    HAL_GPIO_EXTI_IRQHandler                 0x08000525   Thumb Code    24  stm32f4xx_hal_gpio.o(i.HAL_GPIO_EXTI_IRQHandler)
    HAL_GPIO_Init                            0x08000541   Thumb Code   476  stm32f4xx_hal_gpio.o(i.HAL_GPIO_Init)
    HAL_GPIO_TogglePin                       0x0800074d   Thumb Code     8  stm32f4xx_hal_gpio.o(i.HAL_GPIO_TogglePin)
    HAL_GPIO_WritePin                        0x08000755   Thumb Code    12  stm32f4xx_hal_gpio.o(i.HAL_GPIO_WritePin)
    HAL_GetREVID                             0x08000761   Thumb Code     8  stm32f4xx_hal.o(i.HAL_GetREVID)
    HAL_GetTick                              0x0800076d   Thumb Code     6  stm32f4xx_hal.o(i.HAL_GetTick)
    HAL_IncTick                              0x08000779   Thumb Code    12  stm32f4xx_hal.o(i.HAL_IncTick)
    HAL_Init                                 0x08000789   Thumb Code    54  stm32f4xx_hal.o(i.HAL_Init)
    HAL_InitTick                             0x080007c5   Thumb Code    36  stm32f4xx_hal.o(i.HAL_InitTick)
    HAL_MspInit                              0x080007e9   Thumb Code     2  stm32f4xx_hal.o(i.HAL_MspInit)
    HAL_NVIC_EnableIRQ                       0x080007eb   Thumb Code    26  stm32f4xx_hal_cortex.o(i.HAL_NVIC_EnableIRQ)
    HAL_NVIC_SetPriority                     0x08000805   Thumb Code   124  stm32f4xx_hal_cortex.o(i.HAL_NVIC_SetPriority)
    HAL_NVIC_SetPriorityGrouping             0x08000881   Thumb Code    32  stm32f4xx_hal_cortex.o(i.HAL_NVIC_SetPriorityGrouping)
    HAL_PCDEx_SetRxFiFo                      0x080008a9   Thumb Code    10  stm32f4xx_hal_pcd_ex.o(i.HAL_PCDEx_SetRxFiFo)
    HAL_PCDEx_SetTxFiFo                      0x080008b3   Thumb Code    82  stm32f4xx_hal_pcd_ex.o(i.HAL_PCDEx_SetTxFiFo)
    HAL_PCD_ActivateRemoteWakeup             0x08000905   Thumb Code    36  stm32f4xx_hal_pcd.o(i.HAL_PCD_ActivateRemoteWakeup)
    HAL_PCD_ConnectCallback                  0x08000929   Thumb Code    14  usbd_conf.o(i.HAL_PCD_ConnectCallback)
    HAL_PCD_DataInStageCallback              0x08000937   Thumb Code    32  usbd_conf.o(i.HAL_PCD_DataInStageCallback)
    HAL_PCD_DataOutStageCallback             0x08000957   Thumb Code    32  usbd_conf.o(i.HAL_PCD_DataOutStageCallback)
    HAL_PCD_DeActivateRemoteWakeup           0x08000977   Thumb Code    24  stm32f4xx_hal_pcd.o(i.HAL_PCD_DeActivateRemoteWakeup)
    HAL_PCD_DisconnectCallback               0x0800098f   Thumb Code    14  usbd_conf.o(i.HAL_PCD_DisconnectCallback)
    HAL_PCD_EP_Close                         0x0800099d   Thumb Code   106  stm32f4xx_hal_pcd.o(i.HAL_PCD_EP_Close)
    HAL_PCD_EP_ClrStall                      0x08000a07   Thumb Code   104  stm32f4xx_hal_pcd.o(i.HAL_PCD_EP_ClrStall)
    HAL_PCD_EP_Open                          0x08000a6f   Thumb Code   140  stm32f4xx_hal_pcd.o(i.HAL_PCD_EP_Open)
    HAL_PCD_EP_Receive                       0x08000afb   Thumb Code   120  stm32f4xx_hal_pcd.o(i.HAL_PCD_EP_Receive)
    HAL_PCD_EP_SetStall                      0x08000b73   Thumb Code   122  stm32f4xx_hal_pcd.o(i.HAL_PCD_EP_SetStall)
    HAL_PCD_EP_Transmit                      0x08000bed   Thumb Code   122  stm32f4xx_hal_pcd.o(i.HAL_PCD_EP_Transmit)
    HAL_PCD_IRQHandler                       0x08000c67   Thumb Code  1374  stm32f4xx_hal_pcd.o(i.HAL_PCD_IRQHandler)
    HAL_PCD_ISOINIncompleteCallback          0x080011c5   Thumb Code    18  usbd_conf.o(i.HAL_PCD_ISOINIncompleteCallback)
    HAL_PCD_ISOOUTIncompleteCallback         0x080011d7   Thumb Code    18  usbd_conf.o(i.HAL_PCD_ISOOUTIncompleteCallback)
    HAL_PCD_Init                             0x080011e9   Thumb Code   322  stm32f4xx_hal_pcd.o(i.HAL_PCD_Init)
    HAL_PCD_MspInit                          0x0800132d   Thumb Code   674  usbd_conf.o(i.HAL_PCD_MspInit)
    HAL_PCD_ResetCallback                    0x080015f1   Thumb Code    50  usbd_conf.o(i.HAL_PCD_ResetCallback)
    HAL_PCD_ResumeCallback                   0x08001625   Thumb Code    62  usbd_conf.o(i.HAL_PCD_ResumeCallback)
    HAL_PCD_SOFCallback                      0x0800166d   Thumb Code    14  usbd_conf.o(i.HAL_PCD_SOFCallback)
    HAL_PCD_SetAddress                       0x0800167b   Thumb Code    50  stm32f4xx_hal_pcd.o(i.HAL_PCD_SetAddress)
    HAL_PCD_SetupStageCallback               0x080016ad   Thumb Code    18  usbd_conf.o(i.HAL_PCD_SetupStageCallback)
    HAL_PCD_Start                            0x080016bf   Thumb Code    52  stm32f4xx_hal_pcd.o(i.HAL_PCD_Start)
    HAL_PCD_SuspendCallback                  0x080016f5   Thumb Code    54  usbd_conf.o(i.HAL_PCD_SuspendCallback)
    HAL_RCC_ClockConfig                      0x08001735   Thumb Code   412  stm32f4xx_hal_rcc.o(i.HAL_RCC_ClockConfig)
    HAL_RCC_GetHCLKFreq                      0x080018d9   Thumb Code    42  stm32f4xx_hal_rcc.o(i.HAL_RCC_GetHCLKFreq)
    HAL_RCC_GetPCLK1Freq                     0x08001911   Thumb Code    36  stm32f4xx_hal_rcc.o(i.HAL_RCC_GetPCLK1Freq)
    HAL_RCC_GetPCLK2Freq                     0x0800193d   Thumb Code    36  stm32f4xx_hal_rcc.o(i.HAL_RCC_GetPCLK2Freq)
    HAL_RCC_GetSysClockFreq                  0x08001969   Thumb Code   168  stm32f4xx_hal_rcc.o(i.HAL_RCC_GetSysClockFreq)
    HAL_RCC_OscConfig                        0x08001a1d   Thumb Code   906  stm32f4xx_hal_rcc.o(i.HAL_RCC_OscConfig)
    HAL_SYSTICK_Config                       0x08001db9   Thumb Code    52  stm32f4xx_hal_cortex.o(i.HAL_SYSTICK_Config)
    HAL_UART_Init                            0x08001ded   Thumb Code   114  stm32f4xx_hal_uart.o(i.HAL_UART_Init)
    HAL_UART_MspInit                         0x08001e61   Thumb Code   152  stm32f4xx_hal_msp.o(i.HAL_UART_MspInit)
    HAL_UART_Receive                         0x08001f01   Thumb Code   204  stm32f4xx_hal_uart.o(i.HAL_UART_Receive)
    HardFault_Handler                        0x08001fcd   Thumb Code     4  stm32f4xx_it.o(i.HardFault_Handler)
    MemManage_Handler                        0x0800200f   Thumb Code     4  stm32f4xx_it.o(i.MemManage_Handler)
    NMI_Handler                              0x08002013   Thumb Code     2  stm32f4xx_it.o(i.NMI_Handler)
    OTG_FS_IRQHandler                        0x0800204d   Thumb Code    10  stm32f4xx_it.o(i.OTG_FS_IRQHandler)
    OTG_FS_WKUP_IRQHandler                   0x0800205d   Thumb Code   126  stm32f4xx_it.o(i.OTG_FS_WKUP_IRQHandler)
    PendSV_Handler                           0x08002193   Thumb Code     2  stm32f4xx_it.o(i.PendSV_Handler)
    SVC_Handler                              0x08002195   Thumb Code     2  stm32f4xx_it.o(i.SVC_Handler)
    SysTick_Handler                          0x08002199   Thumb Code    58  stm32f4xx_it.o(i.SysTick_Handler)
    SystemClock_Config                       0x0800223d   Thumb Code   178  main.o(i.SystemClock_Config)
    SystemInit                               0x080022fd   Thumb Code    82  system_stm32f4xx.o(i.SystemInit)
    Toggle_Leds                              0x08002361   Thumb Code    28  main.o(i.Toggle_Leds)
    USBD_ClrClassConfig                      0x080027e9   Thumb Code    22  usbd_core.o(i.USBD_ClrClassConfig)
    USBD_CtlContinueRx                       0x08002843   Thumb Code    24  usbd_ioreq.o(i.USBD_CtlContinueRx)
    USBD_CtlContinueSendData                 0x0800285b   Thumb Code    24  usbd_ioreq.o(i.USBD_CtlContinueSendData)
    USBD_CtlError                            0x08002873   Thumb Code    24  usbd_ctlreq.o(i.USBD_CtlError)
    USBD_CtlReceiveStatus                    0x0800288b   Thumb Code    26  usbd_ioreq.o(i.USBD_CtlReceiveStatus)
    USBD_CtlSendData                         0x080028a5   Thumb Code    34  usbd_ioreq.o(i.USBD_CtlSendData)
    USBD_CtlSendStatus                       0x080028c7   Thumb Code    26  usbd_ioreq.o(i.USBD_CtlSendStatus)
    USBD_GetString                           0x08002ad1   Thumb Code    82  usbd_ctlreq.o(i.USBD_GetString)
    USBD_HID_ConfigStrDescriptor             0x08002b25   Thumb Code    34  usbd_desc.o(i.USBD_HID_ConfigStrDescriptor)
    USBD_HID_DeviceDescriptor                0x08002b8d   Thumb Code    10  usbd_desc.o(i.USBD_HID_DeviceDescriptor)
    USBD_HID_GetPollingInterval              0x08002bbd   Thumb Code    16  usbd_hid.o(i.USBD_HID_GetPollingInterval)
    USBD_HID_InterfaceStrDescriptor          0x08002c01   Thumb Code    34  usbd_desc.o(i.USBD_HID_InterfaceStrDescriptor)
    USBD_HID_LangIDStrDescriptor             0x08002c39   Thumb Code    10  usbd_desc.o(i.USBD_HID_LangIDStrDescriptor)
    USBD_HID_ManufacturerStrDescriptor       0x08002c49   Thumb Code    20  usbd_desc.o(i.USBD_HID_ManufacturerStrDescriptor)
    USBD_HID_ProductStrDescriptor            0x08002c75   Thumb Code    34  usbd_desc.o(i.USBD_HID_ProductStrDescriptor)
    USBD_HID_SendReport                      0x08002ccd   Thumb Code    48  usbd_hid.o(i.USBD_HID_SendReport)
    USBD_HID_SerialStrDescriptor             0x08002cfd   Thumb Code    18  usbd_desc.o(i.USBD_HID_SerialStrDescriptor)
    USBD_Init                                0x08002df5   Thumb Code    50  usbd_core.o(i.USBD_Init)
    USBD_LL_ClearStallEP                     0x08002e27   Thumb Code    20  usbd_conf.o(i.USBD_LL_ClearStallEP)
    USBD_LL_CloseEP                          0x08002e3b   Thumb Code    20  usbd_conf.o(i.USBD_LL_CloseEP)
    USBD_LL_DataInStage                      0x08002e4f   Thumb Code   218  usbd_core.o(i.USBD_LL_DataInStage)
    USBD_LL_DataOutStage                     0x08002f29   Thumb Code   134  usbd_core.o(i.USBD_LL_DataOutStage)
    USBD_LL_DevConnected                     0x08002faf   Thumb Code     6  usbd_core.o(i.USBD_LL_DevConnected)
    USBD_LL_DevDisconnected                  0x08002fb5   Thumb Code    26  usbd_core.o(i.USBD_LL_DevDisconnected)
    USBD_LL_Init                             0x08002fd1   Thumb Code    94  usbd_conf.o(i.USBD_LL_Init)
    USBD_LL_IsStallEP                        0x08003035   Thumb Code    56  usbd_conf.o(i.USBD_LL_IsStallEP)
    USBD_LL_IsoINIncomplete                  0x0800306d   Thumb Code     6  usbd_core.o(i.USBD_LL_IsoINIncomplete)
    USBD_LL_IsoOUTIncomplete                 0x08003073   Thumb Code     6  usbd_core.o(i.USBD_LL_IsoOUTIncomplete)
    USBD_LL_OpenEP                           0x08003079   Thumb Code    32  usbd_conf.o(i.USBD_LL_OpenEP)
    USBD_LL_PrepareReceive                   0x08003099   Thumb Code    32  usbd_conf.o(i.USBD_LL_PrepareReceive)
    USBD_LL_Reset                            0x080030b9   Thumb Code    68  usbd_core.o(i.USBD_LL_Reset)
    USBD_LL_Resume                           0x080030fd   Thumb Code    14  usbd_core.o(i.USBD_LL_Resume)
    USBD_LL_SOF                              0x0800310b   Thumb Code    34  usbd_core.o(i.USBD_LL_SOF)
    USBD_LL_SetSpeed                         0x0800312d   Thumb Code     8  usbd_core.o(i.USBD_LL_SetSpeed)
    USBD_LL_SetUSBAddress                    0x08003135   Thumb Code    20  usbd_conf.o(i.USBD_LL_SetUSBAddress)
    USBD_LL_SetupStage                       0x08003149   Thumb Code   110  usbd_core.o(i.USBD_LL_SetupStage)
    USBD_LL_StallEP                          0x080031b7   Thumb Code    20  usbd_conf.o(i.USBD_LL_StallEP)
    USBD_LL_Start                            0x080031cb   Thumb Code    16  usbd_conf.o(i.USBD_LL_Start)
    USBD_LL_Suspend                          0x080031db   Thumb Code    20  usbd_core.o(i.USBD_LL_Suspend)
    USBD_LL_Transmit                         0x080031ef   Thumb Code    32  usbd_conf.o(i.USBD_LL_Transmit)
    USBD_ParseSetupRequest                   0x0800320f   Thumb Code    40  usbd_ctlreq.o(i.USBD_ParseSetupRequest)
    USBD_RegisterClass                       0x08003237   Thumb Code    16  usbd_core.o(i.USBD_RegisterClass)
    USBD_RunTestMode                         0x08003247   Thumb Code     6  usbd_core.o(i.USBD_RunTestMode)
    USBD_SetClassConfig                      0x080032a1   Thumb Code    34  usbd_core.o(i.USBD_SetClassConfig)
    USBD_Start                               0x080033c9   Thumb Code    14  usbd_core.o(i.USBD_Start)
    USBD_StdDevReq                           0x080033d7   Thumb Code   114  usbd_ctlreq.o(i.USBD_StdDevReq)
    USBD_StdEPReq                            0x08003449   Thumb Code   342  usbd_ctlreq.o(i.USBD_StdEPReq)
    USBD_StdItfReq                           0x0800359f   Thumb Code    74  usbd_ctlreq.o(i.USBD_StdItfReq)
    USB_ActivateEndpoint                     0x080035e9   Thumb Code   192  stm32f4xx_ll_usb.o(i.USB_ActivateEndpoint)
    USB_ActivateSetup                        0x080036ad   Thumb Code    68  stm32f4xx_ll_usb.o(i.USB_ActivateSetup)
    USB_CoreInit                             0x080036f1   Thumb Code   108  stm32f4xx_ll_usb.o(i.USB_CoreInit)
    USB_DeactivateEndpoint                   0x080037ad   Thumb Code   162  stm32f4xx_ll_usb.o(i.USB_DeactivateEndpoint)
    USB_DevConnect                           0x08003855   Thumb Code    30  stm32f4xx_ll_usb.o(i.USB_DevConnect)
    USB_DevDisconnect                        0x08003873   Thumb Code    30  stm32f4xx_ll_usb.o(i.USB_DevDisconnect)
    USB_DevInit                              0x08003891   Thumb Code   396  stm32f4xx_ll_usb.o(i.USB_DevInit)
    USB_DisableGlobalInt                     0x08003a2d   Thumb Code    14  stm32f4xx_ll_usb.o(i.USB_DisableGlobalInt)
    USB_EP0StartXfer                         0x08003a3d   Thumb Code   426  stm32f4xx_ll_usb.o(i.USB_EP0StartXfer)
    USB_EP0_OutStart                         0x08003bed   Thumb Code    68  stm32f4xx_ll_usb.o(i.USB_EP0_OutStart)
    USB_EPClearStall                         0x08003c31   Thumb Code   136  stm32f4xx_ll_usb.o(i.USB_EPClearStall)
    USB_EPSetStall                           0x08003cb9   Thumb Code   140  stm32f4xx_ll_usb.o(i.USB_EPSetStall)
    USB_EPStartXfer                          0x08003d45   Thumb Code   714  stm32f4xx_ll_usb.o(i.USB_EPStartXfer)
    USB_EnableGlobalInt                      0x08004015   Thumb Code    14  stm32f4xx_ll_usb.o(i.USB_EnableGlobalInt)
    USB_FlushRxFifo                          0x08004025   Thumb Code    38  stm32f4xx_ll_usb.o(i.USB_FlushRxFifo)
    USB_FlushTxFifo                          0x08004051   Thumb Code    44  stm32f4xx_ll_usb.o(i.USB_FlushTxFifo)
    USB_GetDevSpeed                          0x08004081   Thumb Code    68  stm32f4xx_ll_usb.o(i.USB_GetDevSpeed)
    USB_GetMode                              0x080040c5   Thumb Code    10  stm32f4xx_ll_usb.o(i.USB_GetMode)
    USB_ReadDevAllInEpInterrupt              0x080040cf   Thumb Code    18  stm32f4xx_ll_usb.o(i.USB_ReadDevAllInEpInterrupt)
    USB_ReadDevAllOutEpInterrupt             0x080040e1   Thumb Code    18  stm32f4xx_ll_usb.o(i.USB_ReadDevAllOutEpInterrupt)
    USB_ReadDevInEPInterrupt                 0x080040f3   Thumb Code    44  stm32f4xx_ll_usb.o(i.USB_ReadDevInEPInterrupt)
    USB_ReadDevOutEPInterrupt                0x0800411f   Thumb Code    22  stm32f4xx_ll_usb.o(i.USB_ReadDevOutEPInterrupt)
    USB_ReadInterrupts                       0x08004135   Thumb Code    12  stm32f4xx_ll_usb.o(i.USB_ReadInterrupts)
    USB_ReadPacket                           0x08004141   Thumb Code    34  stm32f4xx_ll_usb.o(i.USB_ReadPacket)
    USB_SetCurrentMode                       0x08004163   Thumb Code    48  stm32f4xx_ll_usb.o(i.USB_SetCurrentMode)
    USB_SetDevAddress                        0x08004193   Thumb Code    36  stm32f4xx_ll_usb.o(i.USB_SetDevAddress)
    USB_SetDevSpeed                          0x080041b7   Thumb Code    16  stm32f4xx_ll_usb.o(i.USB_SetDevSpeed)
    USB_WritePacket                          0x080041c7   Thumb Code    48  stm32f4xx_ll_usb.o(i.USB_WritePacket)
    UsageFault_Handler                       0x080041f7   Thumb Code     4  stm32f4xx_it.o(i.UsageFault_Handler)
    __scatterload_copy                       0x080041fb   Thumb Code    14  handlers.o(i.__scatterload_copy)
    __scatterload_null                       0x08004209   Thumb Code     2  handlers.o(i.__scatterload_null)
    __scatterload_zeroinit                   0x0800420b   Thumb Code    14  handlers.o(i.__scatterload_zeroinit)
    free                                     0x08004219   Thumb Code    76  malloc.o(i.free)
    main                                     0x08004269   Thumb Code   522  main.o(i.main)
    malloc                                   0x080044b5   Thumb Code    92  malloc.o(i.malloc)
    GPIO_PIN                                 0x08004520   Data           8  stm324x9i_eval.o(.constdata)
    BUTTON_PIN                               0x08004528   Data           6  stm324x9i_eval.o(.constdata)
    BUTTON_IRQn                              0x0800452e   Data           6  stm324x9i_eval.o(.constdata)
    COM_TX_PIN                               0x08004534   Data           2  stm324x9i_eval.o(.constdata)
    COM_RX_PIN                               0x08004536   Data           2  stm324x9i_eval.o(.constdata)
    COM_TX_AF                                0x08004538   Data           2  stm324x9i_eval.o(.constdata)
    COM_RX_AF                                0x0800453a   Data           2  stm324x9i_eval.o(.constdata)
    APBAHBPrescTable                         0x0800453c   Data          16  stm32f4xx_hal_rcc.o(.constdata)
    Region$$Table$$Base                      0x0800454c   Number         0  anon$$obj.o(Region$$Table)
    Region$$Table$$Limit                     0x0800456c   Number         0  anon$$obj.o(Region$$Table)
    HID_Desc                                 0x20000000   Data          28  usbd_desc.o(.data)
    USBD_DeviceDesc                          0x2000001c   Data          18  usbd_desc.o(.data)
    USBD_LangIDDesc                          0x20000030   Data           4  usbd_desc.o(.data)
    USBD_StringSerial                        0x20000034   Data          26  usbd_desc.o(.data)
    remotewakeupon                           0x20000050   Data           4  usbd_conf.o(.data)
    HID_Buffer                               0x20000054   Data           4  stm32f4xx_it.o(.data)
    HID_Buffer_Send                          0x20000058   Data           4  stm32f4xx_it.o(.data)
    UartData                                 0x20000060   Data           1  main.o(.data)
    UartDataUnpackState                      0x20000061   Data           1  main.o(.data)
    CheckSum                                 0x20000062   Data           1  main.o(.data)
    MouseInfoFlag                            0x20000063   Data           1  main.o(.data)
    UartRcvCount                             0x20000064   Data           4  main.o(.data)
    UartClick                                0x20000068   Data           1  main.o(.data)
    PackageCount                             0x2000006c   Data           4  main.o(.data)
    SystemCoreClock                          0x20000074   Data           4  system_stm32f4xx.o(.data)
    AHBPrescTable                            0x20000078   Data          16  system_stm32f4xx.o(.data)
    GPIO_PORT                                0x20000088   Data          16  stm324x9i_eval.o(.data)
    BUTTON_PORT                              0x20000098   Data          12  stm324x9i_eval.o(.data)
    COM_USART                                0x200000a4   Data           4  stm324x9i_eval.o(.data)
    COM_TX_PORT                              0x200000a8   Data           4  stm324x9i_eval.o(.data)
    COM_RX_PORT                              0x200000ac   Data           4  stm324x9i_eval.o(.data)
    USBD_HID                                 0x200000b4   Data          56  usbd_hid.o(.data)
    uwTick                                   0x2000015c   Data           4  stm32f4xx_hal.o(.data)
    __microlib_freelist                      0x20000160   Data           4  mvars.o(.data)
    __microlib_freelist_initialised          0x20000164   Data           4  mvars.o(.data)
    USBD_StrDesc                             0x20000168   Data         256  usbd_desc.o(.bss)
    hpcd                                     0x20000268   Data         952  usbd_conf.o(.bss)
    USBD_Device                              0x20000620   Data         548  main.o(.bss)
    UartHandle                               0x20000844   Data          64  main.o(.bss)
    UartBuffer                               0x20000884   Data         200  main.o(.bss)
    __heap_base                              0x20000950   Data           0  startup_stm32f407xx.o(HEAP)
    __heap_limit                             0x20000b50   Data           0  startup_stm32f407xx.o(HEAP)
    __initial_sp                             0x20000f50   Data           0  startup_stm32f407xx.o(STACK)



==============================================================================

Memory Map of the image

  Image Entry point : 0x08000189

  Load Region LR_IROM1 (Base: 0x08000000, Size: 0x000046d4, Max: 0x00100000, ABSOLUTE, COMPRESSED[0x00004638])

    Execution Region ER_IROM1 (Base: 0x08000000, Size: 0x0000456c, Max: 0x00100000, ABSOLUTE)

    Base Addr    Size         Type   Attr      Idx    E Section Name        Object

    0x08000000   0x00000188   Data   RO          632    RESET               startup_stm32f407xx.o
    0x08000188   0x00000000   Code   RO         3517  * .ARM.Collect$$$$00000000  mc_w.l(entry.o)
    0x08000188   0x00000004   Code   RO         3552    .ARM.Collect$$$$00000001  mc_w.l(entry2.o)
    0x0800018c   0x00000004   Code   RO         3555    .ARM.Collect$$$$00000004  mc_w.l(entry5.o)
    0x08000190   0x00000000   Code   RO         3557    .ARM.Collect$$$$00000008  mc_w.l(entry7b.o)
    0x08000190   0x00000000   Code   RO         3559    .ARM.Collect$$$$0000000A  mc_w.l(entry8b.o)
    0x08000190   0x00000008   Code   RO         3560    .ARM.Collect$$$$0000000B  mc_w.l(entry9a.o)
    0x08000198   0x00000000   Code   RO         3562    .ARM.Collect$$$$0000000D  mc_w.l(entry10a.o)
    0x08000198   0x00000000   Code   RO         3564    .ARM.Collect$$$$0000000F  mc_w.l(entry11a.o)
    0x08000198   0x00000004   Code   RO         3553    .ARM.Collect$$$$00002712  mc_w.l(entry2.o)
    0x0800019c   0x00000024   Code   RO          633    .text               startup_stm32f407xx.o
    0x080001c0   0x00000024   Code   RO         3520    .text               mc_w.l(memcpya.o)
    0x080001e4   0x00000024   Code   RO         3568    .text               mc_w.l(init.o)
    0x08000208   0x00000056   Code   RO         3578    .text               mc_w.l(__dczerorl2.o)
    0x0800025e   0x00000002   PAD
    0x08000260   0x000000d8   Code   RO          649    i.BSP_LED_Init      stm324x9i_eval.o
    0x08000338   0x00000020   Code   RO          651    i.BSP_LED_On        stm324x9i_eval.o
    0x08000358   0x00000020   Code   RO          652    i.BSP_LED_Toggle    stm324x9i_eval.o
    0x08000378   0x000000b4   Code   RO          654    i.BSP_PB_Init       stm324x9i_eval.o
    0x0800042c   0x00000004   Code   RO          419    i.BusFault_Handler  stm32f4xx_it.o
    0x08000430   0x00000002   Code   RO          420    i.DebugMon_Handler  stm32f4xx_it.o
    0x08000432   0x0000000a   Code   RO          421    i.EXTI15_10_IRQHandler  stm32f4xx_it.o
    0x0800043c   0x0000000a   Code   RO          521    i.Error_Handler     main.o
    0x08000446   0x00000002   PAD
    0x08000448   0x00000034   Code   RO            4    i.Get_SerialNum     usbd_desc.o
    0x0800047c   0x0000001a   Code   RO         2172    i.HAL_Delay         stm32f4xx_hal.o
    0x08000496   0x00000002   PAD
    0x08000498   0x0000008c   Code   RO          204    i.HAL_GPIO_EXTI_Callback  usbd_conf.o
    0x08000524   0x0000001c   Code   RO         1556    i.HAL_GPIO_EXTI_IRQHandler  stm32f4xx_hal_gpio.o
    0x08000540   0x0000020c   Code   RO         1557    i.HAL_GPIO_Init     stm32f4xx_hal_gpio.o
    0x0800074c   0x00000008   Code   RO         1560    i.HAL_GPIO_TogglePin  stm32f4xx_hal_gpio.o
    0x08000754   0x0000000c   Code   RO         1561    i.HAL_GPIO_WritePin  stm32f4xx_hal_gpio.o
    0x08000760   0x0000000c   Code   RO         2177    i.HAL_GetREVID      stm32f4xx_hal.o
    0x0800076c   0x0000000c   Code   RO         2178    i.HAL_GetTick       stm32f4xx_hal.o
    0x08000778   0x00000010   Code   RO         2179    i.HAL_IncTick       stm32f4xx_hal.o
    0x08000788   0x0000003c   Code   RO         2180    i.HAL_Init          stm32f4xx_hal.o
    0x080007c4   0x00000024   Code   RO         2181    i.HAL_InitTick      stm32f4xx_hal.o
    0x080007e8   0x00000002   Code   RO         2183    i.HAL_MspInit       stm32f4xx_hal.o
    0x080007ea   0x0000001a   Code   RO         2650    i.HAL_NVIC_EnableIRQ  stm32f4xx_hal_cortex.o
    0x08000804   0x0000007c   Code   RO         2656    i.HAL_NVIC_SetPriority  stm32f4xx_hal_cortex.o
    0x08000880   0x00000028   Code   RO         2657    i.HAL_NVIC_SetPriorityGrouping  stm32f4xx_hal_cortex.o
    0x080008a8   0x0000000a   Code   RO         2522    i.HAL_PCDEx_SetRxFiFo  stm32f4xx_hal_pcd_ex.o
    0x080008b2   0x00000052   Code   RO         2523    i.HAL_PCDEx_SetTxFiFo  stm32f4xx_hal_pcd_ex.o
    0x08000904   0x00000024   Code   RO         2775    i.HAL_PCD_ActivateRemoteWakeup  stm32f4xx_hal_pcd.o
    0x08000928   0x0000000e   Code   RO          205    i.HAL_PCD_ConnectCallback  usbd_conf.o
    0x08000936   0x00000020   Code   RO          206    i.HAL_PCD_DataInStageCallback  usbd_conf.o
    0x08000956   0x00000020   Code   RO          207    i.HAL_PCD_DataOutStageCallback  usbd_conf.o
    0x08000976   0x00000018   Code   RO         2779    i.HAL_PCD_DeActivateRemoteWakeup  stm32f4xx_hal_pcd.o
    0x0800098e   0x0000000e   Code   RO          208    i.HAL_PCD_DisconnectCallback  usbd_conf.o
    0x0800099c   0x0000006a   Code   RO         2784    i.HAL_PCD_EP_Close  stm32f4xx_hal_pcd.o
    0x08000a06   0x00000068   Code   RO         2785    i.HAL_PCD_EP_ClrStall  stm32f4xx_hal_pcd.o
    0x08000a6e   0x0000008c   Code   RO         2788    i.HAL_PCD_EP_Open   stm32f4xx_hal_pcd.o
    0x08000afa   0x00000078   Code   RO         2789    i.HAL_PCD_EP_Receive  stm32f4xx_hal_pcd.o
    0x08000b72   0x0000007a   Code   RO         2790    i.HAL_PCD_EP_SetStall  stm32f4xx_hal_pcd.o
    0x08000bec   0x0000007a   Code   RO         2791    i.HAL_PCD_EP_Transmit  stm32f4xx_hal_pcd.o
    0x08000c66   0x0000055e   Code   RO         2793    i.HAL_PCD_IRQHandler  stm32f4xx_hal_pcd.o
    0x080011c4   0x00000012   Code   RO          209    i.HAL_PCD_ISOINIncompleteCallback  usbd_conf.o
    0x080011d6   0x00000012   Code   RO          210    i.HAL_PCD_ISOOUTIncompleteCallback  usbd_conf.o
    0x080011e8   0x00000142   Code   RO         2796    i.HAL_PCD_Init      stm32f4xx_hal_pcd.o
    0x0800132a   0x00000002   PAD
    0x0800132c   0x000002c4   Code   RO          212    i.HAL_PCD_MspInit   usbd_conf.o
    0x080015f0   0x00000032   Code   RO          213    i.HAL_PCD_ResetCallback  usbd_conf.o
    0x08001622   0x00000002   PAD
    0x08001624   0x00000048   Code   RO          214    i.HAL_PCD_ResumeCallback  usbd_conf.o
    0x0800166c   0x0000000e   Code   RO          215    i.HAL_PCD_SOFCallback  usbd_conf.o
    0x0800167a   0x00000032   Code   RO         2802    i.HAL_PCD_SetAddress  stm32f4xx_hal_pcd.o
    0x080016ac   0x00000012   Code   RO          216    i.HAL_PCD_SetupStageCallback  usbd_conf.o
    0x080016be   0x00000034   Code   RO         2804    i.HAL_PCD_Start     stm32f4xx_hal_pcd.o
    0x080016f2   0x00000002   PAD
    0x080016f4   0x00000040   Code   RO          217    i.HAL_PCD_SuspendCallback  usbd_conf.o
    0x08001734   0x000001a4   Code   RO         2418    i.HAL_RCC_ClockConfig  stm32f4xx_hal_rcc.o
    0x080018d8   0x00000038   Code   RO         2423    i.HAL_RCC_GetHCLKFreq  stm32f4xx_hal_rcc.o
    0x08001910   0x0000002c   Code   RO         2425    i.HAL_RCC_GetPCLK1Freq  stm32f4xx_hal_rcc.o
    0x0800193c   0x0000002c   Code   RO         2426    i.HAL_RCC_GetPCLK2Freq  stm32f4xx_hal_rcc.o
    0x08001968   0x000000b4   Code   RO         2427    i.HAL_RCC_GetSysClockFreq  stm32f4xx_hal_rcc.o
    0x08001a1c   0x0000039c   Code   RO         2430    i.HAL_RCC_OscConfig  stm32f4xx_hal_rcc.o
    0x08001db8   0x00000034   Code   RO         2661    i.HAL_SYSTICK_Config  stm32f4xx_hal_cortex.o
    0x08001dec   0x00000072   Code   RO         3294    i.HAL_UART_Init     stm32f4xx_hal_uart.o
    0x08001e5e   0x00000002   PAD
    0x08001e60   0x000000a0   Code   RO          568    i.HAL_UART_MspInit  stm32f4xx_hal_msp.o
    0x08001f00   0x000000cc   Code   RO         3297    i.HAL_UART_Receive  stm32f4xx_hal_uart.o
    0x08001fcc   0x00000004   Code   RO          423    i.HardFault_Handler  stm32f4xx_it.o
    0x08001fd0   0x0000003e   Code   RO            5    i.IntToUnicode      usbd_desc.o
    0x0800200e   0x00000004   Code   RO          424    i.MemManage_Handler  stm32f4xx_it.o
    0x08002012   0x00000002   Code   RO          425    i.NMI_Handler       stm32f4xx_it.o
    0x08002014   0x00000010   Code   RO         2663    i.NVIC_GetPriorityGrouping  stm32f4xx_hal_cortex.o
    0x08002024   0x00000028   Code   RO         2664    i.NVIC_SetPriority  stm32f4xx_hal_cortex.o
    0x0800204c   0x00000010   Code   RO          426    i.OTG_FS_IRQHandler  stm32f4xx_it.o
    0x0800205c   0x00000094   Code   RO          427    i.OTG_FS_WKUP_IRQHandler  stm32f4xx_it.o
    0x080020f0   0x000000a2   Code   RO         2807    i.PCD_WriteEmptyTxFifo  stm32f4xx_hal_pcd.o
    0x08002192   0x00000002   Code   RO          428    i.PendSV_Handler    stm32f4xx_it.o
    0x08002194   0x00000002   Code   RO          429    i.SVC_Handler       stm32f4xx_it.o
    0x08002196   0x00000002   PAD
    0x08002198   0x0000004c   Code   RO          430    i.SysTick_Handler   stm32f4xx_it.o
    0x080021e4   0x00000058   Code   RO          218    i.SystemClockConfig_STOP  usbd_conf.o
    0x0800223c   0x000000c0   Code   RO          522    i.SystemClock_Config  main.o
    0x080022fc   0x00000064   Code   RO          598    i.SystemInit        system_stm32f4xx.o
    0x08002360   0x0000001c   Code   RO          523    i.Toggle_Leds       main.o
    0x0800237c   0x00000368   Code   RO         3314    i.UART_SetConfig    stm32f4xx_hal_uart.o
    0x080026e4   0x00000104   Code   RO         3316    i.UART_WaitOnFlagUntilTimeout  stm32f4xx_hal_uart.o
    0x080027e8   0x00000016   Code   RO         1061    i.USBD_ClrClassConfig  usbd_core.o
    0x080027fe   0x00000044   Code   RO          966    i.USBD_ClrFeature   usbd_ctlreq.o
    0x08002842   0x00000018   Code   RO         1199    i.USBD_CtlContinueRx  usbd_ioreq.o
    0x0800285a   0x00000018   Code   RO         1200    i.USBD_CtlContinueSendData  usbd_ioreq.o
    0x08002872   0x00000018   Code   RO          967    i.USBD_CtlError     usbd_ctlreq.o
    0x0800288a   0x0000001a   Code   RO         1202    i.USBD_CtlReceiveStatus  usbd_ioreq.o
    0x080028a4   0x00000022   Code   RO         1203    i.USBD_CtlSendData  usbd_ioreq.o
    0x080028c6   0x0000001a   Code   RO         1204    i.USBD_CtlSendStatus  usbd_ioreq.o
    0x080028e0   0x00000050   Code   RO          968    i.USBD_GetConfig    usbd_ctlreq.o
    0x08002930   0x00000148   Code   RO          969    i.USBD_GetDescriptor  usbd_ctlreq.o
    0x08002a78   0x00000014   Code   RO          970    i.USBD_GetLen       usbd_ctlreq.o
    0x08002a8c   0x00000044   Code   RO          971    i.USBD_GetStatus    usbd_ctlreq.o
    0x08002ad0   0x00000052   Code   RO          972    i.USBD_GetString    usbd_ctlreq.o
    0x08002b22   0x00000002   PAD
    0x08002b24   0x00000034   Code   RO            6    i.USBD_HID_ConfigStrDescriptor  usbd_desc.o
    0x08002b58   0x0000000c   Code   RO         1259    i.USBD_HID_DataIn   usbd_hid.o
    0x08002b64   0x00000026   Code   RO         1260    i.USBD_HID_DeInit   usbd_hid.o
    0x08002b8a   0x00000002   PAD
    0x08002b8c   0x00000010   Code   RO            7    i.USBD_HID_DeviceDescriptor  usbd_desc.o
    0x08002b9c   0x00000010   Code   RO         1261    i.USBD_HID_GetCfgDesc  usbd_hid.o
    0x08002bac   0x00000010   Code   RO         1262    i.USBD_HID_GetDeviceQualifierDesc  usbd_hid.o
    0x08002bbc   0x00000010   Code   RO         1263    i.USBD_HID_GetPollingInterval  usbd_hid.o
    0x08002bcc   0x00000034   Code   RO         1264    i.USBD_HID_Init     usbd_hid.o
    0x08002c00   0x00000038   Code   RO            8    i.USBD_HID_InterfaceStrDescriptor  usbd_desc.o
    0x08002c38   0x00000010   Code   RO            9    i.USBD_HID_LangIDStrDescriptor  usbd_desc.o
    0x08002c48   0x0000002c   Code   RO           10    i.USBD_HID_ManufacturerStrDescriptor  usbd_desc.o
    0x08002c74   0x00000058   Code   RO           11    i.USBD_HID_ProductStrDescriptor  usbd_desc.o
    0x08002ccc   0x00000030   Code   RO         1265    i.USBD_HID_SendReport  usbd_hid.o
    0x08002cfc   0x00000018   Code   RO           12    i.USBD_HID_SerialStrDescriptor  usbd_desc.o
    0x08002d14   0x000000e0   Code   RO         1266    i.USBD_HID_Setup    usbd_hid.o
    0x08002df4   0x00000032   Code   RO         1063    i.USBD_Init         usbd_core.o
    0x08002e26   0x00000014   Code   RO          219    i.USBD_LL_ClearStallEP  usbd_conf.o
    0x08002e3a   0x00000014   Code   RO          220    i.USBD_LL_CloseEP   usbd_conf.o
    0x08002e4e   0x000000da   Code   RO         1064    i.USBD_LL_DataInStage  usbd_core.o
    0x08002f28   0x00000086   Code   RO         1065    i.USBD_LL_DataOutStage  usbd_core.o
    0x08002fae   0x00000006   Code   RO         1066    i.USBD_LL_DevConnected  usbd_core.o
    0x08002fb4   0x0000001a   Code   RO         1067    i.USBD_LL_DevDisconnected  usbd_core.o
    0x08002fce   0x00000002   PAD
    0x08002fd0   0x00000064   Code   RO          225    i.USBD_LL_Init      usbd_conf.o
    0x08003034   0x00000038   Code   RO          226    i.USBD_LL_IsStallEP  usbd_conf.o
    0x0800306c   0x00000006   Code   RO         1068    i.USBD_LL_IsoINIncomplete  usbd_core.o
    0x08003072   0x00000006   Code   RO         1069    i.USBD_LL_IsoOUTIncomplete  usbd_core.o
    0x08003078   0x00000020   Code   RO          227    i.USBD_LL_OpenEP    usbd_conf.o
    0x08003098   0x00000020   Code   RO          228    i.USBD_LL_PrepareReceive  usbd_conf.o
    0x080030b8   0x00000044   Code   RO         1070    i.USBD_LL_Reset     usbd_core.o
    0x080030fc   0x0000000e   Code   RO         1071    i.USBD_LL_Resume    usbd_core.o
    0x0800310a   0x00000022   Code   RO         1072    i.USBD_LL_SOF       usbd_core.o
    0x0800312c   0x00000008   Code   RO         1073    i.USBD_LL_SetSpeed  usbd_core.o
    0x08003134   0x00000014   Code   RO          229    i.USBD_LL_SetUSBAddress  usbd_conf.o
    0x08003148   0x0000006e   Code   RO         1074    i.USBD_LL_SetupStage  usbd_core.o
    0x080031b6   0x00000014   Code   RO          230    i.USBD_LL_StallEP   usbd_conf.o
    0x080031ca   0x00000010   Code   RO          231    i.USBD_LL_Start     usbd_conf.o
    0x080031da   0x00000014   Code   RO         1075    i.USBD_LL_Suspend   usbd_core.o
    0x080031ee   0x00000020   Code   RO          233    i.USBD_LL_Transmit  usbd_conf.o
    0x0800320e   0x00000028   Code   RO          973    i.USBD_ParseSetupRequest  usbd_ctlreq.o
    0x08003236   0x00000010   Code   RO         1076    i.USBD_RegisterClass  usbd_core.o
    0x08003246   0x00000006   Code   RO         1077    i.USBD_RunTestMode  usbd_core.o
    0x0800324c   0x00000054   Code   RO          974    i.USBD_SetAddress   usbd_ctlreq.o
    0x080032a0   0x00000022   Code   RO         1078    i.USBD_SetClassConfig  usbd_core.o
    0x080032c2   0x00000002   PAD
    0x080032c4   0x000000e0   Code   RO          975    i.USBD_SetConfig    usbd_ctlreq.o
    0x080033a4   0x00000024   Code   RO          976    i.USBD_SetFeature   usbd_ctlreq.o
    0x080033c8   0x0000000e   Code   RO         1079    i.USBD_Start        usbd_core.o
    0x080033d6   0x00000072   Code   RO          977    i.USBD_StdDevReq    usbd_ctlreq.o
    0x08003448   0x00000156   Code   RO          978    i.USBD_StdEPReq     usbd_ctlreq.o
    0x0800359e   0x0000004a   Code   RO          979    i.USBD_StdItfReq    usbd_ctlreq.o
    0x080035e8   0x000000c4   Code   RO         2991    i.USB_ActivateEndpoint  stm32f4xx_ll_usb.o
    0x080036ac   0x00000044   Code   RO         2992    i.USB_ActivateSetup  stm32f4xx_ll_usb.o
    0x080036f0   0x00000070   Code   RO         2994    i.USB_CoreInit      stm32f4xx_ll_usb.o
    0x08003760   0x0000004c   Code   RO         2995    i.USB_CoreReset     stm32f4xx_ll_usb.o
    0x080037ac   0x000000a8   Code   RO         2997    i.USB_DeactivateEndpoint  stm32f4xx_ll_usb.o
    0x08003854   0x0000001e   Code   RO         2998    i.USB_DevConnect    stm32f4xx_ll_usb.o
    0x08003872   0x0000001e   Code   RO         2999    i.USB_DevDisconnect  stm32f4xx_ll_usb.o
    0x08003890   0x0000019c   Code   RO         3000    i.USB_DevInit       stm32f4xx_ll_usb.o
    0x08003a2c   0x0000000e   Code   RO         3001    i.USB_DisableGlobalInt  stm32f4xx_ll_usb.o
    0x08003a3a   0x00000002   PAD
    0x08003a3c   0x000001b0   Code   RO         3004    i.USB_EP0StartXfer  stm32f4xx_ll_usb.o
    0x08003bec   0x00000044   Code   RO         3005    i.USB_EP0_OutStart  stm32f4xx_ll_usb.o
    0x08003c30   0x00000088   Code   RO         3006    i.USB_EPClearStall  stm32f4xx_ll_usb.o
    0x08003cb8   0x0000008c   Code   RO         3007    i.USB_EPSetStall    stm32f4xx_ll_usb.o
    0x08003d44   0x000002d0   Code   RO         3008    i.USB_EPStartXfer   stm32f4xx_ll_usb.o
    0x08004014   0x0000000e   Code   RO         3009    i.USB_EnableGlobalInt  stm32f4xx_ll_usb.o
    0x08004022   0x00000002   PAD
    0x08004024   0x0000002c   Code   RO         3010    i.USB_FlushRxFifo   stm32f4xx_ll_usb.o
    0x08004050   0x00000030   Code   RO         3011    i.USB_FlushTxFifo   stm32f4xx_ll_usb.o
    0x08004080   0x00000044   Code   RO         3013    i.USB_GetDevSpeed   stm32f4xx_ll_usb.o
    0x080040c4   0x0000000a   Code   RO         3015    i.USB_GetMode       stm32f4xx_ll_usb.o
    0x080040ce   0x00000012   Code   RO         3022    i.USB_ReadDevAllInEpInterrupt  stm32f4xx_ll_usb.o
    0x080040e0   0x00000012   Code   RO         3023    i.USB_ReadDevAllOutEpInterrupt  stm32f4xx_ll_usb.o
    0x080040f2   0x0000002c   Code   RO         3024    i.USB_ReadDevInEPInterrupt  stm32f4xx_ll_usb.o
    0x0800411e   0x00000016   Code   RO         3025    i.USB_ReadDevOutEPInterrupt  stm32f4xx_ll_usb.o
    0x08004134   0x0000000c   Code   RO         3026    i.USB_ReadInterrupts  stm32f4xx_ll_usb.o
    0x08004140   0x00000022   Code   RO         3027    i.USB_ReadPacket    stm32f4xx_ll_usb.o
    0x08004162   0x00000030   Code   RO         3029    i.USB_SetCurrentMode  stm32f4xx_ll_usb.o
    0x08004192   0x00000024   Code   RO         3030    i.USB_SetDevAddress  stm32f4xx_ll_usb.o
    0x080041b6   0x00000010   Code   RO         3031    i.USB_SetDevSpeed   stm32f4xx_ll_usb.o
    0x080041c6   0x00000030   Code   RO         3034    i.USB_WritePacket   stm32f4xx_ll_usb.o
    0x080041f6   0x00000004   Code   RO          431    i.UsageFault_Handler  stm32f4xx_it.o
    0x080041fa   0x0000000e   Code   RO         3572    i.__scatterload_copy  mc_w.l(handlers.o)
    0x08004208   0x00000002   Code   RO         3573    i.__scatterload_null  mc_w.l(handlers.o)
    0x0800420a   0x0000000e   Code   RO         3574    i.__scatterload_zeroinit  mc_w.l(handlers.o)
    0x08004218   0x00000050   Code   RO         3524    i.free              mc_w.l(malloc.o)
    0x08004268   0x0000024c   Code   RO          524    i.main              main.o
    0x080044b4   0x0000006c   Code   RO         3525    i.malloc            mc_w.l(malloc.o)
    0x08004520   0x0000001c   Data   RO          681    .constdata          stm324x9i_eval.o
    0x0800453c   0x00000010   Data   RO         2431    .constdata          stm32f4xx_hal_rcc.o
    0x0800454c   0x00000020   Data   RO         3570    Region$$Table       anon$$obj.o


    Execution Region RW_IRAM1 (Base: 0x20000000, Size: 0x00000f50, Max: 0x00020000, ABSOLUTE, COMPRESSED[0x000000cc])

    Base Addr    Size         Type   Attr      Idx    E Section Name        Object

    0x20000000   0x0000004e   Data   RW           14    .data               usbd_desc.o
    0x2000004e   0x00000002   PAD
    0x20000050   0x00000004   Data   RW          235    .data               usbd_conf.o
    0x20000054   0x0000000c   Data   RW          432    .data               stm32f4xx_it.o
    0x20000060   0x00000014   Data   RW          526    .data               main.o
    0x20000074   0x00000014   Data   RW          599    .data               system_stm32f4xx.o
    0x20000088   0x00000029   Data   RW          682    .data               stm324x9i_eval.o
    0x200000b1   0x00000001   Data   RW          980    .data               usbd_ctlreq.o
    0x200000b2   0x00000002   PAD
    0x200000b4   0x000000a8   Data   RW         1267    .data               usbd_hid.o
    0x2000015c   0x00000004   Data   RW         2186    .data               stm32f4xx_hal.o
    0x20000160   0x00000004   Data   RW         3566    .data               mc_w.l(mvars.o)
    0x20000164   0x00000004   Data   RW         3567    .data               mc_w.l(mvars.o)
    0x20000168   0x00000100   Zero   RW           13    .bss                usbd_desc.o
    0x20000268   0x000003b8   Zero   RW          234    .bss                usbd_conf.o
    0x20000620   0x0000032c   Zero   RW          525    .bss                main.o
    0x2000094c   0x00000004   PAD
    0x20000950   0x00000200   Zero   RW          631    HEAP                startup_stm32f407xx.o
    0x20000b50   0x00000400   Zero   RW          630    STACK               startup_stm32f407xx.o


==============================================================================

Image component sizes


      Code (inc. data)   RO Data    RW Data    ZI Data      Debug   Object Name

       818         90          0         20        812       3836   main.o
        36          8        392          0       1536        880   startup_stm32f407xx.o
       460         56         28         41          0       5583   stm324x9i_eval.o
       164         20          0          4          0       6188   stm32f4xx_hal.o
       298         22          0          0          0      31655   stm32f4xx_hal_cortex.o
       572         52          0          0          0       4208   stm32f4xx_hal_gpio.o
       160          8          0          0          0       1183   stm32f4xx_hal_msp.o
      2734          0          0          0          0      13033   stm32f4xx_hal_pcd.o
        92          0          0          0          0       2164   stm32f4xx_hal_pcd_ex.o
      1668         68         16          0          0       6563   stm32f4xx_hal_rcc.o
      1450          8          0          0          0       4327   stm32f4xx_hal_uart.o
       274         46          0         12          0       7424   stm32f4xx_it.o
      3082         58          0          0          0      23798   stm32f4xx_ll_usb.o
       100         18          0         20          0       1349   system_stm32f4xx.o
      1630         80          0          4        952      22683   usbd_conf.o
       792          0          0          0          0      14849   usbd_core.o
      1584         30          0          1          0      12480   usbd_ctlreq.o
       410        146          0         78        256     374526   usbd_desc.o
       422         20          0        168          0       8755   usbd_hid.o
       134          0          0          0          0       4596   usbd_ioreq.o

    ----------------------------------------------------------------------
     16906        730        468        352       3560     550080   Object Totals
         0          0         32          0          0          0   (incl. Generated)
        26          0          0          4          4          0   (incl. Padding)

    ----------------------------------------------------------------------

      Code (inc. data)   RO Data    RW Data    ZI Data      Debug   Library Member Name

        86          0          0          0          0          0   __dczerorl2.o
         0          0          0          0          0          0   entry.o
         0          0          0          0          0          0   entry10a.o
         0          0          0          0          0          0   entry11a.o
         8          4          0          0          0          0   entry2.o
         4          0          0          0          0          0   entry5.o
         0          0          0          0          0          0   entry7b.o
         0          0          0          0          0          0   entry8b.o
         8          4          0          0          0          0   entry9a.o
        30          0          0          0          0          0   handlers.o
        36          8          0          0          0         68   init.o
       188         20          0          0          0        160   malloc.o
        36          0          0          0          0         68   memcpya.o
         0          0          0          8          0          0   mvars.o

    ----------------------------------------------------------------------
       398         36          0          8          0        296   Library Totals
         2          0          0          0          0          0   (incl. Padding)

    ----------------------------------------------------------------------

      Code (inc. data)   RO Data    RW Data    ZI Data      Debug   Library Name

       396         36          0          8          0        296   mc_w.l

    ----------------------------------------------------------------------
       398         36          0          8          0        296   Library Totals

    ----------------------------------------------------------------------

==============================================================================


      Code (inc. data)   RO Data    RW Data    ZI Data      Debug   

     17304        766        468        360       3560     534056   Grand Totals
     17304        766        468        204       3560     534056   ELF Image Totals (compressed)
     17304        766        468        204          0          0   ROM Totals

==============================================================================

    Total RO  Size (Code + RO Data)                17772 (  17.36kB)
    Total RW  Size (RW Data + ZI Data)              3920 (   3.83kB)
    Total ROM Size (Code + RO Data + RW Data)      17976 (  17.55kB)

==============================================================================

